Component: ARM Compiler 5.06 update 6 (build 750) Tool: armlink [4d35ed]

==============================================================================

Section Cross References

    main.o(i.main) refers to task_sysinit.o(i.Task_Sys_Init) for Task_Sys_Init
    main.o(i.main) refers to task_userinit.o(i.Task_UserInit) for Task_UserInit
    main.o(i.main) refers to usercode.o(i.UserLogic_Code) for UserLogic_Code
    usercode.o(i.Relay_Control) refers to stm32f1xx_hal_gpio.o(i.HAL_GPIO_WritePin) for HAL_GPIO_WritePin
    usercode.o(i.ShumeiLiveCheck) refers to drv_hal_timer.o(i.Drv_Timer_Disable) for Drv_Timer_Disable
    usercode.o(i.ShumeiLiveCheck) refers to printfa.o(i.__0printf) for __2printf
    usercode.o(i.ShumeiLiveCheck) refers to drv_hal_uart.o(i.Drv_Uart_Transmit) for Drv_Uart_Transmit
    usercode.o(i.ShumeiLiveCheck) refers to usercode.o(.data) for Timeflag_2S
    usercode.o(i.ShumeiLiveCheck) refers to config.o(.data) for tTimer6
    usercode.o(i.ShumeiLiveCheck) refers to task_tkc.o(.data) for TuikongStopFlag
    usercode.o(i.UserLogic_Code) refers to usercode.o(i.Relay_Control) for Relay_Control
    usercode.o(i.UserLogic_Code) refers to task_uart.o(i.Receive_DMA) for Receive_DMA
    usercode.o(i.UserLogic_Code) refers to task_tkc.o(i.TuikongData_Analysis) for TuikongData_Analysis
    usercode.o(i.UserLogic_Code) refers to task_smp.o(i.ShumeiData_Analysis) for ShumeiData_Analysis
    usercode.o(i.UserLogic_Code) refers to task_manipulator.o(i.Manipulator_Analysis) for Manipulator_Analysis
    usercode.o(i.UserLogic_Code) refers to task_voltage.o(i.CH438Q_Analysis) for CH438Q_Analysis
    usercode.o(i.UserLogic_Code) refers to task_depthometer.o(i.Depthometer_Analysis) for Depthometer_Analysis
    usercode.o(i.UserLogic_Code) refers to task_adcollect.o(i.Mag_data_getL) for Mag_data_getL
    usercode.o(i.UserLogic_Code) refers to d2f.o(.text) for __aeabi_d2f
    usercode.o(i.UserLogic_Code) refers to task_tkc.o(i.TuikongData_Send) for TuikongData_Send
    usercode.o(i.UserLogic_Code) refers to task_smp.o(i.ShumeiData_Send) for ShumeiData_Send
    usercode.o(i.UserLogic_Code) refers to task_depthometer.o(i.Depthometer_Send) for Depthometer_Send
    usercode.o(i.UserLogic_Code) refers to task_voltage.o(i.Highvoltage_Send) for Highvoltage_Send
    usercode.o(i.UserLogic_Code) refers to task_voltage.o(i.Lowvoltage_Send) for Lowvoltage_Send
    usercode.o(i.UserLogic_Code) refers to task_smp.o(.bss) for Uplink_Data
    usercode.o(i.UserLogic_Code) refers to task_tkc.o(.bss) for Downlink_Data
    usercode.o(i.UserLogic_Code) refers to usercode.o(.data) for Timeflag_100MS
    task_irq.o(i.DMA1_Channel4_IRQHandler) refers to stm32f1xx_hal_dma.o(i.HAL_DMA_IRQHandler) for HAL_DMA_IRQHandler
    task_irq.o(i.DMA1_Channel4_IRQHandler) refers to config.o(.data) for tSMP_Uart
    task_irq.o(i.DMA1_Channel7_IRQHandler) refers to stm32f1xx_hal_dma.o(i.HAL_DMA_IRQHandler) for HAL_DMA_IRQHandler
    task_irq.o(i.DMA1_Channel7_IRQHandler) refers to config.o(.data) for tTKC_Uart
    task_irq.o(i.EXTI0_IRQHandler) refers to drv_hal_gpio.o(i.Drv_GPIO_EXTI_IRQHandler) for Drv_GPIO_EXTI_IRQHandler
    task_irq.o(i.EXTI0_IRQHandler) refers to config.o(.data) for tCH438Q_EXIT_GPIO
    task_irq.o(i.EXTI15_10_IRQHandler) refers to task_irq.o(i.Task_EXTI15_10_IRQHandler) for Task_EXTI15_10_IRQHandler
    task_irq.o(i.EXTI9_5_IRQHandler) refers to task_irq.o(i.Task_EXTI9_5_IRQHandler) for Task_EXTI9_5_IRQHandler
    task_irq.o(i.TIM2_IRQHandler) refers to drv_hal_timer.o(i.Drv_Timer_IRQHandler) for Drv_Timer_IRQHandler
    task_irq.o(i.TIM2_IRQHandler) refers to config.o(.data) for tTimer2
    task_irq.o(i.TIM2_IRQHandler) refers to usercode.o(.data) for Timeflag_500MS
    task_irq.o(i.TIM3_IRQHandler) refers to drv_hal_timer.o(i.Drv_Timer_IRQHandler) for Drv_Timer_IRQHandler
    task_irq.o(i.TIM3_IRQHandler) refers to config.o(.data) for tTimer3
    task_irq.o(i.TIM3_IRQHandler) refers to usercode.o(.data) for Timeflag_100MS
    task_irq.o(i.TIM4_IRQHandler) refers to drv_hal_timer.o(i.Drv_Timer_IRQHandler) for Drv_Timer_IRQHandler
    task_irq.o(i.TIM4_IRQHandler) refers to config.o(.data) for tTimer4
    task_irq.o(i.TIM4_IRQHandler) refers to usercode.o(.data) for Timeflag_800MS
    task_irq.o(i.TIM6_IRQHandler) refers to drv_hal_timer.o(i.Drv_Timer_IRQHandler) for Drv_Timer_IRQHandler
    task_irq.o(i.TIM6_IRQHandler) refers to config.o(.data) for tTimer6
    task_irq.o(i.TIM6_IRQHandler) refers to usercode.o(.data) for Timeflag_2S
    task_irq.o(i.UART4_IRQHandler) refers to drv_hal_uart.o(i.Drv_Uart_IRQHandler) for Drv_Uart_IRQHandler
    task_irq.o(i.UART4_IRQHandler) refers to drv_hal_uart.o(i.Drv_Uart_DMA_RxHandler) for Drv_Uart_DMA_RxHandler
    task_irq.o(i.UART4_IRQHandler) refers to config.o(.data) for tDepthometer_Uart
    task_irq.o(i.USART1_IRQHandler) refers to drv_hal_uart.o(i.Drv_Uart_IRQHandler) for Drv_Uart_IRQHandler
[...]
    i._printf_core                           0x080068a0   Section        0  printfa.o(i._printf_core)
    _printf_core                             0x080068a1   Thumb Code  1744  printfa.o(i._printf_core)
    i._printf_post_padding                   0x08006f7c   Section        0  printfa.o(i._printf_post_padding)
    _printf_post_padding                     0x08006f7d   Thumb Code    36  printfa.o(i._printf_post_padding)
    i._printf_pre_padding                    0x08006fa0   Section        0  printfa.o(i._printf_pre_padding)
    _printf_pre_padding                      0x08006fa1   Thumb Code    46  printfa.o(i._printf_pre_padding)
    i._snputc                                0x08006fce   Section        0  printfa.o(i._snputc)
    _snputc                                  0x08006fcf   Thumb Code    22  printfa.o(i._snputc)
    i._sputc                                 0x08006fe4   Section        0  printfa.o(i._sputc)
    _sputc                                   0x08006fe5   Thumb Code    10  printfa.o(i._sputc)
    i.cm_backtrace_call_stack                0x08006ff0   Section        0  cm_backtrace.o(i.cm_backtrace_call_stack)
    i.cm_backtrace_fault                     0x080070dc   Section        0  cm_backtrace.o(i.cm_backtrace_fault)
    i.cm_backtrace_firmware_info             0x08007360   Section        0  cm_backtrace.o(i.cm_backtrace_firmware_info)
    i.cm_backtrace_init                      0x0800738c   Section        0  cm_backtrace.o(i.cm_backtrace_init)
    i.disassembly_ins_is_bl_blx              0x0800742c   Section        0  cm_backtrace.o(i.disassembly_ins_is_bl_blx)
    disassembly_ins_is_bl_blx                0x0800742d   Thumb Code    48  cm_backtrace.o(i.disassembly_ins_is_bl_blx)
    i.dump_stack                             0x0800745c   Section        0  cm_backtrace.o(i.dump_stack)
    dump_stack                               0x0800745d   Thumb Code   136  cm_backtrace.o(i.dump_stack)
    i.fault_diagnosis                        0x08007538   Section        0  cm_backtrace.o(i.fault_diagnosis)
    fault_diagnosis                          0x08007539   Thumb Code   712  cm_backtrace.o(i.fault_diagnosis)
    i.fputc                                  0x0800780c   Section        0  drv_hal.o(i.fputc)
    i.main                                   0x08007840   Section        0  main.o(i.main)
    i.malloc                                 0x08007854   Section        0  malloc.o(i.malloc)
    i.print_call_stack                       0x080078c0   Section        0  cm_backtrace.o(i.print_call_stack)
    print_call_stack                         0x080078c1   Thumb Code   118  cm_backtrace.o(i.print_call_stack)
    i.sqrt                                   0x08007958   Section        0  sqrt.o(i.sqrt)
    .constdata                               0x080079a4   Section       14  task_userinit.o(.constdata)
    __FUNCTION__                             0x080079a4   Data          14  task_userinit.o(.constdata)
    .constdata                               0x080079b2   Section       14  task_adcollect.o(.constdata)
    __FUNCTION__                             0x080079b2   Data          14  task_adcollect.o(.constdata)
    .constdata                               0x080079c0   Section       16  ocd_ch438q.o(.constdata)
    .constdata                               0x080079d0   Section      224  cm_backtrace.o(.constdata)
    print_info                               0x080079d0   Data         152  cm_backtrace.o(.constdata)
    __FUNCTION__                             0x08007a68   Data          20  cm_backtrace.o(.constdata)
    __FUNCTION__                             0x08007a7c   Data          19  cm_backtrace.o(.constdata)
    .constdata                               0x08007ab0   Section       24  system_stm32f1xx.o(.constdata)
    .conststring                             0x08007ac8   Section     2244  cm_backtrace.o(.conststring)
    .data                                    0x20000000   Section       91  usercode.o(.data)
    .data                                    0x20000060   Section     3280  config.o(.data)
    .data                                    0x20000d30   Section       16  task_uart.o(.data)
    .data                                    0x20000d40   Section       25  task_depthometer.o(.data)
    .data                                    0x20000d59   Section       13  task_manipulator.o(.data)
    .data                                    0x20000d66   Section        2  task_smp.o(.data)
    .data                                    0x20000d68   Section        3  task_tkc.o(.data)
    .data                                    0x20000d6b   Section       17  task_voltage.o(.data)
    .data                                    0x20000d7c   Section        1  ocd_ch438q.o(.data)
    .data                                    0x20000d80   Section       20  cm_backtrace.o(.data)
    main_stack_start_addr                    0x20000d80   Data           4  cm_backtrace.o(.data)
    main_stack_size                          0x20000d84   Data           4  cm_backtrace.o(.data)
    code_start_addr                          0x20000d88   Data           4  cm_backtrace.o(.data)
    code_size                                0x20000d8c   Data           4  cm_backtrace.o(.data)
    init_ok                                  0x20000d90   Data           1  cm_backtrace.o(.data)
    on_fault                                 0x20000d91   Data           1  cm_backtrace.o(.data)
    stack_is_overflow                        0x20000d92   Data           1  cm_backtrace.o(.data)
    on_thread_before_fault                   0x20000d93   Data           1  cm_backtrace.o(.data)
    .data                                    0x20000d94   Section        4  drv_hal.o(.data)
    .data                                    0x20000d98   Section        9  stm32f1xx_hal.o(.data)
    .data                                    0x20000da4   Section        4  system_stm32f1xx.o(.data)
    .data                                    0x20000da8   Section      660  ocd_ad24bit.o(.data)
    .data                                    0x2000103c   Section        4  mvars.o(.data)
    .data                                    0x20001040   Section        4  mvars.o(.data)
    .data                                    0x20001044   Section        4  errno.o(.data)
    _errno                                   0x20001044   Data           4  errno.o(.data)
    .bss                                     0x20001048   Section      240  task_uart.o(.bss)
    s_ucRxUart1                              0x20001048   Data         100  task_uart.o(.bss)
    s_ucRxUart2                              0x200010ac   Data         100  task_uart.o(.bss)
    s_ucRxUart3                              0x20001110   Data          20  task_uart.o(.bss)
    s_ucRxUart4                              0x20001124   Data          20  task_uart.o(.bss)
    .bss                                     0x20001138   Section       20  task_depthometer.o(.bss)
    .bss                                     0x2000114c   Section       20  task_manipulator.o(.bss)
    .bss                                     0x20001160   Section      342  task_smp.o(.bss)
    .bss                                     0x200012b8   Section      136  task_tkc.o(.bss)
    .bss                                     0x20001340   Section       50  task_voltage.o(.bss)
    .bss                                     0x20001372   Section       50  ocd_ch438q.o(.bss)
    .bss                                     0x200013a4   Section      456  cm_backtrace.o(.bss)
    fw_name                                  0x200013a4   Data          33  cm_backtrace.o(.bss)
    hw_ver                                   0x200013c5   Data          33  cm_backtrace.o(.bss)
    sw_ver                                   0x200013e6   Data          33  cm_backtrace.o(.bss)
    call_stack_info                          0x20001407   Data         288  cm_backtrace.o(.bss)
    regs                                     0x20001528   Data          68  cm_backtrace.o(.bss)
    .bss                                     0x2000156c   Section      256  drv_hal.o(.bss)
    s_cpOutput                               0x2000156c   Data         256  drv_hal.o(.bss)
    HEAP                                     0x20001670   Section      512  startup_stm32f103xe.o(HEAP)
    STACK                                    0x20001870   Section     1024  startup_stm32f103xe.o(STACK)

    Global Symbols

    Symbol Name                              Value     Ov Type        Size  Object(Section)

    BuildAttributes$$THM_ISAv4$P$D$K$B$S$PE$A:L22UL41UL21$X:L11$S22US41US21$IEEE1$IW$USESV6$~STKCKD$USESV7$~SHL$OTIME$ROPI$IEEEJ$EBA8$MICROLIB$REQ8$PRES8$EABIv2 0x00000000   Number         0  anon$$obj.o ABSOLUTE
    __ARM_use_no_argv                        0x00000000   Number         0  main.o ABSOLUTE
    __use_no_errno                           0x00000000   Number         0  useno.o ABSOLUTE
    __use_no_exception_handling              0x00000000   Number         0  useno.o ABSOLUTE
    __use_no_fp                              0x00000000   Number         0  useno.o ABSOLUTE
    __use_no_heap                            0x00000000   Number         0  useno.o ABSOLUTE
    __use_no_heap_region                     0x00000000   Number         0  useno.o ABSOLUTE
    __use_no_semihosting                     0x00000000   Number         0  useno.o ABSOLUTE
    __use_no_semihosting_swi                 0x00000000   Number         0  useno.o ABSOLUTE
    __use_no_signal_handling                 0x00000000   Number         0  useno.o ABSOLUTE
    _printf_a                                0x00000000   Number         0  stubs.o ABSOLUTE
    _printf_c                                0x00000000   Number         0  stubs.o ABSOLUTE
    _printf_charcount                        0x00000000   Number         0  stubs.o ABSOLUTE
    _printf_d                                0x00000000   Number         0  stubs.o ABSOLUTE
    _printf_e                                0x00000000   Number         0  stubs.o ABSOLUTE
    _printf_f                                0x00000000   Number         0  stubs.o ABSOLUTE
    _printf_flags                            0x00000000   Number         0  stubs.o ABSOLUTE
    _printf_fp_dec                           0x00000000   Number         0  stubs.o ABSOLUTE
    _printf_fp_hex                           0x00000000   Number         0  stubs.o ABSOLUTE
    _printf_g                                0x00000000   Number         0  stubs.o ABSOLUTE
    _printf_i                                0x00000000   Number         0  stubs.o ABSOLUTE
    _printf_int_dec                          0x00000000   Number         0  stubs.o ABSOLUTE
    _printf_l                                0x00000000   Number         0  stubs.o ABSOLUTE
    _printf_lc                               0x00000000   Number         0  stubs.o ABSOLUTE
    _printf_ll                               0x00000000   Number         0  stubs.o ABSOLUTE
    _printf_lld                              0x00000000   Number         0  stubs.o ABSOLUTE
    _printf_lli                              0x00000000   Number         0  stubs.o ABSOLUTE
    _printf_llo                              0x00000000   Number         0  stubs.o ABSOLUTE
    _printf_llu                              0x00000000   Number         0  stubs.o ABSOLUTE
    _printf_llx                              0x00000000   Number         0  stubs.o ABSOLUTE
    _printf_longlong_dec                     0x00000000   Number         0  stubs.o ABSOLUTE
    _printf_longlong_hex                     0x00000000   Number         0  stubs.o ABSOLUTE
    _printf_longlong_oct                     0x00000000   Number         0  stubs.o ABSOLUTE
    _printf_ls                               0x00000000   Number         0  stubs.o ABSOLUTE
    _printf_mbtowc                           0x00000000   Number         0  stubs.o ABSOLUTE
    _printf_n                                0x00000000   Number         0  stubs.o ABSOLUTE
    _printf_o                                0x00000000   Number         0  stubs.o ABSOLUTE
    _printf_p                                0x00000000   Number         0  stubs.o ABSOLUTE
    _printf_percent                          0x00000000   Number         0  stubs.o ABSOLUTE
    _printf_pre_padding                      0x00000000   Number         0  stubs.o ABSOLUTE
    _printf_return_value                     0x00000000   Number         0  stubs.o ABSOLUTE
    _printf_s                                0x00000000   Number         0  stubs.o ABSOLUTE
    _printf_sizespec                         0x00000000   Number         0  stubs.o ABSOLUTE
    _printf_str                              0x00000000   Number         0  stubs.o ABSOLUTE
    _printf_truncate_signed                  0x00000000   Number         0  stubs.o ABSOLUTE
    _printf_truncate_unsigned                0x00000000   Number         0  stubs.o ABSOLUTE
    _printf_u                                0x00000000   Number         0  stubs.o ABSOLUTE
    _printf_wc                               0x00000000   Number         0  stubs.o ABSOLUTE
    _printf_wctomb                           0x00000000   Number         0  stubs.o ABSOLUTE
    _printf_widthprec                        0x00000000   Number         0  stubs.o ABSOLUTE
    _printf_x                                0x00000000   Number         0  stubs.o ABSOLUTE
    __cpp_initialize__aeabi_                  - Undefined Weak Reference
    __cxa_finalize                            - Undefined Weak Reference
    _clock_init                               - Undefined Weak Reference
    _microlib_exit                            - Undefined Weak Reference
    __Vectors_Size                           0x00000130   Number         0  startup_stm32f103xe.o ABSOLUTE
    Image$$ER_IROM1$$Base                    0x08000000   Number         0  anon$$obj.o ABSOLUTE
    __Vectors                                0x08000000   Data           4  startup_stm32f103xe.o(RESET)
    __Vectors_End                            0x08000130   Data           0  startup_stm32f103xe.o(RESET)
    __main                                   0x08000131   Thumb Code     0  entry.o(.ARM.Collect$$$$00000000)
    _main_stk                                0x08000131   Thumb Code     0  entry2.o(.ARM.Collect$$$$00000001)
    _main_scatterload                        0x08000135   Thumb Code     0  entry5.o(.ARM.Collect$$$$00000004)
    __main_after_scatterload                 0x08000139   Thumb Code     0  entry5.o(.ARM.Collect$$$$00000004)
    _main_clock                              0x08000139   Thumb Code     0  entry7b.o(.ARM.Collect$$$$00000008)
    _main_cpp_init                           0x08000139   Thumb Code     0  entry8b.o(.ARM.Collect$$$$0000000A)
    _main_init                               0x08000139   Thumb Code     0  entry9a.o(.ARM.Collect$$$$0000000B)
    __rt_final_cpp                           0x08000141   Thumb Code     0  entry10a.o(.ARM.Collect$$$$0000000D)
    __rt_final_exit                          0x08000141   Thumb Code     0  entry11a.o(.ARM.Collect$$$$0000000F)
    HardFault_Handler                        0x08000145   Thumb Code    12  cmb_fault.o(.text)
    Reset_Handler                            0x08000151   Thumb Code     8  startup_stm32f103xe.o(.text)
    ADC1_2_IRQHandler                        0x0800016b   Thumb Code     0  startup_stm32f103xe.o(.text)
    ADC3_IRQHandler                          0x0800016b   Thumb Code     0  startup_stm32f103xe.o(.text)
    CAN1_RX1_IRQHandler                      0x0800016b   Thumb Code     0  startup_stm32f103xe.o(.text)
    CAN1_SCE_IRQHandler                      0x0800016b   Thumb Code     0  startup_stm32f103xe.o(.text)
    DMA1_Channel1_IRQHandler                 0x0800016b   Thumb Code     0  startup_stm32f103xe.o(.text)
    DMA1_Channel2_IRQHandler                 0x0800016b   Thumb Code     0  startup_stm32f103xe.o(.text)
    DMA2_Channel1_IRQHandler                 0x0800016b   Thumb Code     0  startup_stm32f103xe.o(.text)
    DMA2_Channel2_IRQHandler                 0x0800016b   Thumb Code     0  startup_stm32f103xe.o(.text)
    DMA2_Channel4_5_IRQHandler               0x0800016b   Thumb Code     0  startup_stm32f103xe.o(.text)
    EXTI1_IRQHandler                         0x0800016b   Thumb Code     0  startup_stm32f103xe.o(.text)
    EXTI2_IRQHandler                         0x0800016b   Thumb Code     0  startup_stm32f103xe.o(.text)
    EXTI3_IRQHandler                         0x0800016b   Thumb Code     0  startup_stm32f103xe.o(.text)
    EXTI4_IRQHandler                         0x0800016b   Thumb Code     0  startup_stm32f103xe.o(.text)
    FLASH_IRQHandler                         0x0800016b   Thumb Code     0  startup_stm32f103xe.o(.text)
    FSMC_IRQHandler                          0x0800016b   Thumb Code     0  startup_stm32f103xe.o(.text)
    I2C1_ER_IRQHandler                       0x0800016b   Thumb Code     0  startup_stm32f103xe.o(.text)
    I2C1_EV_IRQHandler                       0x0800016b   Thumb Code     0  startup_stm32f103xe.o(.text)
    I2C2_ER_IRQHandler                       0x0800016b   Thumb Code     0  startup_stm32f103xe.o(.text)
    I2C2_EV_IRQHandler                       0x0800016b   Thumb Code     0  startup_stm32f103xe.o(.text)
    PVD_IRQHandler                           0x0800016b   Thumb Code     0  startup_stm32f103xe.o(.text)
    RCC_IRQHandler                           0x0800016b   Thumb Code     0  startup_stm32f103xe.o(.text)
    RTC_Alarm_IRQHandler                     0x0800016b   Thumb Code     0  startup_stm32f103xe.o(.text)
    RTC_IRQHandler                           0x0800016b   Thumb Code     0  startup_stm32f103xe.o(.text)
    SDIO_IRQHandler                          0x0800016b   Thumb Code     0  startup_stm32f103xe.o(.text)
    SPI1_IRQHandler                          0x0800016b   Thumb Code     0  startup_stm32f103xe.o(.text)
    SPI2_IRQHandler                          0x0800016b   Thumb Code     0  startup_stm32f103xe.o(.text)
    SPI3_IRQHandler                          0x0800016b   Thumb Code     0  startup_stm32f103xe.o(.text)
    TAMPER_IRQHandler                        0x0800016b   Thumb Code     0  startup_stm32f103xe.o(.text)
    TIM1_BRK_IRQHandler                      0x0800016b   Thumb Code     0  startup_stm32f103xe.o(.text)
    TIM1_CC_IRQHandler                       0x0800016b   Thumb Code     0  startup_stm32f103xe.o(.text)
    TIM1_TRG_COM_IRQHandler                  0x0800016b   Thumb Code     0  startup_stm32f103xe.o(.text)
    TIM1_UP_IRQHandler                       0x0800016b   Thumb Code     0  startup_stm32f103xe.o(.text)
    TIM8_BRK_IRQHandler                      0x0800016b   Thumb Code     0  startup_stm32f103xe.o(.text)
    TIM8_CC_IRQHandler                       0x0800016b   Thumb Code     0  startup_stm32f103xe.o(.text)
    TIM8_TRG_COM_IRQHandler                  0x0800016b   Thumb Code     0  startup_stm32f103xe.o(.text)
    TIM8_UP_IRQHandler                       0x0800016b   Thumb Code     0  startup_stm32f103xe.o(.text)
    USBWakeUp_IRQHandler                     0x0800016b   Thumb Code     0  startup_stm32f103xe.o(.text)
    USB_HP_CAN1_TX_IRQHandler                0x0800016b   Thumb Code     0  startup_stm32f103xe.o(.text)
    USB_LP_CAN1_RX0_IRQHandler               0x0800016b   Thumb Code     0  startup_stm32f103xe.o(.text)
    WWDG_IRQHandler                          0x0800016b   Thumb Code     0  startup_stm32f103xe.o(.text)
    __aeabi_llsr                             0x08000175   Thumb Code    32  llushr.o(.text)
    _ll_ushift_r                             0x08000175   Thumb Code     0  llushr.o(.text)
    __aeabi_memcpy                           0x08000195   Thumb Code    36  memcpya.o(.text)
    __aeabi_memcpy4                          0x08000195   Thumb Code     0  memcpya.o(.text)
    __aeabi_memcpy8                          0x08000195   Thumb Code     0  memcpya.o(.text)
    __aeabi_memset                           0x080001b9   Thumb Code    14  memseta.o(.text)
    __aeabi_memset4                          0x080001b9   Thumb Code     0  memseta.o(.text)
    __aeabi_memset8                          0x080001b9   Thumb Code     0  memseta.o(.text)
    __aeabi_memclr                           0x080001c7   Thumb Code     4  memseta.o(.text)
    __aeabi_memclr4                          0x080001c7   Thumb Code     0  memseta.o(.text)
    __aeabi_memclr8                          0x080001c7   Thumb Code     0  memseta.o(.text)
    _memset$wrapper                          0x080001cb   Thumb Code    18  memseta.o(.text)
    strncpy                                  0x080001dd   Thumb Code    24  strncpy.o(.text)
    __aeabi_fmul                             0x080001f5   Thumb Code   100  fmul.o(.text)
    __aeabi_fdiv                             0x08000259   Thumb Code   124  fdiv.o(.text)
    __aeabi_dadd                             0x080002d5   Thumb Code   322  dadd.o(.text)
    __aeabi_dsub                             0x08000417   Thumb Code     6  dadd.o(.text)
    __aeabi_drsub                            0x0800041d   Thumb Code     6  dadd.o(.text)
    __aeabi_dmul                             0x08000423   Thumb Code   228  dmul.o(.text)
    __aeabi_ddiv                             0x08000507   Thumb Code   222  ddiv.o(.text)
    __aeabi_i2d                              0x080005e5   Thumb Code    34  dflti.o(.text)
    __aeabi_ui2d                             0x08000607   Thumb Code    26  dfltui.o(.text)
    __aeabi_f2iz                             0x08000621   Thumb Code    50  ffixi.o(.text)
    __aeabi_f2uiz                            0x08000653   Thumb Code    40  ffixui.o(.text)
    __aeabi_d2f                              0x0800067b   Thumb Code    56  d2f.o(.text)
    __aeabi_cfcmpeq                          0x080006b5   Thumb Code     0  cfcmple.o(.text)
    __aeabi_cfcmple                          0x080006b5   Thumb Code    20  cfcmple.o(.text)
    __aeabi_uidiv                            0x080006c9   Thumb Code     0  uidiv.o(.text)
    __aeabi_uidivmod                         0x080006c9   Thumb Code    44  uidiv.o(.text)
    __aeabi_uldivmod                         0x080006f5   Thumb Code    98  uldiv.o(.text)
    __aeabi_llsl                             0x08000757   Thumb Code    30  llshl.o(.text)
    _ll_shift_l                              0x08000757   Thumb Code     0  llshl.o(.text)
    __aeabi_lasr                             0x08000775   Thumb Code    36  llsshr.o(.text)
    _ll_sshift_r                             0x08000775   Thumb Code     0  llsshr.o(.text)
    __I$use$fp                               0x08000799   Thumb Code     0  iusefp.o(.text)
    _float_round                             0x08000799   Thumb Code    18  fepilogue.o(.text)
    _float_epilogue                          0x080007ab   Thumb Code    92  fepilogue.o(.text)
    _double_round                            0x08000807   Thumb Code    30  depilogue.o(.text)
    _double_epilogue                         0x08000825   Thumb Code   156  depilogue.o(.text)
    _dsqrt                                   0x080008c1   Thumb Code   162  dsqrt.o(.text)
    __aeabi_d2ulz                            0x08000963   Thumb Code    48  dfixul.o(.text)
    __aeabi_cdrcmple                         0x08000995   Thumb Code    48  cdrcmple.o(.text)
    __scatterload                            0x080009c5   Thumb Code    28  init.o(.text)
    __scatterload_rt2                        0x080009c5   Thumb Code     0  init.o(.text)
    __decompress                             0x080009e9   Thumb Code     0  __dczerorl2.o(.text)
    __decompress1                            0x080009e9   Thumb Code    86  __dczerorl2.o(.text)
    AD24BIT_ComputeCRC8                      0x08000a3f   Thumb Code    66  ocd_ad24bit.o(i.AD24BIT_ComputeCRC8)
    AD24BIT_ComputeDataregSize               0x08000a81   Thumb Code    64  ocd_ad24bit.o(i.AD24BIT_ComputeDataregSize)
    AD24BIT_ComputeXOR8                      0x08000ac1   Thumb Code    22  ocd_ad24bit.o(i.AD24BIT_ComputeXOR8)
    AD24BIT_Config_ChannelRegister           0x08000ad7   Thumb Code   712  ocd_ad24bit.o(i.AD24BIT_Config_ChannelRegister)
    AD24BIT_GetReg                           0x08000d9f   Thumb Code    72  ocd_ad24bit.o(i.AD24BIT_GetReg)
    AD24BIT_IDCheck                          0x08000de9   Thumb Code    50  ocd_ad24bit.o(i.AD24BIT_IDCheck)
    AD24BIT_ReadRegister                     0x08000e21   Thumb Code   310  ocd_ad24bit.o(i.AD24BIT_ReadRegister)
    AD24BIT_Reset                            0x08000f57   Thumb Code    38  ocd_ad24bit.o(i.AD24BIT_Reset)
    AD24BIT_UpdateCRCSetting                 0x08000f7d   Thumb Code    82  ocd_ad24bit.o(i.AD24BIT_UpdateCRCSetting)
    AD24BIT_WaitForReady                     0x08000fcf   Thumb Code   100  ocd_ad24bit.o(i.AD24BIT_WaitForReady)
    AD24BIT_WriteRegister                    0x08001033   Thumb Code   202  ocd_ad24bit.o(i.AD24BIT_WriteRegister)
    BusFault_Handler                         0x080010fd   Thumb Code     4  drv_hal.o(i.BusFault_Handler)
    CH438Q_Analysis                          0x08001101   Thumb Code   262  task_voltage.o(i.CH438Q_Analysis)
    CH438ReadReg                             0x08001225   Thumb Code   220  ocd_ch438q.o(i.CH438ReadReg)
    CH438WriteReg                            0x08001309   Thumb Code   234  ocd_ch438q.o(i.CH438WriteReg)
    CH438_Init                               0x080013fd   Thumb Code    50  ocd_ch438q.o(i.CH438_Init)
    CH438_RecvDatas                          0x08001439   Thumb Code   118  ocd_ch438q.o(i.CH438_RecvDatas)
    CH438_ResetSeril                         0x080014b5   Thumb Code    24  ocd_ch438q.o(i.CH438_ResetSeril)
    CH438_SendDatas                          0x080014d1   Thumb Code    60  ocd_ch438q.o(i.CH438_SendDatas)
    CH438_Uart_Init                          0x08001511   Thumb Code   174  ocd_ch438q.o(i.CH438_Uart_Init)
    DMA1_Channel3_IRQHandler                 0x080015c5   Thumb Code     2  task_irq.o(i.DMA1_Channel3_IRQHandler)
    DMA1_Channel4_IRQHandler                 0x080015c9   Thumb Code    10  task_irq.o(i.DMA1_Channel4_IRQHandler)
    DMA1_Channel5_IRQHandler                 0x080015d9   Thumb Code     2  task_irq.o(i.DMA1_Channel5_IRQHandler)
    DMA1_Channel6_IRQHandler                 0x080015db   Thumb Code     2  task_irq.o(i.DMA1_Channel6_IRQHandler)
    DMA1_Channel7_IRQHandler                 0x080015dd   Thumb Code    10  task_irq.o(i.DMA1_Channel7_IRQHandler)
    DMA2_Channel3_IRQHandler                 0x080015ed   Thumb Code     2  task_irq.o(i.DMA2_Channel3_IRQHandler)
    DebugMon_Handler                         0x0800161b   Thumb Code     2  drv_hal.o(i.DebugMon_Handler)
    Delay_1us                                0x0800161d   Thumb Code    14  ocd_ch438q.o(i.Delay_1us)
    Depthometer_Analysis                     0x0800162d   Thumb Code    86  task_depthometer.o(i.Depthometer_Analysis)
    Depthometer_Send                         0x08001695   Thumb Code    48  task_depthometer.o(i.Depthometer_Send)
    Drv_Delay_Ms                             0x080016d1   Thumb Code    12  drv_hal_delay.o(i.Drv_Delay_Ms)
    Drv_GPIO_EXTI_IRQHandler                 0x080016dd   Thumb Code    14  drv_hal_gpio.o(i.Drv_GPIO_EXTI_IRQHandler)
    Drv_GPIO_Init                            0x080016ed   Thumb Code   104  drv_hal_gpio.o(i.Drv_GPIO_Init)
    Drv_HAL_Error                            0x08001761   Thumb Code    24  drv_hal.o(i.Drv_HAL_Error)
    Drv_HAL_IncTick                          0x080017bd   Thumb Code    12  drv_hal.o(i.Drv_HAL_IncTick)
    Drv_HAL_Init                             0x080017c9   Thumb Code    12  drv_hal.o(i.Drv_HAL_Init)
    Drv_HAL_PrintLog                         0x080017d5   Thumb Code    54  drv_hal.o(i.Drv_HAL_PrintLog)
    Drv_SPI_Init                             0x08001829   Thumb Code    24  drv_hal_spi.o(i.Drv_SPI_Init)
    Drv_SPI_Transmit                         0x08001841   Thumb Code    20  drv_hal_spi.o(i.Drv_SPI_Transmit)
    Drv_SPI_TransmitReceive                  0x08001855   Thumb Code    36  drv_hal_spi.o(i.Drv_SPI_TransmitReceive)
    Drv_Timer_Disable                        0x08001879   Thumb Code    12  drv_hal_timer.o(i.Drv_Timer_Disable)
    Drv_Timer_Enable                         0x08001885   Thumb Code    20  drv_hal_timer.o(i.Drv_Timer_Enable)
    Drv_Timer_IRQHandler                     0x08001899   Thumb Code    12  drv_hal_timer.o(i.Drv_Timer_IRQHandler)
    Drv_Timer_Init                           0x080018a5   Thumb Code    18  drv_hal_timer.o(i.Drv_Timer_Init)
    Drv_Uart_DMAInit                         0x080018b7   Thumb Code   150  drv_hal_uart.o(i.Drv_Uart_DMAInit)
    Drv_Uart_DMA_RxHandler                   0x0800194d   Thumb Code    82  drv_hal_uart.o(i.Drv_Uart_DMA_RxHandler)
    Drv_Uart_IRQHandler                      0x0800199f   Thumb Code    12  drv_hal_uart.o(i.Drv_Uart_IRQHandler)
    Drv_Uart_Transmit                        0x080019ab   Thumb Code    22  drv_hal_uart.o(i.Drv_Uart_Transmit)
    Drv_Uart_Transmit_DMA                    0x080019c1   Thumb Code    40  drv_hal_uart.o(i.Drv_Uart_Transmit_DMA)
    EXTI0_IRQHandler                         0x080019e9   Thumb Code    10  task_irq.o(i.EXTI0_IRQHandler)
    EXTI15_10_IRQHandler                     0x080019f9   Thumb Code     8  task_irq.o(i.EXTI15_10_IRQHandler)
    EXTI9_5_IRQHandler                       0x08001a01   Thumb Code     8  task_irq.o(i.EXTI9_5_IRQHandler)
    HAL_DMA_Abort                            0x08001a09   Thumb Code    86  stm32f1xx_hal_dma.o(i.HAL_DMA_Abort)
    HAL_DMA_Abort_IT                         0x08001a61   Thumb Code   414  stm32f1xx_hal_dma.o(i.HAL_DMA_Abort_IT)
    HAL_DMA_GetState                         0x08001c09   Thumb Code     8  stm32f1xx_hal_dma.o(i.HAL_DMA_GetState)
    HAL_DMA_IRQHandler                       0x08001c11   Thumb Code   910  stm32f1xx_hal_dma.o(i.HAL_DMA_IRQHandler)
    HAL_DMA_Init                             0x08001fa9   Thumb Code   132  stm32f1xx_hal_dma.o(i.HAL_DMA_Init)
    HAL_DMA_Start_IT                         0x08002035   Thumb Code   156  stm32f1xx_hal_dma.o(i.HAL_DMA_Start_IT)
    HAL_Delay                                0x080020d1   Thumb Code    36  stm32f1xx_hal.o(i.HAL_Delay)
    HAL_GPIO_EXTI_Callback                   0x080020f9   Thumb Code   210  ocd_ch438q.o(i.HAL_GPIO_EXTI_Callback)
    HAL_GPIO_EXTI_IRQHandler                 0x080021e9   Thumb Code    24  stm32f1xx_hal_gpio.o(i.HAL_GPIO_EXTI_IRQHandler)
    HAL_GPIO_Init                            0x08002205   Thumb Code   792  stm32f1xx_hal_gpio.o(i.HAL_GPIO_Init)
    HAL_GPIO_WritePin                        0x08002545   Thumb Code    12  stm32f1xx_hal_gpio.o(i.HAL_GPIO_WritePin)
    HAL_GetTick                              0x08002551   Thumb Code     6  stm32f1xx_hal.o(i.HAL_GetTick)
    HAL_IncTick                              0x0800255d   Thumb Code    16  stm32f1xx_hal.o(i.HAL_IncTick)
    HAL_Init                                 0x08002575   Thumb Code    34  stm32f1xx_hal.o(i.HAL_Init)
    HAL_InitTick                             0x0800259d   Thumb Code    64  stm32f1xx_hal.o(i.HAL_InitTick)
    HAL_MspInit                              0x080025e9   Thumb Code   158  drv_hal.o(i.HAL_MspInit)
    HAL_NVIC_EnableIRQ                       0x08002691   Thumb Code    32  stm32f1xx_hal_cortex.o(i.HAL_NVIC_EnableIRQ)
    HAL_NVIC_SetPriority                     0x080026b1   Thumb Code   124  stm32f1xx_hal_cortex.o(i.HAL_NVIC_SetPriority)
    HAL_NVIC_SetPriorityGrouping             0x0800272d   Thumb Code    32  stm32f1xx_hal_cortex.o(i.HAL_NVIC_SetPriorityGrouping)
    HAL_RCC_ClockConfig                      0x08002755   Thumb Code   376  stm32f1xx_hal_rcc.o(i.HAL_RCC_ClockConfig)
    HAL_RCC_GetHCLKFreq                      0x080028e1   Thumb Code     6  stm32f1xx_hal_rcc.o(i.HAL_RCC_GetHCLKFreq)
    HAL_RCC_GetPCLK1Freq                     0x080028ed   Thumb Code    22  stm32f1xx_hal_rcc.o(i.HAL_RCC_GetPCLK1Freq)
    HAL_RCC_GetPCLK2Freq                     0x0800290d   Thumb Code    22  stm32f1xx_hal_rcc.o(i.HAL_RCC_GetPCLK2Freq)
    HAL_RCC_GetSysClockFreq                  0x0800292d   Thumb Code   116  stm32f1xx_hal_rcc.o(i.HAL_RCC_GetSysClockFreq)
    HAL_RCC_OscConfig                        0x080029c1   Thumb Code  1114  stm32f1xx_hal_rcc.o(i.HAL_RCC_OscConfig)
    HAL_SPI_Init                             0x08002e25   Thumb Code   190  stm32f1xx_hal_spi.o(i.HAL_SPI_Init)
    HAL_SPI_MspInit                          0x08002ee3   Thumb Code     2  stm32f1xx_hal_spi.o(i.HAL_SPI_MspInit)
    HAL_SPI_Transmit                         0x08002ee5   Thumb Code   430  stm32f1xx_hal_spi.o(i.HAL_SPI_Transmit)
    HAL_SPI_TransmitReceive                  0x08003093   Thumb Code   554  stm32f1xx_hal_spi.o(i.HAL_SPI_TransmitReceive)
    HAL_SYSTICK_Callback                     0x080032bd   Thumb Code     2  stm32f1xx_hal_cortex.o(i.HAL_SYSTICK_Callback)
    HAL_SYSTICK_Config                       0x080032bf   Thumb Code    52  stm32f1xx_hal_cortex.o(i.HAL_SYSTICK_Config)
    HAL_SYSTICK_IRQHandler                   0x080032f3   Thumb Code     8  stm32f1xx_hal_cortex.o(i.HAL_SYSTICK_IRQHandler)
    HAL_TIMEx_BreakCallback                  0x080032fb   Thumb Code     2  stm32f1xx_hal_tim_ex.o(i.HAL_TIMEx_BreakCallback)
    HAL_TIMEx_CommutCallback                 0x080032fd   Thumb Code     2  stm32f1xx_hal_tim_ex.o(i.HAL_TIMEx_CommutCallback)
    HAL_TIM_Base_Init                        0x080032ff   Thumb Code   102  stm32f1xx_hal_tim.o(i.HAL_TIM_Base_Init)
    HAL_TIM_Base_MspInit                     0x08003365   Thumb Code     2  stm32f1xx_hal_tim.o(i.HAL_TIM_Base_MspInit)
    HAL_TIM_Base_Start_IT                    0x08003369   Thumb Code   122  stm32f1xx_hal_tim.o(i.HAL_TIM_Base_Start_IT)
    HAL_TIM_Base_Stop_IT                     0x080033f9   Thumb Code    62  stm32f1xx_hal_tim.o(i.HAL_TIM_Base_Stop_IT)
    HAL_TIM_IC_CaptureCallback               0x08003437   Thumb Code     2  stm32f1xx_hal_tim.o(i.HAL_TIM_IC_CaptureCallback)
    HAL_TIM_IRQHandler                       0x08003439   Thumb Code   406  stm32f1xx_hal_tim.o(i.HAL_TIM_IRQHandler)
    HAL_TIM_OC_DelayElapsedCallback          0x080035cf   Thumb Code     2  stm32f1xx_hal_tim.o(i.HAL_TIM_OC_DelayElapsedCallback)
    HAL_TIM_PWM_PulseFinishedCallback        0x080035d1   Thumb Code     2  stm32f1xx_hal_tim.o(i.HAL_TIM_PWM_PulseFinishedCallback)
    HAL_TIM_PeriodElapsedCallback            0x080035d3   Thumb Code     2  stm32f1xx_hal_tim.o(i.HAL_TIM_PeriodElapsedCallback)
    HAL_TIM_TriggerCallback                  0x080035d5   Thumb Code     2  stm32f1xx_hal_tim.o(i.HAL_TIM_TriggerCallback)
    HAL_UART_DMAStop                         0x080035d7   Thumb Code   102  stm32f1xx_hal_uart.o(i.HAL_UART_DMAStop)
    HAL_UART_ErrorCallback                   0x0800363d   Thumb Code     2  stm32f1xx_hal_uart.o(i.HAL_UART_ErrorCallback)
    HAL_UART_IRQHandler                      0x08003641   Thumb Code   334  stm32f1xx_hal_uart.o(i.HAL_UART_IRQHandler)
    HAL_UART_Init                            0x08003795   Thumb Code   114  stm32f1xx_hal_uart.o(i.HAL_UART_Init)
    HAL_UART_MspInit                         0x08003807   Thumb Code     2  stm32f1xx_hal_uart.o(i.HAL_UART_MspInit)
    HAL_UART_Receive_DMA                     0x08003809   Thumb Code   182  stm32f1xx_hal_uart.o(i.HAL_UART_Receive_DMA)
    HAL_UART_RxCpltCallback                  0x080038cd   Thumb Code     2  task_uart.o(i.HAL_UART_RxCpltCallback)
    HAL_UART_RxHalfCpltCallback              0x080038cf   Thumb Code     2  stm32f1xx_hal_uart.o(i.HAL_UART_RxHalfCpltCallback)
    HAL_UART_Transmit                        0x080038d1   Thumb Code   210  stm32f1xx_hal_uart.o(i.HAL_UART_Transmit)
    HAL_UART_Transmit_DMA                    0x080039a5   Thumb Code   142  stm32f1xx_hal_uart.o(i.HAL_UART_Transmit_DMA)
    HAL_UART_TxCpltCallback                  0x08003a41   Thumb Code     2  stm32f1xx_hal_uart.o(i.HAL_UART_TxCpltCallback)
    HAL_UART_TxHalfCpltCallback              0x08003a43   Thumb Code     2  stm32f1xx_hal_uart.o(i.HAL_UART_TxHalfCpltCallback)
    Highvoltage_Send                         0x08003a45   Thumb Code    50  task_voltage.o(i.Highvoltage_Send)
    Lowvoltage_Send                          0x08003a81   Thumb Code    50  task_voltage.o(i.Lowvoltage_Send)
    Mag_data_getL                            0x08003abd   Thumb Code   534  task_adcollect.o(i.Mag_data_getL)
    Manipulator_Analysis                     0x08003d11   Thumb Code   444  task_manipulator.o(i.Manipulator_Analysis)
    Manipulator_SendDate                     0x08003efd   Thumb Code    48  task_manipulator.o(i.Manipulator_SendDate)
    MemManage_Handler                        0x08003f39   Thumb Code     4  drv_hal.o(i.MemManage_Handler)
    MotorStatus_Analysis                     0x08003f3d   Thumb Code   156  task_tkc.o(i.MotorStatus_Analysis)
    NMI_Handler                              0x08003fdd   Thumb Code     4  drv_hal.o(i.NMI_Handler)
    OCD_AD24BIT_Init                         0x08003fe1   Thumb Code   278  ocd_ad24bit.o(i.OCD_AD24BIT_Init)
    OCD_AD24bit_GetResult                    0x080040fd   Thumb Code   502  ocd_ad24bit.o(i.OCD_AD24bit_GetResult)
    PendSV_Handler                           0x08004305   Thumb Code     2  drv_hal.o(i.PendSV_Handler)
    Receive_DMA                              0x08004331   Thumb Code   550  task_uart.o(i.Receive_DMA)
    Relay_Control                            0x080045a1   Thumb Code   128  usercode.o(i.Relay_Control)
    SVC_Handler                              0x0800472d   Thumb Code     2  drv_hal.o(i.SVC_Handler)
    SetInPut                                 0x080055a1   Thumb Code    18  ocd_ch438q.o(i.SetInPut)
    SetOutPut                                0x080055b9   Thumb Code    18  ocd_ch438q.o(i.SetOutPut)
    ShumeiCmd_Send                           0x080055d1   Thumb Code    40  task_smp.o(i.ShumeiCmd_Send)
    ShumeiData_Analysis                      0x0800560d   Thumb Code  1210  task_smp.o(i.ShumeiData_Analysis)
    ShumeiData_Send                          0x08005ae5   Thumb Code   352  task_smp.o(i.ShumeiData_Send)
    SysTick_Handler                          0x08005c5d   Thumb Code     8  drv_hal.o(i.SysTick_Handler)
    SystemInit                               0x08005c65   Thumb Code     2  system_stm32f1xx.o(i.SystemInit)
    TIM2_IRQHandler                          0x08005c69   Thumb Code    40  task_irq.o(i.TIM2_IRQHandler)
    TIM3_IRQHandler                          0x08005ca1   Thumb Code    40  task_irq.o(i.TIM3_IRQHandler)
    TIM4_IRQHandler                          0x08005cd9   Thumb Code    16  task_irq.o(i.TIM4_IRQHandler)
    TIM5_IRQHandler                          0x08005cf1   Thumb Code     2  task_irq.o(i.TIM5_IRQHandler)
    TIM6_IRQHandler                          0x08005cf5   Thumb Code    16  task_irq.o(i.TIM6_IRQHandler)
    TIM7_IRQHandler                          0x08005d0d   Thumb Code     2  task_irq.o(i.TIM7_IRQHandler)
    TIM_Base_SetConfig                       0x08005d11   Thumb Code   134  stm32f1xx_hal_tim.o(i.TIM_Base_SetConfig)
    Task_EXTI15_10_IRQHandler                0x08005dad   Thumb Code     2  task_irq.o(i.Task_EXTI15_10_IRQHandler)
    Task_EXTI9_5_IRQHandler                  0x08005daf   Thumb Code     2  task_irq.o(i.Task_EXTI9_5_IRQHandler)
    Task_Sys_Init                            0x08005db1   Thumb Code     8  task_sysinit.o(i.Task_Sys_Init)
    Task_UserInit                            0x08005db9   Thumb Code   262  task_userinit.o(i.Task_UserInit)
    TuikongData_Analysis                     0x08005f4d   Thumb Code   116  task_tkc.o(i.TuikongData_Analysis)
    TuikongData_Send                         0x08005fd5   Thumb Code   180  task_tkc.o(i.TuikongData_Send)
    UART4_IRQHandler                         0x0800609d   Thumb Code    16  task_irq.o(i.UART4_IRQHandler)
    UART5_IRQHandler                         0x080060b1   Thumb Code     2  task_irq.o(i.UART5_IRQHandler)
    USART1_IRQHandler                        0x0800646d   Thumb Code    16  task_irq.o(i.USART1_IRQHandler)
    USART2_IRQHandler                        0x08006481   Thumb Code    16  task_irq.o(i.USART2_IRQHandler)
    USART3_IRQHandler                        0x08006495   Thumb Code    16  task_irq.o(i.USART3_IRQHandler)
    UsageFault_Handler                       0x080064a9   Thumb Code     4  drv_hal.o(i.UsageFault_Handler)
    UserLogic_Code                           0x080064ad   Thumb Code   332  usercode.o(i.UserLogic_Code)
    __0printf                                0x08006645   Thumb Code    22  printfa.o(i.__0printf)
    __1printf                                0x08006645   Thumb Code     0  printfa.o(i.__0printf)
    __2printf                                0x08006645   Thumb Code     0  printfa.o(i.__0printf)
    __c89printf                              0x08006645   Thumb Code     0  printfa.o(i.__0printf)
    printf                                   0x08006645   Thumb Code     0  printfa.o(i.__0printf)
    __0sprintf                               0x08006665   Thumb Code    34  printfa.o(i.__0sprintf)
    __1sprintf                               0x08006665   Thumb Code     0  printfa.o(i.__0sprintf)
    __2sprintf                               0x08006665   Thumb Code     0  printfa.o(i.__0sprintf)
    __c89sprintf                             0x08006665   Thumb Code     0  printfa.o(i.__0sprintf)
    sprintf                                  0x08006665   Thumb Code     0  printfa.o(i.__0sprintf)
    __0vsnprintf                             0x0800668d   Thumb Code    40  printfa.o(i.__0vsnprintf)
    __1vsnprintf                             0x0800668d   Thumb Code     0  printfa.o(i.__0vsnprintf)
    __2vsnprintf                             0x0800668d   Thumb Code     0  printfa.o(i.__0vsnprintf)
    __c89vsnprintf                           0x0800668d   Thumb Code     0  printfa.o(i.__0vsnprintf)
    vsnprintf                                0x0800668d   Thumb Code     0  printfa.o(i.__0vsnprintf)
    __scatterload_copy                       0x080066f1   Thumb Code    14  handlers.o(i.__scatterload_copy)
    __scatterload_null                       0x080066ff   Thumb Code     2  handlers.o(i.__scatterload_null)
    __scatterload_zeroinit                   0x08006701   Thumb Code    14  handlers.o(i.__scatterload_zeroinit)
    __set_errno                              0x08006711   Thumb Code     6  errno.o(i.__set_errno)
    cm_backtrace_call_stack                  0x08006ff1   Thumb Code   208  cm_backtrace.o(i.cm_backtrace_call_stack)
    cm_backtrace_fault                       0x080070dd   Thumb Code   428  cm_backtrace.o(i.cm_backtrace_fault)
    cm_backtrace_firmware_info               0x08007361   Thumb Code    24  cm_backtrace.o(i.cm_backtrace_firmware_info)
    cm_backtrace_init                        0x0800738d   Thumb Code   102  cm_backtrace.o(i.cm_backtrace_init)
    fputc                                    0x0800780d   Thumb Code    48  drv_hal.o(i.fputc)
    main                                     0x08007841   Thumb Code    18  main.o(i.main)
    malloc                                   0x08007855   Thumb Code    92  malloc.o(i.malloc)
    sqrt                                     0x08007959   Thumb Code    76  sqrt.o(i.sqrt)
    offsetadd                                0x080079c0   Data           8  ocd_ch438q.o(.constdata)
    Interruptnum                             0x080079c8   Data           8  ocd_ch438q.o(.constdata)
    AHBPrescTable                            0x08007ab0   Data          16  system_stm32f1xx.o(.constdata)
    APBPrescTable                            0x08007ac0   Data           8  system_stm32f1xx.o(.constdata)
    Region$$Table$$Base                      0x0800838c   Number         0  anon$$obj.o(Region$$Table)
    Image$$ER_IROM1$$Limit                   0x080083ac   Number         0  anon$$obj.o ABSOLUTE
    Region$$Table$$Limit                     0x080083ac   Number         0  anon$$obj.o(Region$$Table)
    Timeflag_200MS                           0x20000000   Data           1  usercode.o(.data)
    Timeflag_100MS                           0x20000001   Data           1  usercode.o(.data)
    Timeflag_Count1                          0x20000002   Data           1  usercode.o(.data)
    Timeflag_Count2                          0x20000003   Data           1  usercode.o(.data)
    Timeflag_500MS                           0x20000004   Data           1  usercode.o(.data)
    Timeflag_800MS                           0x20000005   Data           1  usercode.o(.data)
    Timeflag_1S                              0x20000006   Data           1  usercode.o(.data)
    Timeflag_2S                              0x20000007   Data           1  usercode.o(.data)
    LX                                       0x20000008   Data           8  usercode.o(.data)
    LY                                       0x20000010   Data           8  usercode.o(.data)
    LZ                                       0x20000018   Data           8  usercode.o(.data)
    LALL                                     0x20000020   Data           8  usercode.o(.data)
    RX                                       0x20000028   Data           8  usercode.o(.data)
    RY                                       0x20000030   Data           8  usercode.o(.data)
    RZ                                       0x20000038   Data           8  usercode.o(.data)
    RALL                                     0x20000040   Data           8  usercode.o(.data)
    ShumeiIsLive                             0x20000048   Data           1  usercode.o(.data)
    ShumeiIsLiveLast                         0x20000049   Data           1  usercode.o(.data)
    time_rand                                0x2000004c   Data           4  usercode.o(.data)
    size                                     0x20000050   Data           4  usercode.o(.data)
    TKCResponedNum                           0x20000054   Data           1  usercode.o(.data)
    StopCMD                                  0x20000055   Data           6  usercode.o(.data)
    tLED_GPIO                                0x20000060   Data          72  config.o(.data)
    tAD_GPIO                                 0x200000a8   Data          24  config.o(.data)
    tSMP_Uart                                0x200000c0   Data         296  config.o(.data)
    tTKC_Uart                                0x200001e8   Data         296  config.o(.data)
    tManipulator_Uart                        0x20000310   Data         296  config.o(.data)
    tDepthometer_Uart                        0x20000438   Data         296  config.o(.data)
    tStandby_Uart                            0x20000560   Data         296  config.o(.data)
    tCH438Q_GPIO                             0x20000688   Data         360  config.o(.data)
    tCH438Q_EXIT_GPIO                        0x200007f0   Data          24  config.o(.data)
    tAD24BIT                                 0x20000808   Data         584  config.o(.data)
    tTimer4                                  0x20000a50   Data          76  config.o(.data)
    tTimer3                                  0x20000a9c   Data          76  config.o(.data)
    tTimer2                                  0x20000ae8   Data          76  config.o(.data)
    tTimer6                                  0x20000b34   Data          76  config.o(.data)
    tRS485_GPIO                              0x20000b80   Data         120  config.o(.data)
    tRS485TEST_GPIO                          0x20000bf8   Data          24  config.o(.data)
    tRelay_GPIO                              0x20000c10   Data         288  config.o(.data)
    Data_length1                             0x20000d30   Data           4  task_uart.o(.data)
    Data_length2                             0x20000d34   Data           4  task_uart.o(.data)
    Data_length3                             0x20000d38   Data           4  task_uart.o(.data)
    Data_length4                             0x20000d3c   Data           4  task_uart.o(.data)
    Depthometer_flag                         0x20000d40   Data           1  task_depthometer.o(.data)
    Depthometer_Instruction1                 0x20000d41   Data           8  task_depthometer.o(.data)
    Depthometer_Instruction2                 0x20000d49   Data           8  task_depthometer.o(.data)
    Depthometer_Instruction3                 0x20000d51   Data           8  task_depthometer.o(.data)
    Manipulator_flag                         0x20000d59   Data           1  task_manipulator.o(.data)
    Manipulator_Recvflag                     0x20000d5a   Data           1  task_manipulator.o(.data)
    Manipulator_Uptask                       0x20000d5b   Data           1  task_manipulator.o(.data)
    Manipulator_HistoryUptask                0x20000d5c   Data           1  task_manipulator.o(.data)
    Manipulator_Task                         0x20000d5d   Data           1  task_manipulator.o(.data)
    Manipulator_SendCmd                      0x20000d5e   Data           8  task_manipulator.o(.data)
    Shumei_flag                              0x20000d66   Data           1  task_smp.o(.data)
    Shumei_PID_Flag                          0x20000d67   Data           1  task_smp.o(.data)
    Tuikong_flag                             0x20000d68   Data           1  task_tkc.o(.data)
    Hatchdoor_flag                           0x20000d69   Data           1  task_tkc.o(.data)
    TuikongStopFlag                          0x20000d6a   Data           1  task_tkc.o(.data)
    CH438Q_flag                              0x20000d6b   Data           1  task_voltage.o(.data)
    CH438Q_NUM                               0x20000d6c   Data           1  task_voltage.o(.data)
    Lowvoltage_Instruction                   0x20000d6d   Data           7  task_voltage.o(.data)
    Highvoltage_Instruction                  0x20000d74   Data           8  task_voltage.o(.data)
    RevLen                                   0x20000d7c   Data           1  ocd_ch438q.o(.data)
    __stdout                                 0x20000d94   Data           4  drv_hal.o(.data)
    uwTick                                   0x20000d98   Data           4  stm32f1xx_hal.o(.data)
    uwTickPrio                               0x20000d9c   Data           4  stm32f1xx_hal.o(.data)
    uwTickFreq                               0x20000da0   Data           1  stm32f1xx_hal.o(.data)
    SystemCoreClock                          0x20000da4   Data           4  system_stm32f1xx.o(.data)
    ad24bit_regs                             0x20000da8   Data         660  ocd_ad24bit.o(.data)
    __microlib_freelist                      0x2000103c   Data           4  mvars.o(.data)
    __microlib_freelist_initialised          0x20001040   Data           4  mvars.o(.data)
    Depthometer_buf                          0x20001138   Data          20  task_depthometer.o(.bss)
    Manipulator_buf                          0x2000114c   Data          20  task_manipulator.o(.bss)
    Uplink_Data                              0x20001160   Data          92  task_smp.o(.bss)
    Shumei_buf                               0x200011bc   Data         100  task_smp.o(.bss)
    Shumei_RecvData                          0x20001220   Data          40  task_smp.o(.bss)
    Shumei_SendData                          0x20001248   Data         100  task_smp.o(.bss)
    Shumei_SendCmd                           0x200012ac   Data          10  task_smp.o(.bss)
    Downlink_Data                            0x200012b8   Data          36  task_tkc.o(.bss)
    Tuikong_buf                              0x200012dc   Data          50  task_tkc.o(.bss)
    Tuikong_SendData                         0x2000130e   Data          50  task_tkc.o(.bss)
    CH438Q_buf                               0x20001340   Data          50  task_voltage.o(.bss)
    Revbuff                                  0x20001372   Data          50  ocd_ch438q.o(.bss)
    __heap_base                              0x20001670   Data           0  startup_stm32f103xe.o(HEAP)
    STACK$$Base                              0x20001870   Number         0  startup_stm32f103xe.o(STACK)
    __heap_limit                             0x20001870   Data           0  startup_stm32f103xe.o(HEAP)
    STACK$$Limit                             0x20001c70   Number         0  startup_stm32f103xe.o(STACK)
    __initial_sp                             0x20001c70   Data           0  startup_stm32f103xe.o(STACK)



==============================================================================

Memory Map of the image

  Image Entry point : 0x08000131

  Load Region LR_IROM1 (Base: 0x08000000, Size: 0x000093f4, Max: 0x00040000, ABSOLUTE, COMPRESSED[0x00008734])

    Execution Region ER_IROM1 (Exec base: 0x08000000, Load base: 0x08000000, Size: 0x000083ac, Max: 0x00040000, ABSOLUTE)

    Exec Addr    Load Addr    Size         Type   Attr      Idx    E Section Name        Object

    0x08000000   0x08000000   0x00000130   Data   RO         7550    RESET               startup_stm32f103xe.o
    0x08000130   0x08000130   0x00000000   Code   RO         7819  * .ARM.Collect$$$$00000000  mc_w.l(entry.o)
    0x08000130   0x08000130   0x00000004   Code   RO         8157    .ARM.Collect$$$$00000001  mc_w.l(entry2.o)
    0x08000134   0x08000134   0x00000004   Code   RO         8160    .ARM.Collect$$$$00000004  mc_w.l(entry5.o)
    0x08000138   0x08000138   0x00000000   Code   RO         8162    .ARM.Collect$$$$00000008  mc_w.l(entry7b.o)
    0x08000138   0x08000138   0x00000000   Code   RO         8164    .ARM.Collect$$$$0000000A  mc_w.l(entry8b.o)
    0x08000138   0x08000138   0x00000008   Code   RO         8165    .ARM.Collect$$$$0000000B  mc_w.l(entry9a.o)
    0x08000140   0x08000140   0x00000000   Code   RO         8167    .ARM.Collect$$$$0000000D  mc_w.l(entry10a.o)
    0x08000140   0x08000140   0x00000000   Code   RO         8169    .ARM.Collect$$$$0000000F  mc_w.l(entry11a.o)
    0x08000140   0x08000140   0x00000004   Code   RO         8158    .ARM.Collect$$$$00002712  mc_w.l(entry2.o)
    0x08000144   0x08000144   0x0000000c   Code   RO         3046    .text               cmb_fault.o
    0x08000150   0x08000150   0x00000024   Code   RO         7551    .text               startup_stm32f103xe.o
    0x08000174   0x08000174   0x00000020   Code   RO         7822    .text               mc_w.l(llushr.o)
    0x08000194   0x08000194   0x00000024   Code   RO         7824    .text               mc_w.l(memcpya.o)
    0x080001b8   0x080001b8   0x00000024   Code   RO         7826    .text               mc_w.l(memseta.o)
    0x080001dc   0x080001dc   0x00000018   Code   RO         7828    .text               mc_w.l(strncpy.o)
    0x080001f4   0x080001f4   0x00000064   Code   RO         8127    .text               mf_w.l(fmul.o)
    0x08000258   0x08000258   0x0000007c   Code   RO         8129    .text               mf_w.l(fdiv.o)
    0x080002d4   0x080002d4   0x0000014e   Code   RO         8131    .text               mf_w.l(dadd.o)
    0x08000422   0x08000422   0x000000e4   Code   RO         8133    .text               mf_w.l(dmul.o)
    0x08000506   0x08000506   0x000000de   Code   RO         8135    .text               mf_w.l(ddiv.o)
    0x080005e4   0x080005e4   0x00000022   Code   RO         8141    .text               mf_w.l(dflti.o)
    0x08000606   0x08000606   0x0000001a   Code   RO         8143    .text               mf_w.l(dfltui.o)
    0x08000620   0x08000620   0x00000032   Code   RO         8145    .text               mf_w.l(ffixi.o)
    0x08000652   0x08000652   0x00000028   Code   RO         8147    .text               mf_w.l(ffixui.o)
    0x0800067a   0x0800067a   0x00000038   Code   RO         8151    .text               mf_w.l(d2f.o)
    0x080006b2   0x080006b2   0x00000002   PAD
    0x080006b4   0x080006b4   0x00000014   Code   RO         8153    .text               mf_w.l(cfcmple.o)
    0x080006c8   0x080006c8   0x0000002c   Code   RO         8171    .text               mc_w.l(uidiv.o)
    0x080006f4   0x080006f4   0x00000062   Code   RO         8173    .text               mc_w.l(uldiv.o)
    0x08000756   0x08000756   0x0000001e   Code   RO         8175    .text               mc_w.l(llshl.o)
    0x08000774   0x08000774   0x00000024   Code   RO         8177    .text               mc_w.l(llsshr.o)
    0x08000798   0x08000798   0x00000000   Code   RO         8188    .text               mc_w.l(iusefp.o)
    0x08000798   0x08000798   0x0000006e   Code   RO         8189    .text               mf_w.l(fepilogue.o)
    0x08000806   0x08000806   0x000000ba   Code   RO         8191    .text               mf_w.l(depilogue.o)
    0x080008c0   0x080008c0   0x000000a2   Code   RO         8193    .text               mf_w.l(dsqrt.o)
    0x08000962   0x08000962   0x00000030   Code   RO         8195    .text               mf_w.l(dfixul.o)
    0x08000992   0x08000992   0x00000002   PAD
    0x08000994   0x08000994   0x00000030   Code   RO         8199    .text               mf_w.l(cdrcmple.o)
    0x080009c4   0x080009c4   0x00000024   Code   RO         8201    .text               mc_w.l(init.o)
    0x080009e8   0x080009e8   0x00000056   Code   RO         8211    .text               mc_w.l(__dczerorl2.o)
    0x08000a3e   0x08000a3e   0x00000042   Code   RO         7558    i.AD24BIT_ComputeCRC8  ocd_ad24bit.lib(ocd_ad24bit.o)
    0x08000a80   0x08000a80   0x00000040   Code   RO         7559    i.AD24BIT_ComputeDataregSize  ocd_ad24bit.lib(ocd_ad24bit.o)
    0x08000ac0   0x08000ac0   0x00000016   Code   RO         7560    i.AD24BIT_ComputeXOR8  ocd_ad24bit.lib(ocd_ad24bit.o)
    0x08000ad6   0x08000ad6   0x000002c8   Code   RO         7561    i.AD24BIT_Config_ChannelRegister  ocd_ad24bit.lib(ocd_ad24bit.o)
    0x08000d9e   0x08000d9e   0x00000048   Code   RO         7562    i.AD24BIT_GetReg    ocd_ad24bit.lib(ocd_ad24bit.o)
    0x08000de6   0x08000de6   0x00000002   PAD
    0x08000de8   0x08000de8   0x00000038   Code   RO         7563    i.AD24BIT_IDCheck   ocd_ad24bit.lib(ocd_ad24bit.o)
    0x08000e20   0x08000e20   0x00000136   Code   RO         7565    i.AD24BIT_ReadRegister  ocd_ad24bit.lib(ocd_ad24bit.o)
    0x08000f56   0x08000f56   0x00000026   Code   RO         7566    i.AD24BIT_Reset     ocd_ad24bit.lib(ocd_ad24bit.o)
    0x08000f7c   0x08000f7c   0x00000052   Code   RO         7567    i.AD24BIT_UpdateCRCSetting  ocd_ad24bit.lib(ocd_ad24bit.o)
    0x08000fce   0x08000fce   0x00000064   Code   RO         7568    i.AD24BIT_WaitForReady  ocd_ad24bit.lib(ocd_ad24bit.o)
    0x08001032   0x08001032   0x000000ca   Code   RO         7569    i.AD24BIT_WriteRegister  ocd_ad24bit.lib(ocd_ad24bit.o)
    0x080010fc   0x080010fc   0x00000004   Code   RO         3053    i.BusFault_Handler  drv_hal.o
    0x08001100   0x08001100   0x00000124   Code   RO         1447    i.CH438Q_Analysis   task_voltage.o
    0x08001224   0x08001224   0x000000e4   Code   RO         2143    i.CH438ReadReg      ocd_ch438q.o
    0x08001308   0x08001308   0x000000f4   Code   RO         2144    i.CH438WriteReg     ocd_ch438q.o
    0x080013fc   0x080013fc   0x0000003c   Code   RO         2150    i.CH438_Init        ocd_ch438q.o
    0x08001438   0x08001438   0x0000007c   Code   RO         2151    i.CH438_RecvDatas   ocd_ch438q.o
    0x080014b4   0x080014b4   0x0000001c   Code   RO         2153    i.CH438_ResetSeril  ocd_ch438q.o
    0x080014d0   0x080014d0   0x00000040   Code   RO         2154    i.CH438_SendDatas   ocd_ch438q.o
    0x08001510   0x08001510   0x000000b4   Code   RO         2158    i.CH438_Uart_Init   ocd_ch438q.o
    0x080015c4   0x080015c4   0x00000002   Code   RO          611    i.DMA1_Channel3_IRQHandler  task_irq.o
    0x080015c6   0x080015c6   0x00000002   PAD
    0x080015c8   0x080015c8   0x00000010   Code   RO          612    i.DMA1_Channel4_IRQHandler  task_irq.o
    0x080015d8   0x080015d8   0x00000002   Code   RO          613    i.DMA1_Channel5_IRQHandler  task_irq.o
    0x080015da   0x080015da   0x00000002   Code   RO          614    i.DMA1_Channel6_IRQHandler  task_irq.o
    0x080015dc   0x080015dc   0x00000010   Code   RO          615    i.DMA1_Channel7_IRQHandler  task_irq.o
    0x080015ec   0x080015ec   0x00000002   Code   RO          616    i.DMA2_Channel3_IRQHandler  task_irq.o
    0x080015ee   0x080015ee   0x0000002c   Code   RO         4499    i.DMA_SetConfig     stm32f1xx_hal_dma.o
    0x0800161a   0x0800161a   0x00000002   Code   RO         3054    i.DebugMon_Handler  drv_hal.o
    0x0800161c   0x0800161c   0x0000000e   Code   RO         2159    i.Delay_1us         ocd_ch438q.o
    0x0800162a   0x0800162a   0x00000002   PAD
    0x0800162c   0x0800162c   0x00000068   Code   RO         1282    i.Depthometer_Analysis  task_depthometer.o
    0x08001694   0x08001694   0x0000003c   Code   RO         1283    i.Depthometer_Send  task_depthometer.o
    0x080016d0   0x080016d0   0x0000000c   Code   RO         3254    i.Drv_Delay_Ms      drv_hal_delay.o
    0x080016dc   0x080016dc   0x0000000e   Code   RO         3285    i.Drv_GPIO_EXTI_IRQHandler  drv_hal_gpio.o
    0x080016ea   0x080016ea   0x00000002   PAD
    0x080016ec   0x080016ec   0x00000074   Code   RO         3286    i.Drv_GPIO_Init     drv_hal_gpio.o
    0x08001760   0x08001760   0x0000005c   Code   RO         3055    i.Drv_HAL_Error     drv_hal.o
    0x080017bc   0x080017bc   0x0000000c   Code   RO         3056    i.Drv_HAL_IncTick   drv_hal.o
    0x080017c8   0x080017c8   0x0000000c   Code   RO         3057    i.Drv_HAL_Init      drv_hal.o
    0x080017d4   0x080017d4   0x00000054   Code   RO         3059    i.Drv_HAL_PrintLog  drv_hal.o
    0x08001828   0x08001828   0x00000018   Code   RO         3531    i.Drv_SPI_Init      drv_hal_spi.o
    0x08001840   0x08001840   0x00000014   Code   RO         3533    i.Drv_SPI_Transmit  drv_hal_spi.o
    0x08001854   0x08001854   0x00000024   Code   RO         3534    i.Drv_SPI_TransmitReceive  drv_hal_spi.o
    0x08001878   0x08001878   0x0000000c   Code   RO         3639    i.Drv_Timer_Disable  drv_hal_timer.o
    0x08001884   0x08001884   0x00000014   Code   RO         3640    i.Drv_Timer_Enable  drv_hal_timer.o
    0x08001898   0x08001898   0x0000000c   Code   RO         3641    i.Drv_Timer_IRQHandler  drv_hal_timer.o
    0x080018a4   0x080018a4   0x00000012   Code   RO         3642    i.Drv_Timer_Init    drv_hal_timer.o
    0x080018b6   0x080018b6   0x00000096   Code   RO         3702    i.Drv_Uart_DMAInit  drv_hal_uart.o
    0x0800194c   0x0800194c   0x00000052   Code   RO         3703    i.Drv_Uart_DMA_RxHandler  drv_hal_uart.o
    0x0800199e   0x0800199e   0x0000000c   Code   RO         3705    i.Drv_Uart_IRQHandler  drv_hal_uart.o
    0x080019aa   0x080019aa   0x00000016   Code   RO         3711    i.Drv_Uart_Transmit  drv_hal_uart.o
    0x080019c0   0x080019c0   0x00000028   Code   RO         3712    i.Drv_Uart_Transmit_DMA  drv_hal_uart.o
    0x080019e8   0x080019e8   0x00000010   Code   RO          617    i.EXTI0_IRQHandler  task_irq.o
    0x080019f8   0x080019f8   0x00000008   Code   RO          618    i.EXTI15_10_IRQHandler  task_irq.o
    0x08001a00   0x08001a00   0x00000008   Code   RO          619    i.EXTI9_5_IRQHandler  task_irq.o
    0x08001a08   0x08001a08   0x00000056   Code   RO         4500    i.HAL_DMA_Abort     stm32f1xx_hal_dma.o
    0x08001a5e   0x08001a5e   0x00000002   PAD
    0x08001a60   0x08001a60   0x000001a8   Code   RO         4501    i.HAL_DMA_Abort_IT  stm32f1xx_hal_dma.o
    0x08001c08   0x08001c08   0x00000008   Code   RO         4504    i.HAL_DMA_GetState  stm32f1xx_hal_dma.o
    0x08001c10   0x08001c10   0x00000398   Code   RO         4505    i.HAL_DMA_IRQHandler  stm32f1xx_hal_dma.o
    0x08001fa8   0x08001fa8   0x0000008c   Code   RO         4506    i.HAL_DMA_Init      stm32f1xx_hal_dma.o
    0x08002034   0x08002034   0x0000009c   Code   RO         4510    i.HAL_DMA_Start_IT  stm32f1xx_hal_dma.o
    0x080020d0   0x080020d0   0x00000028   Code   RO         3844    i.HAL_Delay         stm32f1xx_hal.o
    0x080020f8   0x080020f8   0x000000f0   Code   RO         2160    i.HAL_GPIO_EXTI_Callback  ocd_ch438q.o
    0x080021e8   0x080021e8   0x0000001c   Code   RO         4895    i.HAL_GPIO_EXTI_IRQHandler  stm32f1xx_hal_gpio.o
    0x08002204   0x08002204   0x00000340   Code   RO         4896    i.HAL_GPIO_Init     stm32f1xx_hal_gpio.o
    0x08002544   0x08002544   0x0000000c   Code   RO         4900    i.HAL_GPIO_WritePin  stm32f1xx_hal_gpio.o
    0x08002550   0x08002550   0x0000000c   Code   RO         3848    i.HAL_GetTick       stm32f1xx_hal.o
    0x0800255c   0x0800255c   0x00000018   Code   RO         3854    i.HAL_IncTick       stm32f1xx_hal.o
    0x08002574   0x08002574   0x00000028   Code   RO         3855    i.HAL_Init          stm32f1xx_hal.o
    0x0800259c   0x0800259c   0x0000004c   Code   RO         3856    i.HAL_InitTick      stm32f1xx_hal.o
    0x080025e8   0x080025e8   0x000000a8   Code   RO         3063    i.HAL_MspInit       drv_hal.o
    0x08002690   0x08002690   0x00000020   Code   RO         4325    i.HAL_NVIC_EnableIRQ  stm32f1xx_hal_cortex.o
    0x080026b0   0x080026b0   0x0000007c   Code   RO         4331    i.HAL_NVIC_SetPriority  stm32f1xx_hal_cortex.o
    0x0800272c   0x0800272c   0x00000028   Code   RO         4332    i.HAL_NVIC_SetPriorityGrouping  stm32f1xx_hal_cortex.o
    0x08002754   0x08002754   0x0000018c   Code   RO         5331    i.HAL_RCC_ClockConfig  stm32f1xx_hal_rcc.o
    0x080028e0   0x080028e0   0x0000000c   Code   RO         5336    i.HAL_RCC_GetHCLKFreq  stm32f1xx_hal_rcc.o
    0x080028ec   0x080028ec   0x00000020   Code   RO         5338    i.HAL_RCC_GetPCLK1Freq  stm32f1xx_hal_rcc.o
    0x0800290c   0x0800290c   0x00000020   Code   RO         5339    i.HAL_RCC_GetPCLK2Freq  stm32f1xx_hal_rcc.o
    0x0800292c   0x0800292c   0x00000094   Code   RO         5340    i.HAL_RCC_GetSysClockFreq  stm32f1xx_hal_rcc.o
    0x080029c0   0x080029c0   0x00000464   Code   RO         5343    i.HAL_RCC_OscConfig  stm32f1xx_hal_rcc.o
    0x08002e24   0x08002e24   0x000000be   Code   RO         5556    i.HAL_SPI_Init      stm32f1xx_hal_spi.o
    0x08002ee2   0x08002ee2   0x00000002   Code   RO         5558    i.HAL_SPI_MspInit   stm32f1xx_hal_spi.o
    0x08002ee4   0x08002ee4   0x000001ae   Code   RO         5564    i.HAL_SPI_Transmit  stm32f1xx_hal_spi.o
    0x08003092   0x08003092   0x0000022a   Code   RO         5565    i.HAL_SPI_TransmitReceive  stm32f1xx_hal_spi.o
    0x080032bc   0x080032bc   0x00000002   Code   RO         4335    i.HAL_SYSTICK_Callback  stm32f1xx_hal_cortex.o
    0x080032be   0x080032be   0x00000034   Code   RO         4336    i.HAL_SYSTICK_Config  stm32f1xx_hal_cortex.o
    0x080032f2   0x080032f2   0x00000008   Code   RO         4337    i.HAL_SYSTICK_IRQHandler  stm32f1xx_hal_cortex.o
    0x080032fa   0x080032fa   0x00000002   Code   RO         6602    i.HAL_TIMEx_BreakCallback  stm32f1xx_hal_tim_ex.o
    0x080032fc   0x080032fc   0x00000002   Code   RO         6603    i.HAL_TIMEx_CommutCallback  stm32f1xx_hal_tim_ex.o
    0x080032fe   0x080032fe   0x00000066   Code   RO         5887    i.HAL_TIM_Base_Init  stm32f1xx_hal_tim.o
    0x08003364   0x08003364   0x00000002   Code   RO         5889    i.HAL_TIM_Base_MspInit  stm32f1xx_hal_tim.o
    0x08003366   0x08003366   0x00000002   PAD
    0x08003368   0x08003368   0x00000090   Code   RO         5892    i.HAL_TIM_Base_Start_IT  stm32f1xx_hal_tim.o
    0x080033f8   0x080033f8   0x0000003e   Code   RO         5895    i.HAL_TIM_Base_Stop_IT  stm32f1xx_hal_tim.o
    0x08003436   0x08003436   0x00000002   Code   RO         5921    i.HAL_TIM_IC_CaptureCallback  stm32f1xx_hal_tim.o
    0x08003438   0x08003438   0x00000196   Code   RO         5935    i.HAL_TIM_IRQHandler  stm32f1xx_hal_tim.o
    0x080035ce   0x080035ce   0x00000002   Code   RO         5938    i.HAL_TIM_OC_DelayElapsedCallback  stm32f1xx_hal_tim.o
    0x080035d0   0x080035d0   0x00000002   Code   RO         5965    i.HAL_TIM_PWM_PulseFinishedCallback  stm32f1xx_hal_tim.o
    0x080035d2   0x080035d2   0x00000002   Code   RO         5973    i.HAL_TIM_PeriodElapsedCallback  stm32f1xx_hal_tim.o
    0x080035d4   0x080035d4   0x00000002   Code   RO         5978    i.HAL_TIM_TriggerCallback  stm32f1xx_hal_tim.o
    0x080035d6   0x080035d6   0x00000066   Code   RO         6888    i.HAL_UART_DMAStop  stm32f1xx_hal_uart.o
    0x0800363c   0x0800363c   0x00000002   Code   RO         6890    i.HAL_UART_ErrorCallback  stm32f1xx_hal_uart.o
    0x0800363e   0x0800363e   0x00000002   PAD
    0x08003640   0x08003640   0x00000154   Code   RO         6893    i.HAL_UART_IRQHandler  stm32f1xx_hal_uart.o
    0x08003794   0x08003794   0x00000072   Code   RO         6894    i.HAL_UART_Init     stm32f1xx_hal_uart.o
    0x08003806   0x08003806   0x00000002   Code   RO         6896    i.HAL_UART_MspInit  stm32f1xx_hal_uart.o
    0x08003808   0x08003808   0x000000c4   Code   RO         6898    i.HAL_UART_Receive_DMA  stm32f1xx_hal_uart.o
    0x080038cc   0x080038cc   0x00000002   Code   RO         1230    i.HAL_UART_RxCpltCallback  task_uart.o
    0x080038ce   0x080038ce   0x00000002   Code   RO         6901    i.HAL_UART_RxHalfCpltCallback  stm32f1xx_hal_uart.o
    0x080038d0   0x080038d0   0x000000d2   Code   RO         6902    i.HAL_UART_Transmit  stm32f1xx_hal_uart.o
    0x080039a2   0x080039a2   0x00000002   PAD
    0x080039a4   0x080039a4   0x0000009c   Code   RO         6903    i.HAL_UART_Transmit_DMA  stm32f1xx_hal_uart.o
    0x08003a40   0x08003a40   0x00000002   Code   RO         6905    i.HAL_UART_TxCpltCallback  stm32f1xx_hal_uart.o
    0x08003a42   0x08003a42   0x00000002   Code   RO         6906    i.HAL_UART_TxHalfCpltCallback  stm32f1xx_hal_uart.o
    0x08003a44   0x08003a44   0x0000003c   Code   RO         1448    i.Highvoltage_Send  task_voltage.o
    0x08003a80   0x08003a80   0x0000003c   Code   RO         1449    i.Lowvoltage_Send   task_voltage.o
    0x08003abc   0x08003abc   0x00000254   Code   RO         1205    i.Mag_data_getL     task_adcollect.o
    0x08003d10   0x08003d10   0x000001ec   Code   RO         1323    i.Manipulator_Analysis  task_manipulator.o
    0x08003efc   0x08003efc   0x0000003c   Code   RO         1324    i.Manipulator_SendDate  task_manipulator.o
    0x08003f38   0x08003f38   0x00000004   Code   RO         3064    i.MemManage_Handler  drv_hal.o
    0x08003f3c   0x08003f3c   0x000000a0   Code   RO         1404    i.MotorStatus_Analysis  task_tkc.o
    0x08003fdc   0x08003fdc   0x00000004   Code   RO         3065    i.NMI_Handler       drv_hal.o
    0x08003fe0   0x08003fe0   0x0000011c   Code   RO         7570    i.OCD_AD24BIT_Init  ocd_ad24bit.lib(ocd_ad24bit.o)
    0x080040fc   0x080040fc   0x00000208   Code   RO         7571    i.OCD_AD24bit_GetResult  ocd_ad24bit.lib(ocd_ad24bit.o)
    0x08004304   0x08004304   0x00000002   Code   RO         3066    i.PendSV_Handler    drv_hal.o
    0x08004306   0x08004306   0x00000002   PAD
    0x08004308   0x08004308   0x00000028   Code   RO         5344    i.RCC_Delay         stm32f1xx_hal_rcc.o
    0x08004330   0x08004330   0x00000270   Code   RO         1231    i.Receive_DMA       task_uart.o
    0x080045a0   0x080045a0   0x0000008c   Code   RO          198    i.Relay_Control     usercode.o
    0x0800462c   0x0800462c   0x00000028   Code   RO         5594    i.SPI_EndRxTxTransaction  stm32f1xx_hal_spi.o
    0x08004654   0x08004654   0x000000d8   Code   RO         5599    i.SPI_WaitFlagStateUntilTimeout  stm32f1xx_hal_spi.o
    0x0800472c   0x0800472c   0x00000002   Code   RO         3067    i.SVC_Handler       drv_hal.o
    0x0800472e   0x0800472e   0x0000000a   Code   RO         7572    i.S_AD24BIT_Delay   ocd_ad24bit.lib(ocd_ad24bit.o)
    0x08004738   0x08004738   0x000000d0   Code   RO         3293    i.S_GPIO_CLKEnable  drv_hal_gpio.o
    0x08004808   0x08004808   0x000000f2   Code   RO         3295    i.S_GPIO_NVICParamConfig  drv_hal_gpio.o
    0x080048fa   0x080048fa   0x0000000e   Code   RO         3296    i.S_GPIO_ParamConfig  drv_hal_gpio.o
    0x08004908   0x08004908   0x00000066   Code   RO         3068    i.S_HAL_CLKConfig   drv_hal.o
    0x0800496e   0x0800496e   0x00000002   PAD
    0x08004970   0x08004970   0x00000080   Code   RO         3535    i.S_SPI_CLKEnable   drv_hal_spi.o
    0x080049f0   0x080049f0   0x00000074   Code   RO         3536    i.S_SPI_GPIOConfig  drv_hal_spi.o
    0x08004a64   0x08004a64   0x00000034   Code   RO         3537    i.S_SPI_ParamConfig  drv_hal_spi.o
    0x08004a98   0x08004a98   0x00000144   Code   RO         3644    i.S_TIM_CLKEnable   drv_hal_timer.o
    0x08004bdc   0x08004bdc   0x000000cc   Code   RO         3645    i.S_TIM_NVICConfig  drv_hal_timer.o
    0x08004ca8   0x08004ca8   0x0000003c   Code   RO         3646    i.S_TIM_PramConfig  drv_hal_timer.o
    0x08004ce4   0x08004ce4   0x00000002   Code   RO         3714    i.S_Uart_CLKConfig  drv_hal_uart.o
    0x08004ce6   0x08004ce6   0x00000002   PAD
    0x08004ce8   0x08004ce8   0x000000d0   Code   RO         3715    i.S_Uart_CLKEnable  drv_hal_uart.o
    0x08004db8   0x08004db8   0x0000005c   Code   RO         3716    i.S_Uart_DMAParamConfig  drv_hal_uart.o
    0x08004e14   0x08004e14   0x000000e4   Code   RO         3717    i.S_Uart_DMA_CLKEnable  drv_hal_uart.o
    0x08004ef8   0x08004ef8   0x00000114   Code   RO         3718    i.S_Uart_DMA_NVICConfig  drv_hal_uart.o
    0x0800500c   0x0800500c   0x00000168   Code   RO         3719    i.S_Uart_GPIOConfig  drv_hal_uart.o
    0x08005174   0x08005174   0x000000b0   Code   RO         3720    i.S_Uart_NVICConfig  drv_hal_uart.o
    0x08005224   0x08005224   0x00000038   Code   RO         3721    i.S_Uart_ParamConfig  drv_hal_uart.o
    0x0800525c   0x0800525c   0x00000344   Code   RO         3722    i.S_Uart_ParamMatch  drv_hal_uart.o
    0x080055a0   0x080055a0   0x00000018   Code   RO         2161    i.SetInPut          ocd_ch438q.o
    0x080055b8   0x080055b8   0x00000018   Code   RO         2162    i.SetOutPut         ocd_ch438q.o
    0x080055d0   0x080055d0   0x0000003c   Code   RO         1360    i.ShumeiCmd_Send    task_smp.o
    0x0800560c   0x0800560c   0x000004d8   Code   RO         1361    i.ShumeiData_Analysis  task_smp.o
    0x08005ae4   0x08005ae4   0x00000178   Code   RO         1362    i.ShumeiData_Send   task_smp.o
    0x08005c5c   0x08005c5c   0x00000008   Code   RO         3069    i.SysTick_Handler   drv_hal.o
    0x08005c64   0x08005c64   0x00000002   Code   RO         7515    i.SystemInit        system_stm32f1xx.o
    0x08005c66   0x08005c66   0x00000002   PAD
    0x08005c68   0x08005c68   0x00000038   Code   RO          620    i.TIM2_IRQHandler   task_irq.o
    0x08005ca0   0x08005ca0   0x00000038   Code   RO          621    i.TIM3_IRQHandler   task_irq.o
    0x08005cd8   0x08005cd8   0x00000018   Code   RO          622    i.TIM4_IRQHandler   task_irq.o
    0x08005cf0   0x08005cf0   0x00000002   Code   RO          623    i.TIM5_IRQHandler   task_irq.o
    0x08005cf2   0x08005cf2   0x00000002   PAD
    0x08005cf4   0x08005cf4   0x00000018   Code   RO          624    i.TIM6_IRQHandler   task_irq.o
    0x08005d0c   0x08005d0c   0x00000002   Code   RO          625    i.TIM7_IRQHandler   task_irq.o
    0x08005d0e   0x08005d0e   0x00000002   PAD
    0x08005d10   0x08005d10   0x0000009c   Code   RO         5980    i.TIM_Base_SetConfig  stm32f1xx_hal_tim.o
    0x08005dac   0x08005dac   0x00000002   Code   RO          626    i.Task_EXTI15_10_IRQHandler  task_irq.o
    0x08005dae   0x08005dae   0x00000002   Code   RO          627    i.Task_EXTI9_5_IRQHandler  task_irq.o
    0x08005db0   0x08005db0   0x00000008   Code   RO          960    i.Task_Sys_Init     task_sysinit.o
    0x08005db8   0x08005db8   0x00000194   Code   RO         1168    i.Task_UserInit     task_userinit.o
    0x08005f4c   0x08005f4c   0x00000088   Code   RO         1405    i.TuikongData_Analysis  task_tkc.o
    0x08005fd4   0x08005fd4   0x000000c8   Code   RO         1406    i.TuikongData_Send  task_tkc.o
    0x0800609c   0x0800609c   0x00000014   Code   RO          630    i.UART4_IRQHandler  task_irq.o
    0x080060b0   0x080060b0   0x00000002   Code   RO          631    i.UART5_IRQHandler  task_irq.o
    0x080060b2   0x080060b2   0x00000014   Code   RO         6907    i.UART_DMAAbortOnError  stm32f1xx_hal_uart.o
    0x080060c6   0x080060c6   0x00000050   Code   RO         6908    i.UART_DMAError     stm32f1xx_hal_uart.o
    0x08006116   0x08006116   0x00000046   Code   RO         6909    i.UART_DMAReceiveCplt  stm32f1xx_hal_uart.o
    0x0800615c   0x0800615c   0x0000000e   Code   RO         6911    i.UART_DMARxHalfCplt  stm32f1xx_hal_uart.o
    0x0800616a   0x0800616a   0x00000036   Code   RO         6913    i.UART_DMATransmitCplt  stm32f1xx_hal_uart.o
    0x080061a0   0x080061a0   0x0000000e   Code   RO         6915    i.UART_DMATxHalfCplt  stm32f1xx_hal_uart.o
    0x080061ae   0x080061ae   0x00000020   Code   RO         6917    i.UART_EndRxTransfer  stm32f1xx_hal_uart.o
    0x080061ce   0x080061ce   0x00000020   Code   RO         6918    i.UART_EndTransmit_IT  stm32f1xx_hal_uart.o
    0x080061ee   0x080061ee   0x00000014   Code   RO         6919    i.UART_EndTxTransfer  stm32f1xx_hal_uart.o
    0x08006202   0x08006202   0x000000a0   Code   RO         6920    i.UART_Receive_IT   stm32f1xx_hal_uart.o
    0x080062a2   0x080062a2   0x00000002   PAD
    0x080062a4   0x080062a4   0x000000fc   Code   RO         6921    i.UART_SetConfig    stm32f1xx_hal_uart.o
    0x080063a0   0x080063a0   0x00000060   Code   RO         6922    i.UART_Transmit_IT  stm32f1xx_hal_uart.o
    0x08006400   0x08006400   0x0000006c   Code   RO         6923    i.UART_WaitOnFlagUntilTimeout  stm32f1xx_hal_uart.o
    0x0800646c   0x0800646c   0x00000014   Code   RO          632    i.USART1_IRQHandler  task_irq.o
    0x08006480   0x08006480   0x00000014   Code   RO          633    i.USART2_IRQHandler  task_irq.o
    0x08006494   0x08006494   0x00000014   Code   RO          634    i.USART3_IRQHandler  task_irq.o
    0x080064a8   0x080064a8   0x00000004   Code   RO         3070    i.UsageFault_Handler  drv_hal.o
    0x080064ac   0x080064ac   0x00000198   Code   RO          201    i.UserLogic_Code    usercode.o
    0x08006644   0x08006644   0x00000020   Code   RO         8071    i.__0printf         mc_w.l(printfa.o)
    0x08006664   0x08006664   0x00000028   Code   RO         8073    i.__0sprintf        mc_w.l(printfa.o)
    0x0800668c   0x0800668c   0x0000002c   Code   RO         8076    i.__0vsnprintf      mc_w.l(printfa.o)
    0x080066b8   0x080066b8   0x00000010   Code   RO         4338    i.__NVIC_GetPriorityGrouping  stm32f1xx_hal_cortex.o
    0x080066c8   0x080066c8   0x00000028   Code   RO         4339    i.__NVIC_SetPriority  stm32f1xx_hal_cortex.o
    0x080066f0   0x080066f0   0x0000000e   Code   RO         8205    i.__scatterload_copy  mc_w.l(handlers.o)
    0x080066fe   0x080066fe   0x00000002   Code   RO         8206    i.__scatterload_null  mc_w.l(handlers.o)
    0x08006700   0x08006700   0x0000000e   Code   RO         8207    i.__scatterload_zeroinit  mc_w.l(handlers.o)
    0x0800670e   0x0800670e   0x00000002   PAD
    0x08006710   0x08006710   0x0000000c   Code   RO         8183    i.__set_errno       mc_w.l(errno.o)
    0x0800671c   0x0800671c   0x00000184   Code   RO         8078    i._fp_digits        mc_w.l(printfa.o)
    0x080068a0   0x080068a0   0x000006dc   Code   RO         8079    i._printf_core      mc_w.l(printfa.o)
    0x08006f7c   0x08006f7c   0x00000024   Code   RO         8080    i._printf_post_padding  mc_w.l(printfa.o)
    0x08006fa0   0x08006fa0   0x0000002e   Code   RO         8081    i._printf_pre_padding  mc_w.l(printfa.o)
    0x08006fce   0x08006fce   0x00000016   Code   RO         8082    i._snputc           mc_w.l(printfa.o)
    0x08006fe4   0x08006fe4   0x0000000a   Code   RO         8083    i._sputc            mc_w.l(printfa.o)
    0x08006fee   0x08006fee   0x00000002   PAD
    0x08006ff0   0x08006ff0   0x000000ec   Code   RO         2957    i.cm_backtrace_call_stack  cm_backtrace.o
    0x080070dc   0x080070dc   0x00000284   Code   RO         2959    i.cm_backtrace_fault  cm_backtrace.o
    0x08007360   0x08007360   0x0000002c   Code   RO         2960    i.cm_backtrace_firmware_info  cm_backtrace.o
    0x0800738c   0x0800738c   0x000000a0   Code   RO         2961    i.cm_backtrace_init  cm_backtrace.o
    0x0800742c   0x0800742c   0x00000030   Code   RO         2962    i.disassembly_ins_is_bl_blx  cm_backtrace.o
    0x0800745c   0x0800745c   0x000000dc   Code   RO         2963    i.dump_stack        cm_backtrace.o
    0x08007538   0x08007538   0x000002d4   Code   RO         2964    i.fault_diagnosis   cm_backtrace.o
    0x0800780c   0x0800780c   0x00000034   Code   RO         3072    i.fputc             drv_hal.o
    0x08007840   0x08007840   0x00000012   Code   RO            4    i.main              main.o
    0x08007852   0x08007852   0x00000002   PAD
    0x08007854   0x08007854   0x0000006c   Code   RO         8100    i.malloc            mc_w.l(malloc.o)
    0x080078c0   0x080078c0   0x00000098   Code   RO         2965    i.print_call_stack  cm_backtrace.o
    0x08007958   0x08007958   0x0000004c   Code   RO         7812    i.sqrt              m_ws.l(sqrt.o)
    0x080079a4   0x080079a4   0x0000000e   Data   RO         1169    .constdata          task_userinit.o
    0x080079b2   0x080079b2   0x0000000e   Data   RO         1206    .constdata          task_adcollect.o
    0x080079c0   0x080079c0   0x00000010   Data   RO         2164    .constdata          ocd_ch438q.o
    0x080079d0   0x080079d0   0x000000e0   Data   RO         2967    .constdata          cm_backtrace.o
    0x08007ab0   0x08007ab0   0x00000018   Data   RO         7516    .constdata          system_stm32f1xx.o
    0x08007ac8   0x08007ac8   0x000008c4   Data   RO         2968    .conststring        cm_backtrace.o
    0x0800838c   0x0800838c   0x00000020   Data   RO         8203    Region$$Table       anon$$obj.o


    Execution Region RW_IRAM1 (Exec base: 0x20000000, Load base: 0x080083ac, Size: 0x00001c70, Max: 0x0000c000, ABSOLUTE, COMPRESSED[0x00000388])

    Exec Addr    Load Addr    Size         Type   Attr      Idx    E Section Name        Object

    0x20000000   COMPRESSED   0x0000005b   Data   RW          203    .data               usercode.o
    0x2000005b   COMPRESSED   0x00000005   PAD
    0x20000060   COMPRESSED   0x00000cd0   Data   RW          449    .data               config.o
    0x20000d30   COMPRESSED   0x00000010   Data   RW         1233    .data               task_uart.o
    0x20000d40   COMPRESSED   0x00000019   Data   RW         1285    .data               task_depthometer.o
    0x20000d59   COMPRESSED   0x0000000d   Data   RW         1326    .data               task_manipulator.o
    0x20000d66   COMPRESSED   0x00000002   Data   RW         1364    .data               task_smp.o
    0x20000d68   COMPRESSED   0x00000003   Data   RW         1408    .data               task_tkc.o
    0x20000d6b   COMPRESSED   0x00000011   Data   RW         1451    .data               task_voltage.o
    0x20000d7c   COMPRESSED   0x00000001   Data   RW         2165    .data               ocd_ch438q.o
    0x20000d7d   COMPRESSED   0x00000003   PAD
    0x20000d80   COMPRESSED   0x00000014   Data   RW         2969    .data               cm_backtrace.o
    0x20000d94   COMPRESSED   0x00000004   Data   RW         3074    .data               drv_hal.o
    0x20000d98   COMPRESSED   0x00000009   Data   RW         3862    .data               stm32f1xx_hal.o
    0x20000da1   COMPRESSED   0x00000003   PAD
    0x20000da4   COMPRESSED   0x00000004   Data   RW         7517    .data               system_stm32f1xx.o
    0x20000da8   COMPRESSED   0x00000294   Data   RW         7573    .data               ocd_ad24bit.lib(ocd_ad24bit.o)
    0x2000103c   COMPRESSED   0x00000004   Data   RW         8179    .data               mc_w.l(mvars.o)
    0x20001040   COMPRESSED   0x00000004   Data   RW         8180    .data               mc_w.l(mvars.o)
    0x20001044   COMPRESSED   0x00000004   Data   RW         8184    .data               mc_w.l(errno.o)
    0x20001048        -       0x000000f0   Zero   RW         1232    .bss                task_uart.o
    0x20001138        -       0x00000014   Zero   RW         1284    .bss                task_depthometer.o
    0x2000114c        -       0x00000014   Zero   RW         1325    .bss                task_manipulator.o
    0x20001160        -       0x00000156   Zero   RW         1363    .bss                task_smp.o
    0x200012b6   COMPRESSED   0x00000002   PAD
    0x200012b8        -       0x00000088   Zero   RW         1407    .bss                task_tkc.o
    0x20001340        -       0x00000032   Zero   RW         1450    .bss                task_voltage.o
    0x20001372        -       0x00000032   Zero   RW         2163    .bss                ocd_ch438q.o
    0x200013a4        -       0x000001c8   Zero   RW         2966    .bss                cm_backtrace.o
    0x2000156c        -       0x00000100   Zero   RW         3073    .bss                drv_hal.o
    0x2000166c   COMPRESSED   0x00000004   PAD
    0x20001670        -       0x00000200   Zero   RW         7549    HEAP                startup_stm32f103xe.o
    0x20001870        -       0x00000400   Zero   RW         7548    STACK               startup_stm32f103xe.o


==============================================================================

Image component sizes


      Code (inc. data)   RO Data    RW Data    ZI Data      Debug   Object Name

      2228        452       2468         20        456      13726   cm_backtrace.o
        12          0          0          0          0        384   cmb_fault.o
         0          0          0       3280          0     449127   config.o
       552        112          0          4        256       8826   drv_hal.o
        12          0          0          0          0        491   drv_hal_delay.o
       594         36          0          0          0       3119   drv_hal_gpio.o
       376         60          0          0          0       3552   drv_hal_spi.o
       650         84          0          0          0       4051   drv_hal_timer.o
      2540        256          0          0          0       8934   drv_hal_uart.o
         0          0          0          0          0        564   ff.o
        18          0          0          0          0     494163   main.o
      1230         90         16          1         50       7221   ocd_ch438q.o
        36          8        304          0       1536        876   startup_stm32f103xe.o
       192         36          0          9          0       6533   stm32f1xx_hal.o
       314         22          0          0          0      30499   stm32f1xx_hal_cortex.o
      1778         28          0          0          0       5873   stm32f1xx_hal_dma.o
       872         44          0          0          0       3303   stm32f1xx_hal_gpio.o
      1784        110          0          0          0       6024   stm32f1xx_hal_rcc.o
      1432          6          0          0          0       6242   stm32f1xx_hal_spi.o
       882         44          0          0          0       7305   stm32f1xx_hal_tim.o
         4          0          0          0          0       1525   stm32f1xx_hal_tim_ex.o
      2080         38          0          0          0      16298   stm32f1xx_hal_uart.o
         2          0         24          4          0       1327   system_stm32f1xx.o
       596         62         14          0          0       1044   task_adcollect.o
       164         30          0         25         20       2084   task_depthometer.o
       322         82          0          0          0       9461   task_irq.o
       552         66          0         13         20       2476   task_manipulator.o
      1676        132          0          2        342       5416   task_smp.o
         8          0          0          0          0     404372   task_sysinit.o
       496         44          0          3        136       2862   task_tkc.o
       626         74          0         16        240       2174   task_uart.o
       404        142         14          0          0        676   task_userinit.o
       412         50          0         17         50       2786   task_voltage.o
       548         88          0         91          0       2761   usercode.o

    ----------------------------------------------------------------------
     23422       2196       2872       3496       3112    1516075   Object Totals
         0          0         32          0          0          0   (incl. Generated)
        30          0          0         11          6          0   (incl. Padding)

    ----------------------------------------------------------------------

      Code (inc. data)   RO Data    RW Data    ZI Data      Debug   Library Member Name

        76          0          0          0          0         84   sqrt.o
        86          0          0          0          0          0   __dczerorl2.o
         0          0          0          0          0          0   entry.o
         0          0          0          0          0          0   entry10a.o
         0          0          0          0          0          0   entry11a.o
         8          4          0          0          0          0   entry2.o
         4          0          0          0          0          0   entry5.o
         0          0          0          0          0          0   entry7b.o
         0          0          0          0          0          0   entry8b.o
         8          4          0          0          0          0   entry9a.o
        12          6          0          4          0         68   errno.o
        30          0          0          0          0          0   handlers.o
        36          8          0          0          0         68   init.o
         0          0          0          0          0          0   iusefp.o
        30          0          0          0          0         68   llshl.o
        36          0          0          0          0         68   llsshr.o
        32          0          0          0          0         68   llushr.o
       108         16          0          0          0         84   malloc.o
        36          0          0          0          0         68   memcpya.o
        36          0          0          0          0        108   memseta.o
         0          0          0          8          0          0   mvars.o
      2374        100          0          0          0        752   printfa.o
        24          0          0          0          0         76   strncpy.o
        44          0          0          0          0         80   uidiv.o
        98          0          0          0          0         92   uldiv.o
        48          0          0          0          0         68   cdrcmple.o
        20          0          0          0          0         68   cfcmple.o
        56          0          0          0          0         88   d2f.o
       334          0          0          0          0        148   dadd.o
       222          0          0          0          0        100   ddiv.o
       186          0          0          0          0        176   depilogue.o
        48          0          0          0          0         68   dfixul.o
        34          0          0          0          0         76   dflti.o
        26          0          0          0          0         76   dfltui.o
       228          0          0          0          0         96   dmul.o
       162          0          0          0          0        100   dsqrt.o
       124          0          0          0          0         88   fdiv.o
       110          0          0          0          0        168   fepilogue.o
        50          0          0          0          0         68   ffixi.o
        40          0          0          0          0         68   ffixui.o
       100          0          0          0          0         76   fmul.o
      2538         46          0        660          0     427960   ocd_ad24bit.o

    ----------------------------------------------------------------------
      7414        184          0        672          0     431176   Library Totals
        10          0          0          0          0          0   (incl. Padding)

    ----------------------------------------------------------------------

      Code (inc. data)   RO Data    RW Data    ZI Data      Debug   Library Name

        76          0          0          0          0         84   m_ws.l
      3002        138          0         12          0       1600   mc_w.l
      1788          0          0          0          0       1532   mf_w.l
      2538         46          0        660          0     427960   ocd_ad24bit.lib

    ----------------------------------------------------------------------
      7414        184          0        672          0     431176   Library Totals

    ----------------------------------------------------------------------

==============================================================================


      Code (inc. data)   RO Data    RW Data    ZI Data      Debug   

     30836       2380       2872       4168       3112    1935575   Grand Totals
     30836       2380       2872        904       3112    1935575   ELF Image Totals (compressed)
     30836       2380       2872        904          0          0   ROM Totals

==============================================================================

    Total RO  Size (Code + RO Data)                33708 (  32.92kB)
    Total RW  Size (RW Data + ZI Data)              7280 (   7.11kB)
    Total ROM Size (Code + RO Data + RW Data)      34612 (  33.80kB)

==============================================================================

