Component: ARM Compiler 5.06 update 6 (build 750) Tool: armlink [4d35ed]

==============================================================================

Section Cross References

    main.o(i.main) refers to task_sysinit.o(i.Task_Sys_Init) for Task_Sys_Init
    main.o(i.main) refers to task_userinit.o(i.Task_UserInit) for Task_UserInit
    main.o(i.main) refers to usercode.o(i.UserLogic_Code) for UserLogic_Code
    usercode.o(i.Relay_Control) refers to stm32f1xx_hal_gpio.o(i.HAL_GPIO_WritePin) for HAL_GPIO_WritePin
    usercode.o(i.UserLogic_Code) refers to usercode.o(i.Relay_Control) for Relay_Control
    usercode.o(i.UserLogic_Code) refers to task_uart.o(i.Receive_DMA) for Receive_DMA
    usercode.o(i.UserLogic_Code) refers to task_tkc.o(i.TuikongData_Analysis) for TuikongData_Analysis
    usercode.o(i.UserLogic_Code) refers to task_smp.o(i.ShumeiData_Analysis) for ShumeiData_Analysis
    usercode.o(i.UserLogic_Code) refers to task_manipulator.o(i.Manipulator_Analysis) for Manipulator_Analysis
    usercode.o(i.UserLogic_Code) refers to task_voltage.o(i.CH438Q_Analysis) for CH438Q_Analysis
    usercode.o(i.UserLogic_Code) refers to task_depthometer.o(i.Depthometer_Analysis) for Depthometer_Analysis
    usercode.o(i.UserLogic_Code) refers to task_adcollect.o(i.Mag_data_getL) for Mag_data_getL
    usercode.o(i.UserLogic_Code) refers to d2f.o(.text) for __aeabi_d2f
    usercode.o(i.UserLogic_Code) refers to task_tkc.o(i.TuikongData_Send) for TuikongData_Send
    usercode.o(i.UserLogic_Code) refers to task_smp.o(i.ShumeiData_Send) for ShumeiData_Send
    usercode.o(i.UserLogic_Code) refers to task_depthometer.o(i.Depthometer_Send) for Depthometer_Send
    usercode.o(i.UserLogic_Code) refers to task_voltage.o(i.Highvoltage_Send) for Highvoltage_Send
    usercode.o(i.UserLogic_Code) refers to task_voltage.o(i.Lowvoltage_Send) for Lowvoltage_Send
    usercode.o(i.UserLogic_Code) refers to task_smp.o(.bss) for Uplink_Data
    usercode.o(i.UserLogic_Code) refers to task_tkc.o(.bss) for Downlink_Data
    usercode.o(i.UserLogic_Code) refers to usercode.o(.data) for Timeflag_100MS
    task_irq.o(i.DMA1_Channel4_IRQHandler) refers to stm32f1xx_hal_dma.o(i.HAL_DMA_IRQHandler) for HAL_DMA_IRQHandler
    task_irq.o(i.DMA1_Channel4_IRQHandler) refers to config.o(.data) for tSMP_Uart
    task_irq.o(i.DMA1_Channel7_IRQHandler) refers to stm32f1xx_hal_dma.o(i.HAL_DMA_IRQHandler) for HAL_DMA_IRQHandler
    task_irq.o(i.DMA1_Channel7_IRQHandler) refers to config.o(.data) for tTKC_Uart
    task_irq.o(i.EXTI0_IRQHandler) refers to drv_hal_gpio.o(i.Drv_GPIO_EXTI_IRQHandler) for Drv_GPIO_EXTI_IRQHandler
    task_irq.o(i.EXTI0_IRQHandler) refers to config.o(.data) for tCH438Q_EXIT_GPIO
    task_irq.o(i.EXTI15_10_IRQHandler) refers to task_irq.o(i.Task_EXTI15_10_IRQHandler) for Task_EXTI15_10_IRQHandler
    task_irq.o(i.EXTI9_5_IRQHandler) refers to task_irq.o(i.Task_EXTI9_5_IRQHandler) for Task_EXTI9_5_IRQHandler
    task_irq.o(i.HAL_UART_TxCpltCallback) refers to drv_hal_uart.o(i.Drv_Uart_DMA_TxHandler) for Drv_Uart_DMA_TxHandler
    task_irq.o(i.HAL_UART_TxCpltCallback) refers to config.o(.data) for tSMP_Uart
    task_irq.o(i.TIM2_IRQHandler) refers to drv_hal_timer.o(i.Drv_Timer_IRQHandler) for Drv_Timer_IRQHandler
    task_irq.o(i.TIM2_IRQHandler) refers to config.o(.data) for tTimer2
    task_irq.o(i.TIM2_IRQHandler) refers to usercode.o(.data) for Timeflag_500MS
    task_irq.o(i.TIM3_IRQHandler) refers to drv_hal_timer.o(i.Drv_Timer_IRQHandler) for Drv_Timer_IRQHandler
    task_irq.o(i.TIM3_IRQHandler) refers to config.o(.data) for tTimer3
    task_irq.o(i.TIM3_IRQHandler) refers to usercode.o(.data) for Timeflag_100MS
    task_irq.o(i.TIM4_IRQHandler) refers to drv_hal_timer.o(i.Drv_Timer_IRQHandler) for Drv_Timer_IRQHandler
    task_irq.o(i.TIM4_IRQHandler) refers to config.o(.data) for tTimer4
    task_irq.o(i.TIM4_IRQHandler) refers to usercode.o(.data) for Timeflag_800MS
    task_irq.o(i.UART4_IRQHandler) refers to drv_hal_uart.o(i.Drv_Uart_IRQHandler) for Drv_Uart_IRQHandler
    task_irq.o(i.UART4_IRQHandler) refers to drv_hal_uart.o(i.Drv_Uart_DMA_RxHandler) for Drv_Uart_DMA_RxHandler
    task_irq.o(i.UART4_IRQHandler) refers to config.o(.data) for tDepthometer_Uart
    task_irq.o(i.USART1_IRQHandler) refers to drv_hal_uart.o(i.Drv_Uart_IRQHandler) for Drv_Uart_IRQHandler
    task_irq.o(i.USART1_IRQHandler) refers to drv_hal_uart.o(i.Drv_Uart_DMA_RxHandler) for Drv_Uart_DMA_RxHandler
    task_irq.o(i.USART1_IRQHandler) refers to config.o(.data) for tSMP_Uart
    task_irq.o(i.USART2_IRQHandler) refers to drv_hal_uart.o(i.Drv_Uart_IRQHandler) for Drv_Uart_IRQHandler
    task_irq.o(i.USART2_IRQHandler) refers to drv_hal_uart.o(i.Drv_Uart_DMA_RxHandler) for Drv_Uart_DMA_RxHandler
    task_irq.o(i.USART2_IRQHandler) refers to config.o(.data) for tTKC_Uart
    task_irq.o(i.USART3_IRQHandler) refers to drv_hal_uart.o(i.Drv_Uart_IRQHandler) for Drv_Uart_IRQHandler
[...]
    S_Uart_NVICConfig                        0x0800525d   Thumb Code   154  drv_hal_uart.o(i.S_Uart_NVICConfig)
    i.S_Uart_ParamConfig                     0x0800530c   Section        0  drv_hal_uart.o(i.S_Uart_ParamConfig)
    S_Uart_ParamConfig                       0x0800530d   Thumb Code    22  drv_hal_uart.o(i.S_Uart_ParamConfig)
    i.S_Uart_ParamMatch                      0x08005344   Section        0  drv_hal_uart.o(i.S_Uart_ParamMatch)
    S_Uart_ParamMatch                        0x08005345   Thumb Code   792  drv_hal_uart.o(i.S_Uart_ParamMatch)
    i.SetInPut                               0x08005688   Section        0  ocd_ch438q.o(i.SetInPut)
    i.SetOutPut                              0x080056a0   Section        0  ocd_ch438q.o(i.SetOutPut)
    i.ShumeiCmd_Send                         0x080056b8   Section        0  task_smp.o(i.ShumeiCmd_Send)
    i.ShumeiData_Analysis                    0x080056f4   Section        0  task_smp.o(i.ShumeiData_Analysis)
    i.ShumeiData_Send                        0x08005b80   Section        0  task_smp.o(i.ShumeiData_Send)
    i.SysTick_Handler                        0x08005cf8   Section        0  drv_hal.o(i.SysTick_Handler)
    i.SystemInit                             0x08005d00   Section        0  system_stm32f1xx.o(i.SystemInit)
    i.TIM2_IRQHandler                        0x08005d04   Section        0  task_irq.o(i.TIM2_IRQHandler)
    i.TIM3_IRQHandler                        0x08005d3c   Section        0  task_irq.o(i.TIM3_IRQHandler)
    i.TIM4_IRQHandler                        0x08005d74   Section        0  task_irq.o(i.TIM4_IRQHandler)
    i.TIM5_IRQHandler                        0x08005d8c   Section        0  task_irq.o(i.TIM5_IRQHandler)
    i.TIM6_IRQHandler                        0x08005d8e   Section        0  task_irq.o(i.TIM6_IRQHandler)
    i.TIM7_IRQHandler                        0x08005d90   Section        0  task_irq.o(i.TIM7_IRQHandler)
    i.TIM_Base_SetConfig                     0x08005d94   Section        0  stm32f1xx_hal_tim.o(i.TIM_Base_SetConfig)
    i.Task_EXTI15_10_IRQHandler              0x08005e30   Section        0  task_irq.o(i.Task_EXTI15_10_IRQHandler)
    i.Task_EXTI9_5_IRQHandler                0x08005e32   Section        0  task_irq.o(i.Task_EXTI9_5_IRQHandler)
    i.Task_Sys_Init                          0x08005e34   Section        0  task_sysinit.o(i.Task_Sys_Init)
    i.Task_UserInit                          0x08005e3c   Section        0  task_userinit.o(i.Task_UserInit)
    i.TuikongData_Analysis                   0x08005f9c   Section        0  task_tkc.o(i.TuikongData_Analysis)
    i.TuikongData_Send                       0x08006024   Section        0  task_tkc.o(i.TuikongData_Send)
    i.UART4_IRQHandler                       0x080060ec   Section        0  task_irq.o(i.UART4_IRQHandler)
    i.UART5_IRQHandler                       0x08006100   Section        0  task_irq.o(i.UART5_IRQHandler)
    i.UART_DMAAbortOnError                   0x08006102   Section        0  stm32f1xx_hal_uart.o(i.UART_DMAAbortOnError)
    UART_DMAAbortOnError                     0x08006103   Thumb Code    20  stm32f1xx_hal_uart.o(i.UART_DMAAbortOnError)
    i.UART_DMAError                          0x08006116   Section        0  stm32f1xx_hal_uart.o(i.UART_DMAError)
    UART_DMAError                            0x08006117   Thumb Code    80  stm32f1xx_hal_uart.o(i.UART_DMAError)
    i.UART_DMAReceiveCplt                    0x08006166   Section        0  stm32f1xx_hal_uart.o(i.UART_DMAReceiveCplt)
    UART_DMAReceiveCplt                      0x08006167   Thumb Code    70  stm32f1xx_hal_uart.o(i.UART_DMAReceiveCplt)
    i.UART_DMARxHalfCplt                     0x080061ac   Section        0  stm32f1xx_hal_uart.o(i.UART_DMARxHalfCplt)
    UART_DMARxHalfCplt                       0x080061ad   Thumb Code    14  stm32f1xx_hal_uart.o(i.UART_DMARxHalfCplt)
    i.UART_DMATransmitCplt                   0x080061ba   Section        0  stm32f1xx_hal_uart.o(i.UART_DMATransmitCplt)
    UART_DMATransmitCplt                     0x080061bb   Thumb Code    54  stm32f1xx_hal_uart.o(i.UART_DMATransmitCplt)
    i.UART_DMATxHalfCplt                     0x080061f0   Section        0  stm32f1xx_hal_uart.o(i.UART_DMATxHalfCplt)
    UART_DMATxHalfCplt                       0x080061f1   Thumb Code    14  stm32f1xx_hal_uart.o(i.UART_DMATxHalfCplt)
    i.UART_EndRxTransfer                     0x080061fe   Section        0  stm32f1xx_hal_uart.o(i.UART_EndRxTransfer)
    UART_EndRxTransfer                       0x080061ff   Thumb Code    32  stm32f1xx_hal_uart.o(i.UART_EndRxTransfer)
    i.UART_EndTransmit_IT                    0x0800621e   Section        0  stm32f1xx_hal_uart.o(i.UART_EndTransmit_IT)
    UART_EndTransmit_IT                      0x0800621f   Thumb Code    32  stm32f1xx_hal_uart.o(i.UART_EndTransmit_IT)
    i.UART_EndTxTransfer                     0x0800623e   Section        0  stm32f1xx_hal_uart.o(i.UART_EndTxTransfer)
    UART_EndTxTransfer                       0x0800623f   Thumb Code    20  stm32f1xx_hal_uart.o(i.UART_EndTxTransfer)
    i.UART_Receive_IT                        0x08006252   Section        0  stm32f1xx_hal_uart.o(i.UART_Receive_IT)
    UART_Receive_IT                          0x08006253   Thumb Code   160  stm32f1xx_hal_uart.o(i.UART_Receive_IT)
    i.UART_SetConfig                         0x080062f4   Section        0  stm32f1xx_hal_uart.o(i.UART_SetConfig)
    UART_SetConfig                           0x080062f5   Thumb Code   248  stm32f1xx_hal_uart.o(i.UART_SetConfig)
    i.UART_Transmit_IT                       0x080063f0   Section        0  stm32f1xx_hal_uart.o(i.UART_Transmit_IT)
    UART_Transmit_IT                         0x080063f1   Thumb Code    96  stm32f1xx_hal_uart.o(i.UART_Transmit_IT)
    i.UART_WaitOnFlagUntilTimeout            0x08006450   Section        0  stm32f1xx_hal_uart.o(i.UART_WaitOnFlagUntilTimeout)
    UART_WaitOnFlagUntilTimeout              0x08006451   Thumb Code   108  stm32f1xx_hal_uart.o(i.UART_WaitOnFlagUntilTimeout)
    i.USART1_IRQHandler                      0x080064bc   Section        0  task_irq.o(i.USART1_IRQHandler)
    i.USART2_IRQHandler                      0x080064d0   Section        0  task_irq.o(i.USART2_IRQHandler)
    i.USART3_IRQHandler                      0x080064e4   Section        0  task_irq.o(i.USART3_IRQHandler)
    i.UsageFault_Handler                     0x080064f8   Section        0  drv_hal.o(i.UsageFault_Handler)
    i.UserLogic_Code                         0x080064fc   Section        0  usercode.o(i.UserLogic_Code)
    i.__0printf                              0x08006694   Section        0  printfa.o(i.__0printf)
    i.__0vsnprintf                           0x080066b4   Section        0  printfa.o(i.__0vsnprintf)
    i.__NVIC_GetPriorityGrouping             0x080066e0   Section        0  stm32f1xx_hal_cortex.o(i.__NVIC_GetPriorityGrouping)
    __NVIC_GetPriorityGrouping               0x080066e1   Thumb Code    10  stm32f1xx_hal_cortex.o(i.__NVIC_GetPriorityGrouping)
    i.__NVIC_SetPriority                     0x080066f0   Section        0  stm32f1xx_hal_cortex.o(i.__NVIC_SetPriority)
    __NVIC_SetPriority                       0x080066f1   Thumb Code    32  stm32f1xx_hal_cortex.o(i.__NVIC_SetPriority)
    i.__scatterload_copy                     0x08006718   Section       14  handlers.o(i.__scatterload_copy)
    i.__scatterload_null                     0x08006726   Section        2  handlers.o(i.__scatterload_null)
    i.__scatterload_zeroinit                 0x08006728   Section       14  handlers.o(i.__scatterload_zeroinit)
    i.__set_errno                            0x08006738   Section        0  errno.o(i.__set_errno)
    i._fp_digits                             0x08006744   Section        0  printfa.o(i._fp_digits)
    _fp_digits                               0x08006745   Thumb Code   366  printfa.o(i._fp_digits)
    i._printf_core                           0x080068c8   Section        0  printfa.o(i._printf_core)
    _printf_core                             0x080068c9   Thumb Code  1744  printfa.o(i._printf_core)
    i._printf_post_padding                   0x08006fa4   Section        0  printfa.o(i._printf_post_padding)
    _printf_post_padding                     0x08006fa5   Thumb Code    36  printfa.o(i._printf_post_padding)
    i._printf_pre_padding                    0x08006fc8   Section        0  printfa.o(i._printf_pre_padding)
    _printf_pre_padding                      0x08006fc9   Thumb Code    46  printfa.o(i._printf_pre_padding)
    i._snputc                                0x08006ff6   Section        0  printfa.o(i._snputc)
    _snputc                                  0x08006ff7   Thumb Code    22  printfa.o(i._snputc)
    i.fputc                                  0x0800700c   Section        0  drv_hal.o(i.fputc)
    i.main                                   0x08007040   Section        0  main.o(i.main)
    i.malloc                                 0x08007054   Section        0  malloc.o(i.malloc)
    i.sqrt                                   0x080070c0   Section        0  sqrt.o(i.sqrt)
    .constdata                               0x0800710c   Section       14  task_userinit.o(.constdata)
    __FUNCTION__                             0x0800710c   Data          14  task_userinit.o(.constdata)
    .constdata                               0x0800711a   Section       14  task_adcollect.o(.constdata)
    __FUNCTION__                             0x0800711a   Data          14  task_adcollect.o(.constdata)
    .constdata                               0x08007128   Section       16  ocd_ch438q.o(.constdata)
    .constdata                               0x08007138   Section       24  system_stm32f1xx.o(.constdata)
    .data                                    0x20000000   Section       80  usercode.o(.data)
    .data                                    0x20000050   Section     3204  config.o(.data)
    .data                                    0x20000cd4   Section       16  task_uart.o(.data)
    .data                                    0x20000ce4   Section       25  task_depthometer.o(.data)
    .data                                    0x20000cfd   Section       13  task_manipulator.o(.data)
    .data                                    0x20000d0a   Section        2  task_smp.o(.data)
    .data                                    0x20000d0c   Section        2  task_tkc.o(.data)
    .data                                    0x20000d0e   Section       17  task_voltage.o(.data)
    .data                                    0x20000d1f   Section        1  ocd_ch438q.o(.data)
    .data                                    0x20000d20   Section        4  drv_hal.o(.data)
    .data                                    0x20000d24   Section        9  stm32f1xx_hal.o(.data)
    .data                                    0x20000d30   Section        4  system_stm32f1xx.o(.data)
    .data                                    0x20000d34   Section      660  ocd_ad24bit.o(.data)
    .data                                    0x20000fc8   Section        4  mvars.o(.data)
    .data                                    0x20000fcc   Section        4  mvars.o(.data)
    .data                                    0x20000fd0   Section        4  errno.o(.data)
    _errno                                   0x20000fd0   Data           4  errno.o(.data)
    .bss                                     0x20000fd4   Section      240  task_uart.o(.bss)
    s_ucRxUart1                              0x20000fd4   Data         100  task_uart.o(.bss)
    s_ucRxUart2                              0x20001038   Data         100  task_uart.o(.bss)
    s_ucRxUart3                              0x2000109c   Data          20  task_uart.o(.bss)
    s_ucRxUart4                              0x200010b0   Data          20  task_uart.o(.bss)
    .bss                                     0x200010c4   Section       20  task_depthometer.o(.bss)
    .bss                                     0x200010d8   Section       20  task_manipulator.o(.bss)
    .bss                                     0x200010ec   Section      342  task_smp.o(.bss)
    .bss                                     0x20001244   Section      136  task_tkc.o(.bss)
    .bss                                     0x200012cc   Section       50  task_voltage.o(.bss)
    .bss                                     0x200012fe   Section       50  ocd_ch438q.o(.bss)
    .bss                                     0x20001330   Section      256  drv_hal.o(.bss)
    s_cpOutput                               0x20001330   Data         256  drv_hal.o(.bss)
    HEAP                                     0x20001430   Section      512  startup_stm32f103xe.o(HEAP)
    STACK                                    0x20001630   Section     1024  startup_stm32f103xe.o(STACK)

    Global Symbols

    Symbol Name                              Value     Ov Type        Size  Object(Section)

    BuildAttributes$$THM_ISAv4$P$D$K$B$S$PE$A:L22UL41UL21$X:L11$S22US41US21$IEEE1$IW$USESV6$~STKCKD$USESV7$~SHL$OTIME$ROPI$IEEEJ$EBA8$MICROLIB$REQ8$PRES8$EABIv2 0x00000000   Number         0  anon$$obj.o ABSOLUTE
    __ARM_use_no_argv                        0x00000000   Number         0  main.o ABSOLUTE
    __use_no_errno                           0x00000000   Number         0  useno.o ABSOLUTE
    __use_no_exception_handling              0x00000000   Number         0  useno.o ABSOLUTE
    __use_no_fp                              0x00000000   Number         0  useno.o ABSOLUTE
    __use_no_heap                            0x00000000   Number         0  useno.o ABSOLUTE
    __use_no_heap_region                     0x00000000   Number         0  useno.o ABSOLUTE
    __use_no_semihosting                     0x00000000   Number         0  useno.o ABSOLUTE
    __use_no_semihosting_swi                 0x00000000   Number         0  useno.o ABSOLUTE
    __use_no_signal_handling                 0x00000000   Number         0  useno.o ABSOLUTE
    _printf_a                                0x00000000   Number         0  stubs.o ABSOLUTE
    _printf_c                                0x00000000   Number         0  stubs.o ABSOLUTE
    _printf_charcount                        0x00000000   Number         0  stubs.o ABSOLUTE
    _printf_d                                0x00000000   Number         0  stubs.o ABSOLUTE
    _printf_e                                0x00000000   Number         0  stubs.o ABSOLUTE
    _printf_f                                0x00000000   Number         0  stubs.o ABSOLUTE
    _printf_flags                            0x00000000   Number         0  stubs.o ABSOLUTE
    _printf_fp_dec                           0x00000000   Number         0  stubs.o ABSOLUTE
    _printf_fp_hex                           0x00000000   Number         0  stubs.o ABSOLUTE
    _printf_g                                0x00000000   Number         0  stubs.o ABSOLUTE
    _printf_i                                0x00000000   Number         0  stubs.o ABSOLUTE
    _printf_int_dec                          0x00000000   Number         0  stubs.o ABSOLUTE
    _printf_l                                0x00000000   Number         0  stubs.o ABSOLUTE
    _printf_lc                               0x00000000   Number         0  stubs.o ABSOLUTE
    _printf_ll                               0x00000000   Number         0  stubs.o ABSOLUTE
    _printf_lld                              0x00000000   Number         0  stubs.o ABSOLUTE
    _printf_lli                              0x00000000   Number         0  stubs.o ABSOLUTE
    _printf_llo                              0x00000000   Number         0  stubs.o ABSOLUTE
    _printf_llu                              0x00000000   Number         0  stubs.o ABSOLUTE
    _printf_llx                              0x00000000   Number         0  stubs.o ABSOLUTE
    _printf_longlong_dec                     0x00000000   Number         0  stubs.o ABSOLUTE
    _printf_longlong_hex                     0x00000000   Number         0  stubs.o ABSOLUTE
    _printf_longlong_oct                     0x00000000   Number         0  stubs.o ABSOLUTE
    _printf_ls                               0x00000000   Number         0  stubs.o ABSOLUTE
    _printf_mbtowc                           0x00000000   Number         0  stubs.o ABSOLUTE
    _printf_n                                0x00000000   Number         0  stubs.o ABSOLUTE
    _printf_o                                0x00000000   Number         0  stubs.o ABSOLUTE
    _printf_p                                0x00000000   Number         0  stubs.o ABSOLUTE
    _printf_percent                          0x00000000   Number         0  stubs.o ABSOLUTE
    _printf_pre_padding                      0x00000000   Number         0  stubs.o ABSOLUTE
    _printf_return_value                     0x00000000   Number         0  stubs.o ABSOLUTE
    _printf_s                                0x00000000   Number         0  stubs.o ABSOLUTE
    _printf_sizespec                         0x00000000   Number         0  stubs.o ABSOLUTE
    _printf_str                              0x00000000   Number         0  stubs.o ABSOLUTE
    _printf_truncate_signed                  0x00000000   Number         0  stubs.o ABSOLUTE
    _printf_truncate_unsigned                0x00000000   Number         0  stubs.o ABSOLUTE
    _printf_u                                0x00000000   Number         0  stubs.o ABSOLUTE
    _printf_wc                               0x00000000   Number         0  stubs.o ABSOLUTE
    _printf_wctomb                           0x00000000   Number         0  stubs.o ABSOLUTE
    _printf_widthprec                        0x00000000   Number         0  stubs.o ABSOLUTE
    _printf_x                                0x00000000   Number         0  stubs.o ABSOLUTE
    __cpp_initialize__aeabi_                  - Undefined Weak Reference
    __cxa_finalize                            - Undefined Weak Reference
    _clock_init                               - Undefined Weak Reference
    _microlib_exit                            - Undefined Weak Reference
    __Vectors_Size                           0x00000130   Number         0  startup_stm32f103xe.o ABSOLUTE
    __Vectors                                0x08000000   Data           4  startup_stm32f103xe.o(RESET)
    __Vectors_End                            0x08000130   Data           0  startup_stm32f103xe.o(RESET)
    __main                                   0x08000131   Thumb Code     0  entry.o(.ARM.Collect$$$$00000000)
    _main_stk                                0x08000131   Thumb Code     0  entry2.o(.ARM.Collect$$$$00000001)
    _main_scatterload                        0x08000135   Thumb Code     0  entry5.o(.ARM.Collect$$$$00000004)
    __main_after_scatterload                 0x08000139   Thumb Code     0  entry5.o(.ARM.Collect$$$$00000004)
    _main_clock                              0x08000139   Thumb Code     0  entry7b.o(.ARM.Collect$$$$00000008)
    _main_cpp_init                           0x08000139   Thumb Code     0  entry8b.o(.ARM.Collect$$$$0000000A)
    _main_init                               0x08000139   Thumb Code     0  entry9a.o(.ARM.Collect$$$$0000000B)
    __rt_final_cpp                           0x08000141   Thumb Code     0  entry10a.o(.ARM.Collect$$$$0000000D)
    __rt_final_exit                          0x08000141   Thumb Code     0  entry11a.o(.ARM.Collect$$$$0000000F)
    Reset_Handler                            0x08000145   Thumb Code     8  startup_stm32f103xe.o(.text)
    ADC1_2_IRQHandler                        0x0800015f   Thumb Code     0  startup_stm32f103xe.o(.text)
    ADC3_IRQHandler                          0x0800015f   Thumb Code     0  startup_stm32f103xe.o(.text)
    CAN1_RX1_IRQHandler                      0x0800015f   Thumb Code     0  startup_stm32f103xe.o(.text)
    CAN1_SCE_IRQHandler                      0x0800015f   Thumb Code     0  startup_stm32f103xe.o(.text)
    DMA1_Channel1_IRQHandler                 0x0800015f   Thumb Code     0  startup_stm32f103xe.o(.text)
    DMA1_Channel2_IRQHandler                 0x0800015f   Thumb Code     0  startup_stm32f103xe.o(.text)
    DMA2_Channel1_IRQHandler                 0x0800015f   Thumb Code     0  startup_stm32f103xe.o(.text)
    DMA2_Channel2_IRQHandler                 0x0800015f   Thumb Code     0  startup_stm32f103xe.o(.text)
    DMA2_Channel4_5_IRQHandler               0x0800015f   Thumb Code     0  startup_stm32f103xe.o(.text)
    EXTI1_IRQHandler                         0x0800015f   Thumb Code     0  startup_stm32f103xe.o(.text)
    EXTI2_IRQHandler                         0x0800015f   Thumb Code     0  startup_stm32f103xe.o(.text)
    EXTI3_IRQHandler                         0x0800015f   Thumb Code     0  startup_stm32f103xe.o(.text)
    EXTI4_IRQHandler                         0x0800015f   Thumb Code     0  startup_stm32f103xe.o(.text)
    FLASH_IRQHandler                         0x0800015f   Thumb Code     0  startup_stm32f103xe.o(.text)
    FSMC_IRQHandler                          0x0800015f   Thumb Code     0  startup_stm32f103xe.o(.text)
    I2C1_ER_IRQHandler                       0x0800015f   Thumb Code     0  startup_stm32f103xe.o(.text)
    I2C1_EV_IRQHandler                       0x0800015f   Thumb Code     0  startup_stm32f103xe.o(.text)
    I2C2_ER_IRQHandler                       0x0800015f   Thumb Code     0  startup_stm32f103xe.o(.text)
    I2C2_EV_IRQHandler                       0x0800015f   Thumb Code     0  startup_stm32f103xe.o(.text)
    PVD_IRQHandler                           0x0800015f   Thumb Code     0  startup_stm32f103xe.o(.text)
    RCC_IRQHandler                           0x0800015f   Thumb Code     0  startup_stm32f103xe.o(.text)
    RTC_Alarm_IRQHandler                     0x0800015f   Thumb Code     0  startup_stm32f103xe.o(.text)
    RTC_IRQHandler                           0x0800015f   Thumb Code     0  startup_stm32f103xe.o(.text)
    SDIO_IRQHandler                          0x0800015f   Thumb Code     0  startup_stm32f103xe.o(.text)
    SPI1_IRQHandler                          0x0800015f   Thumb Code     0  startup_stm32f103xe.o(.text)
    SPI2_IRQHandler                          0x0800015f   Thumb Code     0  startup_stm32f103xe.o(.text)
    SPI3_IRQHandler                          0x0800015f   Thumb Code     0  startup_stm32f103xe.o(.text)
    TAMPER_IRQHandler                        0x0800015f   Thumb Code     0  startup_stm32f103xe.o(.text)
    TIM1_BRK_IRQHandler                      0x0800015f   Thumb Code     0  startup_stm32f103xe.o(.text)
    TIM1_CC_IRQHandler                       0x0800015f   Thumb Code     0  startup_stm32f103xe.o(.text)
    TIM1_TRG_COM_IRQHandler                  0x0800015f   Thumb Code     0  startup_stm32f103xe.o(.text)
    TIM1_UP_IRQHandler                       0x0800015f   Thumb Code     0  startup_stm32f103xe.o(.text)
    TIM8_BRK_IRQHandler                      0x0800015f   Thumb Code     0  startup_stm32f103xe.o(.text)
    TIM8_CC_IRQHandler                       0x0800015f   Thumb Code     0  startup_stm32f103xe.o(.text)
    TIM8_TRG_COM_IRQHandler                  0x0800015f   Thumb Code     0  startup_stm32f103xe.o(.text)
    TIM8_UP_IRQHandler                       0x0800015f   Thumb Code     0  startup_stm32f103xe.o(.text)
    USBWakeUp_IRQHandler                     0x0800015f   Thumb Code     0  startup_stm32f103xe.o(.text)
    USB_HP_CAN1_TX_IRQHandler                0x0800015f   Thumb Code     0  startup_stm32f103xe.o(.text)
    USB_LP_CAN1_RX0_IRQHandler               0x0800015f   Thumb Code     0  startup_stm32f103xe.o(.text)
    WWDG_IRQHandler                          0x0800015f   Thumb Code     0  startup_stm32f103xe.o(.text)
    __aeabi_llsr                             0x08000169   Thumb Code    32  llushr.o(.text)
    _ll_ushift_r                             0x08000169   Thumb Code     0  llushr.o(.text)
    __aeabi_memcpy                           0x08000189   Thumb Code    36  memcpya.o(.text)
    __aeabi_memcpy4                          0x08000189   Thumb Code     0  memcpya.o(.text)
    __aeabi_memcpy8                          0x08000189   Thumb Code     0  memcpya.o(.text)
    __aeabi_memset                           0x080001ad   Thumb Code    14  memseta.o(.text)
    __aeabi_memset4                          0x080001ad   Thumb Code     0  memseta.o(.text)
    __aeabi_memset8                          0x080001ad   Thumb Code     0  memseta.o(.text)
    __aeabi_memclr                           0x080001bb   Thumb Code     4  memseta.o(.text)
    __aeabi_memclr4                          0x080001bb   Thumb Code     0  memseta.o(.text)
    __aeabi_memclr8                          0x080001bb   Thumb Code     0  memseta.o(.text)
    _memset$wrapper                          0x080001bf   Thumb Code    18  memseta.o(.text)
    __aeabi_fmul                             0x080001d1   Thumb Code   100  fmul.o(.text)
    __aeabi_fdiv                             0x08000235   Thumb Code   124  fdiv.o(.text)
    __aeabi_dadd                             0x080002b1   Thumb Code   322  dadd.o(.text)
    __aeabi_dsub                             0x080003f3   Thumb Code     6  dadd.o(.text)
    __aeabi_drsub                            0x080003f9   Thumb Code     6  dadd.o(.text)
    __aeabi_dmul                             0x080003ff   Thumb Code   228  dmul.o(.text)
    __aeabi_ddiv                             0x080004e3   Thumb Code   222  ddiv.o(.text)
    __aeabi_i2d                              0x080005c1   Thumb Code    34  dflti.o(.text)
    __aeabi_ui2d                             0x080005e3   Thumb Code    26  dfltui.o(.text)
    __aeabi_f2iz                             0x080005fd   Thumb Code    50  ffixi.o(.text)
    __aeabi_f2uiz                            0x0800062f   Thumb Code    40  ffixui.o(.text)
    __aeabi_d2f                              0x08000657   Thumb Code    56  d2f.o(.text)
    __aeabi_cfcmpeq                          0x08000691   Thumb Code     0  cfcmple.o(.text)
    __aeabi_cfcmple                          0x08000691   Thumb Code    20  cfcmple.o(.text)
    __aeabi_uidiv                            0x080006a5   Thumb Code     0  uidiv.o(.text)
    __aeabi_uidivmod                         0x080006a5   Thumb Code    44  uidiv.o(.text)
    __aeabi_uldivmod                         0x080006d1   Thumb Code    98  uldiv.o(.text)
    __aeabi_llsl                             0x08000733   Thumb Code    30  llshl.o(.text)
    _ll_shift_l                              0x08000733   Thumb Code     0  llshl.o(.text)
    __aeabi_lasr                             0x08000751   Thumb Code    36  llsshr.o(.text)
    _ll_sshift_r                             0x08000751   Thumb Code     0  llsshr.o(.text)
    __I$use$fp                               0x08000775   Thumb Code     0  iusefp.o(.text)
    _float_round                             0x08000775   Thumb Code    18  fepilogue.o(.text)
    _float_epilogue                          0x08000787   Thumb Code    92  fepilogue.o(.text)
    _double_round                            0x080007e3   Thumb Code    30  depilogue.o(.text)
    _double_epilogue                         0x08000801   Thumb Code   156  depilogue.o(.text)
    _dsqrt                                   0x0800089d   Thumb Code   162  dsqrt.o(.text)
    __aeabi_d2ulz                            0x0800093f   Thumb Code    48  dfixul.o(.text)
    __aeabi_cdrcmple                         0x08000971   Thumb Code    48  cdrcmple.o(.text)
    __scatterload                            0x080009a1   Thumb Code    28  init.o(.text)
    __scatterload_rt2                        0x080009a1   Thumb Code     0  init.o(.text)
    __decompress                             0x080009c5   Thumb Code     0  __dczerorl2.o(.text)
    __decompress1                            0x080009c5   Thumb Code    86  __dczerorl2.o(.text)
    AD24BIT_ComputeCRC8                      0x08000a1b   Thumb Code    66  ocd_ad24bit.o(i.AD24BIT_ComputeCRC8)
    AD24BIT_ComputeDataregSize               0x08000a5d   Thumb Code    64  ocd_ad24bit.o(i.AD24BIT_ComputeDataregSize)
    AD24BIT_ComputeXOR8                      0x08000a9d   Thumb Code    22  ocd_ad24bit.o(i.AD24BIT_ComputeXOR8)
    AD24BIT_Config_ChannelRegister           0x08000ab3   Thumb Code   712  ocd_ad24bit.o(i.AD24BIT_Config_ChannelRegister)
    AD24BIT_GetReg                           0x08000d7b   Thumb Code    72  ocd_ad24bit.o(i.AD24BIT_GetReg)
    AD24BIT_IDCheck                          0x08000dc5   Thumb Code    50  ocd_ad24bit.o(i.AD24BIT_IDCheck)
    AD24BIT_ReadRegister                     0x08000dfd   Thumb Code   310  ocd_ad24bit.o(i.AD24BIT_ReadRegister)
    AD24BIT_Reset                            0x08000f33   Thumb Code    38  ocd_ad24bit.o(i.AD24BIT_Reset)
    AD24BIT_UpdateCRCSetting                 0x08000f59   Thumb Code    82  ocd_ad24bit.o(i.AD24BIT_UpdateCRCSetting)
    AD24BIT_WaitForReady                     0x08000fab   Thumb Code   100  ocd_ad24bit.o(i.AD24BIT_WaitForReady)
    AD24BIT_WriteRegister                    0x0800100f   Thumb Code   202  ocd_ad24bit.o(i.AD24BIT_WriteRegister)
    BusFault_Handler                         0x080010d9   Thumb Code     4  drv_hal.o(i.BusFault_Handler)
    CH438Q_Analysis                          0x080010dd   Thumb Code   254  task_voltage.o(i.CH438Q_Analysis)
    CH438ReadReg                             0x080011f9   Thumb Code   220  ocd_ch438q.o(i.CH438ReadReg)
    CH438WriteReg                            0x080012dd   Thumb Code   234  ocd_ch438q.o(i.CH438WriteReg)
    CH438_Init                               0x080013d1   Thumb Code    50  ocd_ch438q.o(i.CH438_Init)
    CH438_RecvDatas                          0x0800140d   Thumb Code   118  ocd_ch438q.o(i.CH438_RecvDatas)
    CH438_ResetSeril                         0x08001489   Thumb Code    24  ocd_ch438q.o(i.CH438_ResetSeril)
    CH438_SendDatas                          0x080014a5   Thumb Code    60  ocd_ch438q.o(i.CH438_SendDatas)
    CH438_Uart_Init                          0x080014e5   Thumb Code   174  ocd_ch438q.o(i.CH438_Uart_Init)
    DMA1_Channel3_IRQHandler                 0x08001599   Thumb Code     2  task_irq.o(i.DMA1_Channel3_IRQHandler)
    DMA1_Channel4_IRQHandler                 0x0800159d   Thumb Code    10  task_irq.o(i.DMA1_Channel4_IRQHandler)
    DMA1_Channel5_IRQHandler                 0x080015ad   Thumb Code     2  task_irq.o(i.DMA1_Channel5_IRQHandler)
    DMA1_Channel6_IRQHandler                 0x080015af   Thumb Code     2  task_irq.o(i.DMA1_Channel6_IRQHandler)
    DMA1_Channel7_IRQHandler                 0x080015b1   Thumb Code    10  task_irq.o(i.DMA1_Channel7_IRQHandler)
    DMA2_Channel3_IRQHandler                 0x080015c1   Thumb Code     2  task_irq.o(i.DMA2_Channel3_IRQHandler)
    DebugMon_Handler                         0x080015ef   Thumb Code     2  drv_hal.o(i.DebugMon_Handler)
    Delay_1us                                0x080015f1   Thumb Code    14  ocd_ch438q.o(i.Delay_1us)
    Depthometer_Analysis                     0x08001601   Thumb Code    94  task_depthometer.o(i.Depthometer_Analysis)
    Depthometer_Send                         0x08001679   Thumb Code    48  task_depthometer.o(i.Depthometer_Send)
    Drv_Delay_Ms                             0x080016b5   Thumb Code    12  drv_hal_delay.o(i.Drv_Delay_Ms)
    Drv_GPIO_EXTI_IRQHandler                 0x080016c1   Thumb Code    14  drv_hal_gpio.o(i.Drv_GPIO_EXTI_IRQHandler)
    Drv_GPIO_Init                            0x080016d1   Thumb Code   104  drv_hal_gpio.o(i.Drv_GPIO_Init)
    Drv_HAL_Error                            0x08001745   Thumb Code    24  drv_hal.o(i.Drv_HAL_Error)
    Drv_HAL_IncTick                          0x080017a1   Thumb Code    12  drv_hal.o(i.Drv_HAL_IncTick)
    Drv_HAL_Init                             0x080017ad   Thumb Code    12  drv_hal.o(i.Drv_HAL_Init)
    Drv_HAL_PrintLog                         0x080017b9   Thumb Code    54  drv_hal.o(i.Drv_HAL_PrintLog)
    Drv_SPI_Init                             0x0800180d   Thumb Code    24  drv_hal_spi.o(i.Drv_SPI_Init)
    Drv_SPI_Transmit                         0x08001825   Thumb Code    20  drv_hal_spi.o(i.Drv_SPI_Transmit)
    Drv_SPI_TransmitReceive                  0x08001839   Thumb Code    36  drv_hal_spi.o(i.Drv_SPI_TransmitReceive)
    Drv_Timer_Enable                         0x0800185d   Thumb Code    12  drv_hal_timer.o(i.Drv_Timer_Enable)
    Drv_Timer_IRQHandler                     0x08001869   Thumb Code    12  drv_hal_timer.o(i.Drv_Timer_IRQHandler)
    Drv_Timer_Init                           0x08001875   Thumb Code    18  drv_hal_timer.o(i.Drv_Timer_Init)
    Drv_Uart_DMAInit                         0x08001887   Thumb Code   150  drv_hal_uart.o(i.Drv_Uart_DMAInit)
    Drv_Uart_DMA_RxHandler                   0x0800191d   Thumb Code    82  drv_hal_uart.o(i.Drv_Uart_DMA_RxHandler)
    Drv_Uart_DMA_TxHandler                   0x08001971   Thumb Code   290  drv_hal_uart.o(i.Drv_Uart_DMA_TxHandler)
    Drv_Uart_IRQHandler                      0x08001a9d   Thumb Code    12  drv_hal_uart.o(i.Drv_Uart_IRQHandler)
    Drv_Uart_Transmit                        0x08001aa9   Thumb Code    22  drv_hal_uart.o(i.Drv_Uart_Transmit)
    Drv_Uart_Transmit_DMA                    0x08001abf   Thumb Code    40  drv_hal_uart.o(i.Drv_Uart_Transmit_DMA)
    EXTI0_IRQHandler                         0x08001ae9   Thumb Code    10  task_irq.o(i.EXTI0_IRQHandler)
    EXTI15_10_IRQHandler                     0x08001af9   Thumb Code     8  task_irq.o(i.EXTI15_10_IRQHandler)
    EXTI9_5_IRQHandler                       0x08001b01   Thumb Code     8  task_irq.o(i.EXTI9_5_IRQHandler)
    HAL_DMA_Abort                            0x08001b09   Thumb Code    86  stm32f1xx_hal_dma.o(i.HAL_DMA_Abort)
    HAL_DMA_Abort_IT                         0x08001b61   Thumb Code   414  stm32f1xx_hal_dma.o(i.HAL_DMA_Abort_IT)
    HAL_DMA_GetState                         0x08001d09   Thumb Code     8  stm32f1xx_hal_dma.o(i.HAL_DMA_GetState)
    HAL_DMA_IRQHandler                       0x08001d11   Thumb Code   910  stm32f1xx_hal_dma.o(i.HAL_DMA_IRQHandler)
    HAL_DMA_Init                             0x080020a9   Thumb Code   132  stm32f1xx_hal_dma.o(i.HAL_DMA_Init)
    HAL_DMA_Start_IT                         0x08002135   Thumb Code   156  stm32f1xx_hal_dma.o(i.HAL_DMA_Start_IT)
    HAL_Delay                                0x080021d1   Thumb Code    36  stm32f1xx_hal.o(i.HAL_Delay)
    HAL_GPIO_EXTI_Callback                   0x080021f9   Thumb Code   210  ocd_ch438q.o(i.HAL_GPIO_EXTI_Callback)
    HAL_GPIO_EXTI_IRQHandler                 0x080022e9   Thumb Code    24  stm32f1xx_hal_gpio.o(i.HAL_GPIO_EXTI_IRQHandler)
    HAL_GPIO_Init                            0x08002305   Thumb Code   792  stm32f1xx_hal_gpio.o(i.HAL_GPIO_Init)
    HAL_GPIO_WritePin                        0x08002645   Thumb Code    12  stm32f1xx_hal_gpio.o(i.HAL_GPIO_WritePin)
    HAL_GetTick                              0x08002651   Thumb Code     6  stm32f1xx_hal.o(i.HAL_GetTick)
    HAL_IncTick                              0x0800265d   Thumb Code    16  stm32f1xx_hal.o(i.HAL_IncTick)
    HAL_Init                                 0x08002675   Thumb Code    34  stm32f1xx_hal.o(i.HAL_Init)
    HAL_InitTick                             0x0800269d   Thumb Code    64  stm32f1xx_hal.o(i.HAL_InitTick)
    HAL_MspInit                              0x080026e9   Thumb Code   158  drv_hal.o(i.HAL_MspInit)
    HAL_NVIC_EnableIRQ                       0x08002791   Thumb Code    32  stm32f1xx_hal_cortex.o(i.HAL_NVIC_EnableIRQ)
    HAL_NVIC_SetPriority                     0x080027b1   Thumb Code   124  stm32f1xx_hal_cortex.o(i.HAL_NVIC_SetPriority)
    HAL_NVIC_SetPriorityGrouping             0x0800282d   Thumb Code    32  stm32f1xx_hal_cortex.o(i.HAL_NVIC_SetPriorityGrouping)
    HAL_RCC_ClockConfig                      0x08002855   Thumb Code   376  stm32f1xx_hal_rcc.o(i.HAL_RCC_ClockConfig)
    HAL_RCC_GetHCLKFreq                      0x080029e1   Thumb Code     6  stm32f1xx_hal_rcc.o(i.HAL_RCC_GetHCLKFreq)
    HAL_RCC_GetPCLK1Freq                     0x080029ed   Thumb Code    22  stm32f1xx_hal_rcc.o(i.HAL_RCC_GetPCLK1Freq)
    HAL_RCC_GetPCLK2Freq                     0x08002a0d   Thumb Code    22  stm32f1xx_hal_rcc.o(i.HAL_RCC_GetPCLK2Freq)
    HAL_RCC_GetSysClockFreq                  0x08002a2d   Thumb Code   116  stm32f1xx_hal_rcc.o(i.HAL_RCC_GetSysClockFreq)
    HAL_RCC_OscConfig                        0x08002ac1   Thumb Code  1114  stm32f1xx_hal_rcc.o(i.HAL_RCC_OscConfig)
    HAL_SPI_Init                             0x08002f25   Thumb Code   190  stm32f1xx_hal_spi.o(i.HAL_SPI_Init)
    HAL_SPI_MspInit                          0x08002fe3   Thumb Code     2  stm32f1xx_hal_spi.o(i.HAL_SPI_MspInit)
    HAL_SPI_Transmit                         0x08002fe5   Thumb Code   430  stm32f1xx_hal_spi.o(i.HAL_SPI_Transmit)
    HAL_SPI_TransmitReceive                  0x08003193   Thumb Code   554  stm32f1xx_hal_spi.o(i.HAL_SPI_TransmitReceive)
    HAL_SYSTICK_Callback                     0x080033bd   Thumb Code     2  stm32f1xx_hal_cortex.o(i.HAL_SYSTICK_Callback)
    HAL_SYSTICK_Config                       0x080033bf   Thumb Code    52  stm32f1xx_hal_cortex.o(i.HAL_SYSTICK_Config)
    HAL_SYSTICK_IRQHandler                   0x080033f3   Thumb Code     8  stm32f1xx_hal_cortex.o(i.HAL_SYSTICK_IRQHandler)
    HAL_TIMEx_BreakCallback                  0x080033fb   Thumb Code     2  stm32f1xx_hal_tim_ex.o(i.HAL_TIMEx_BreakCallback)
    HAL_TIMEx_CommutCallback                 0x080033fd   Thumb Code     2  stm32f1xx_hal_tim_ex.o(i.HAL_TIMEx_CommutCallback)
    HAL_TIM_Base_Init                        0x080033ff   Thumb Code   102  stm32f1xx_hal_tim.o(i.HAL_TIM_Base_Init)
    HAL_TIM_Base_MspInit                     0x08003465   Thumb Code     2  stm32f1xx_hal_tim.o(i.HAL_TIM_Base_MspInit)
    HAL_TIM_Base_Start_IT                    0x08003469   Thumb Code   122  stm32f1xx_hal_tim.o(i.HAL_TIM_Base_Start_IT)
    HAL_TIM_IC_CaptureCallback               0x080034f9   Thumb Code     2  stm32f1xx_hal_tim.o(i.HAL_TIM_IC_CaptureCallback)
    HAL_TIM_IRQHandler                       0x080034fb   Thumb Code   406  stm32f1xx_hal_tim.o(i.HAL_TIM_IRQHandler)
    HAL_TIM_OC_DelayElapsedCallback          0x08003691   Thumb Code     2  stm32f1xx_hal_tim.o(i.HAL_TIM_OC_DelayElapsedCallback)
    HAL_TIM_PWM_PulseFinishedCallback        0x08003693   Thumb Code     2  stm32f1xx_hal_tim.o(i.HAL_TIM_PWM_PulseFinishedCallback)
    HAL_TIM_PeriodElapsedCallback            0x08003695   Thumb Code     2  stm32f1xx_hal_tim.o(i.HAL_TIM_PeriodElapsedCallback)
    HAL_TIM_TriggerCallback                  0x08003697   Thumb Code     2  stm32f1xx_hal_tim.o(i.HAL_TIM_TriggerCallback)
    HAL_UART_DMAStop                         0x08003699   Thumb Code   102  stm32f1xx_hal_uart.o(i.HAL_UART_DMAStop)
    HAL_UART_ErrorCallback                   0x080036ff   Thumb Code     2  stm32f1xx_hal_uart.o(i.HAL_UART_ErrorCallback)
    HAL_UART_IRQHandler                      0x08003701   Thumb Code   334  stm32f1xx_hal_uart.o(i.HAL_UART_IRQHandler)
    HAL_UART_Init                            0x08003855   Thumb Code   114  stm32f1xx_hal_uart.o(i.HAL_UART_Init)
    HAL_UART_MspInit                         0x080038c7   Thumb Code     2  stm32f1xx_hal_uart.o(i.HAL_UART_MspInit)
    HAL_UART_Receive_DMA                     0x080038c9   Thumb Code   182  stm32f1xx_hal_uart.o(i.HAL_UART_Receive_DMA)
    HAL_UART_RxCpltCallback                  0x0800398d   Thumb Code     2  task_uart.o(i.HAL_UART_RxCpltCallback)
    HAL_UART_RxHalfCpltCallback              0x0800398f   Thumb Code     2  stm32f1xx_hal_uart.o(i.HAL_UART_RxHalfCpltCallback)
    HAL_UART_Transmit                        0x08003991   Thumb Code   210  stm32f1xx_hal_uart.o(i.HAL_UART_Transmit)
    HAL_UART_Transmit_DMA                    0x08003a65   Thumb Code   142  stm32f1xx_hal_uart.o(i.HAL_UART_Transmit_DMA)
    HAL_UART_TxCpltCallback                  0x08003b01   Thumb Code    28  task_irq.o(i.HAL_UART_TxCpltCallback)
    HAL_UART_TxHalfCpltCallback              0x08003b25   Thumb Code     2  stm32f1xx_hal_uart.o(i.HAL_UART_TxHalfCpltCallback)
    HardFault_Handler                        0x08003b27   Thumb Code     4  drv_hal.o(i.HardFault_Handler)
    Highvoltage_Send                         0x08003b2d   Thumb Code    50  task_voltage.o(i.Highvoltage_Send)
    Lowvoltage_Send                          0x08003b69   Thumb Code    50  task_voltage.o(i.Lowvoltage_Send)
    Mag_data_getL                            0x08003ba5   Thumb Code   534  task_adcollect.o(i.Mag_data_getL)
    Manipulator_Analysis                     0x08003df9   Thumb Code   444  task_manipulator.o(i.Manipulator_Analysis)
    Manipulator_SendDate                     0x08003fe5   Thumb Code    48  task_manipulator.o(i.Manipulator_SendDate)
    MemManage_Handler                        0x08004021   Thumb Code     4  drv_hal.o(i.MemManage_Handler)
    MotorStatus_Analysis                     0x08004025   Thumb Code   156  task_tkc.o(i.MotorStatus_Analysis)
    NMI_Handler                              0x080040c5   Thumb Code     4  drv_hal.o(i.NMI_Handler)
    OCD_AD24BIT_Init                         0x080040c9   Thumb Code   278  ocd_ad24bit.o(i.OCD_AD24BIT_Init)
    OCD_AD24bit_GetResult                    0x080041e5   Thumb Code   502  ocd_ad24bit.o(i.OCD_AD24bit_GetResult)
    PendSV_Handler                           0x080043ed   Thumb Code     2  drv_hal.o(i.PendSV_Handler)
    Receive_DMA                              0x08004419   Thumb Code   550  task_uart.o(i.Receive_DMA)
    Relay_Control                            0x08004689   Thumb Code   126  usercode.o(i.Relay_Control)
    SVC_Handler                              0x08004815   Thumb Code     2  drv_hal.o(i.SVC_Handler)
    SetInPut                                 0x08005689   Thumb Code    18  ocd_ch438q.o(i.SetInPut)
    SetOutPut                                0x080056a1   Thumb Code    18  ocd_ch438q.o(i.SetOutPut)
    ShumeiCmd_Send                           0x080056b9   Thumb Code    40  task_smp.o(i.ShumeiCmd_Send)
    ShumeiData_Analysis                      0x080056f5   Thumb Code  1138  task_smp.o(i.ShumeiData_Analysis)
    ShumeiData_Send                          0x08005b81   Thumb Code   352  task_smp.o(i.ShumeiData_Send)
    SysTick_Handler                          0x08005cf9   Thumb Code     8  drv_hal.o(i.SysTick_Handler)
    SystemInit                               0x08005d01   Thumb Code     2  system_stm32f1xx.o(i.SystemInit)
    TIM2_IRQHandler                          0x08005d05   Thumb Code    40  task_irq.o(i.TIM2_IRQHandler)
    TIM3_IRQHandler                          0x08005d3d   Thumb Code    40  task_irq.o(i.TIM3_IRQHandler)
    TIM4_IRQHandler                          0x08005d75   Thumb Code    16  task_irq.o(i.TIM4_IRQHandler)
    TIM5_IRQHandler                          0x08005d8d   Thumb Code     2  task_irq.o(i.TIM5_IRQHandler)
    TIM6_IRQHandler                          0x08005d8f   Thumb Code     2  task_irq.o(i.TIM6_IRQHandler)
    TIM7_IRQHandler                          0x08005d91   Thumb Code     2  task_irq.o(i.TIM7_IRQHandler)
    TIM_Base_SetConfig                       0x08005d95   Thumb Code   134  stm32f1xx_hal_tim.o(i.TIM_Base_SetConfig)
    Task_EXTI15_10_IRQHandler                0x08005e31   Thumb Code     2  task_irq.o(i.Task_EXTI15_10_IRQHandler)
    Task_EXTI9_5_IRQHandler                  0x08005e33   Thumb Code     2  task_irq.o(i.Task_EXTI9_5_IRQHandler)
    Task_Sys_Init                            0x08005e35   Thumb Code     8  task_sysinit.o(i.Task_Sys_Init)
    Task_UserInit                            0x08005e3d   Thumb Code   246  task_userinit.o(i.Task_UserInit)
    TuikongData_Analysis                     0x08005f9d   Thumb Code   116  task_tkc.o(i.TuikongData_Analysis)
    TuikongData_Send                         0x08006025   Thumb Code   180  task_tkc.o(i.TuikongData_Send)
    UART4_IRQHandler                         0x080060ed   Thumb Code    16  task_irq.o(i.UART4_IRQHandler)
    UART5_IRQHandler                         0x08006101   Thumb Code     2  task_irq.o(i.UART5_IRQHandler)
    USART1_IRQHandler                        0x080064bd   Thumb Code    16  task_irq.o(i.USART1_IRQHandler)
    USART2_IRQHandler                        0x080064d1   Thumb Code    16  task_irq.o(i.USART2_IRQHandler)
    USART3_IRQHandler                        0x080064e5   Thumb Code    16  task_irq.o(i.USART3_IRQHandler)
    UsageFault_Handler                       0x080064f9   Thumb Code     4  drv_hal.o(i.UsageFault_Handler)
    UserLogic_Code                           0x080064fd   Thumb Code   332  usercode.o(i.UserLogic_Code)
    __0printf                                0x08006695   Thumb Code    22  printfa.o(i.__0printf)
    __1printf                                0x08006695   Thumb Code     0  printfa.o(i.__0printf)
    __2printf                                0x08006695   Thumb Code     0  printfa.o(i.__0printf)
    __c89printf                              0x08006695   Thumb Code     0  printfa.o(i.__0printf)
    printf                                   0x08006695   Thumb Code     0  printfa.o(i.__0printf)
    __0vsnprintf                             0x080066b5   Thumb Code    40  printfa.o(i.__0vsnprintf)
    __1vsnprintf                             0x080066b5   Thumb Code     0  printfa.o(i.__0vsnprintf)
    __2vsnprintf                             0x080066b5   Thumb Code     0  printfa.o(i.__0vsnprintf)
    __c89vsnprintf                           0x080066b5   Thumb Code     0  printfa.o(i.__0vsnprintf)
    vsnprintf                                0x080066b5   Thumb Code     0  printfa.o(i.__0vsnprintf)
    __scatterload_copy                       0x08006719   Thumb Code    14  handlers.o(i.__scatterload_copy)
    __scatterload_null                       0x08006727   Thumb Code     2  handlers.o(i.__scatterload_null)
    __scatterload_zeroinit                   0x08006729   Thumb Code    14  handlers.o(i.__scatterload_zeroinit)
    __set_errno                              0x08006739   Thumb Code     6  errno.o(i.__set_errno)
    fputc                                    0x0800700d   Thumb Code    48  drv_hal.o(i.fputc)
    main                                     0x08007041   Thumb Code    18  main.o(i.main)
    malloc                                   0x08007055   Thumb Code    92  malloc.o(i.malloc)
    sqrt                                     0x080070c1   Thumb Code    76  sqrt.o(i.sqrt)
    offsetadd                                0x08007128   Data           8  ocd_ch438q.o(.constdata)
    Interruptnum                             0x08007130   Data           8  ocd_ch438q.o(.constdata)
    AHBPrescTable                            0x08007138   Data          16  system_stm32f1xx.o(.constdata)
    APBPrescTable                            0x08007148   Data           8  system_stm32f1xx.o(.constdata)
    Region$$Table$$Base                      0x08007150   Number         0  anon$$obj.o(Region$$Table)
    Region$$Table$$Limit                     0x08007170   Number         0  anon$$obj.o(Region$$Table)
    Timeflag_200MS                           0x20000000   Data           1  usercode.o(.data)
    Timeflag_100MS                           0x20000001   Data           1  usercode.o(.data)
    Timeflag_Count1                          0x20000002   Data           1  usercode.o(.data)
    Timeflag_Count2                          0x20000003   Data           1  usercode.o(.data)
    Timeflag_500MS                           0x20000004   Data           1  usercode.o(.data)
    Timeflag_800MS                           0x20000005   Data           1  usercode.o(.data)
    Timeflag_1S                              0x20000006   Data           1  usercode.o(.data)
    LX                                       0x20000008   Data           8  usercode.o(.data)
    LY                                       0x20000010   Data           8  usercode.o(.data)
    LZ                                       0x20000018   Data           8  usercode.o(.data)
    LALL                                     0x20000020   Data           8  usercode.o(.data)
    RX                                       0x20000028   Data           8  usercode.o(.data)
    RY                                       0x20000030   Data           8  usercode.o(.data)
    RZ                                       0x20000038   Data           8  usercode.o(.data)
    RALL                                     0x20000040   Data           8  usercode.o(.data)
    time_rand                                0x20000048   Data           4  usercode.o(.data)
    size                                     0x2000004c   Data           4  usercode.o(.data)
    tLED_GPIO                                0x20000050   Data          72  config.o(.data)
    tAD_GPIO                                 0x20000098   Data          24  config.o(.data)
    tSMP_Uart                                0x200000b0   Data         296  config.o(.data)
    tTKC_Uart                                0x200001d8   Data         296  config.o(.data)
    tManipulator_Uart                        0x20000300   Data         296  config.o(.data)
    tDepthometer_Uart                        0x20000428   Data         296  config.o(.data)
    tStandby_Uart                            0x20000550   Data         296  config.o(.data)
    tCH438Q_GPIO                             0x20000678   Data         360  config.o(.data)
    tCH438Q_EXIT_GPIO                        0x200007e0   Data          24  config.o(.data)
    tAD24BIT                                 0x200007f8   Data         584  config.o(.data)
    tTimer4                                  0x20000a40   Data          76  config.o(.data)
    tTimer3                                  0x20000a8c   Data          76  config.o(.data)
    tTimer2                                  0x20000ad8   Data          76  config.o(.data)
    tRS485_GPIO                              0x20000b24   Data         120  config.o(.data)
    tRS485TEST_GPIO                          0x20000b9c   Data          24  config.o(.data)
    tRelay_GPIO                              0x20000bb4   Data         288  config.o(.data)
    Data_length1                             0x20000cd4   Data           4  task_uart.o(.data)
    Data_length2                             0x20000cd8   Data           4  task_uart.o(.data)
    Data_length3                             0x20000cdc   Data           4  task_uart.o(.data)
    Data_length4                             0x20000ce0   Data           4  task_uart.o(.data)
    Depthometer_flag                         0x20000ce4   Data           1  task_depthometer.o(.data)
    Depthometer_Instruction1                 0x20000ce5   Data           8  task_depthometer.o(.data)
    Depthometer_Instruction2                 0x20000ced   Data           8  task_depthometer.o(.data)
    Depthometer_Instruction3                 0x20000cf5   Data           8  task_depthometer.o(.data)
    Manipulator_flag                         0x20000cfd   Data           1  task_manipulator.o(.data)
    Manipulator_Recvflag                     0x20000cfe   Data           1  task_manipulator.o(.data)
    Manipulator_Uptask                       0x20000cff   Data           1  task_manipulator.o(.data)
    Manipulator_HistoryUptask                0x20000d00   Data           1  task_manipulator.o(.data)
    Manipulator_Task                         0x20000d01   Data           1  task_manipulator.o(.data)
    Manipulator_SendCmd                      0x20000d02   Data           8  task_manipulator.o(.data)
    Shumei_flag                              0x20000d0a   Data           1  task_smp.o(.data)
    Shumei_PID_Flag                          0x20000d0b   Data           1  task_smp.o(.data)
    Tuikong_flag                             0x20000d0c   Data           1  task_tkc.o(.data)
    Hatchdoor_flag                           0x20000d0d   Data           1  task_tkc.o(.data)
    CH438Q_flag                              0x20000d0e   Data           1  task_voltage.o(.data)
    CH438Q_NUM                               0x20000d0f   Data           1  task_voltage.o(.data)
    Lowvoltage_Instruction                   0x20000d10   Data           7  task_voltage.o(.data)
    Highvoltage_Instruction                  0x20000d17   Data           8  task_voltage.o(.data)
    RevLen                                   0x20000d1f   Data           1  ocd_ch438q.o(.data)
    __stdout                                 0x20000d20   Data           4  drv_hal.o(.data)
    uwTick                                   0x20000d24   Data           4  stm32f1xx_hal.o(.data)
    uwTickPrio                               0x20000d28   Data           4  stm32f1xx_hal.o(.data)
    uwTickFreq                               0x20000d2c   Data           1  stm32f1xx_hal.o(.data)
    SystemCoreClock                          0x20000d30   Data           4  system_stm32f1xx.o(.data)
    ad24bit_regs                             0x20000d34   Data         660  ocd_ad24bit.o(.data)
    __microlib_freelist                      0x20000fc8   Data           4  mvars.o(.data)
    __microlib_freelist_initialised          0x20000fcc   Data           4  mvars.o(.data)
    Depthometer_buf                          0x200010c4   Data          20  task_depthometer.o(.bss)
    Manipulator_buf                          0x200010d8   Data          20  task_manipulator.o(.bss)
    Uplink_Data                              0x200010ec   Data          92  task_smp.o(.bss)
    Shumei_buf                               0x20001148   Data         100  task_smp.o(.bss)
    Shumei_RecvData                          0x200011ac   Data          40  task_smp.o(.bss)
    Shumei_SendData                          0x200011d4   Data         100  task_smp.o(.bss)
    Shumei_SendCmd                           0x20001238   Data          10  task_smp.o(.bss)
    Downlink_Data                            0x20001244   Data          36  task_tkc.o(.bss)
    Tuikong_buf                              0x20001268   Data          50  task_tkc.o(.bss)
    Tuikong_SendData                         0x2000129a   Data          50  task_tkc.o(.bss)
    CH438Q_buf                               0x200012cc   Data          50  task_voltage.o(.bss)
    Revbuff                                  0x200012fe   Data          50  ocd_ch438q.o(.bss)
    __heap_base                              0x20001430   Data           0  startup_stm32f103xe.o(HEAP)
    __heap_limit                             0x20001630   Data           0  startup_stm32f103xe.o(HEAP)
    __initial_sp                             0x20001a30   Data           0  startup_stm32f103xe.o(STACK)



==============================================================================

Memory Map of the image

  Image Entry point : 0x08000131

  Load Region LR_IROM1 (Base: 0x08000000, Size: 0x00008144, Max: 0x00040000, ABSOLUTE, COMPRESSED[0x000074e8])

    Execution Region ER_IROM1 (Exec base: 0x08000000, Load base: 0x08000000, Size: 0x00007170, Max: 0x00040000, ABSOLUTE)

    Exec Addr    Load Addr    Size         Type   Attr      Idx    E Section Name        Object

    0x08000000   0x08000000   0x00000130   Data   RO         6795    RESET               startup_stm32f103xe.o
    0x08000130   0x08000130   0x00000000   Code   RO         7064  * .ARM.Collect$$$$00000000  mc_w.l(entry.o)
    0x08000130   0x08000130   0x00000004   Code   RO         7400    .ARM.Collect$$$$00000001  mc_w.l(entry2.o)
    0x08000134   0x08000134   0x00000004   Code   RO         7403    .ARM.Collect$$$$00000004  mc_w.l(entry5.o)
    0x08000138   0x08000138   0x00000000   Code   RO         7405    .ARM.Collect$$$$00000008  mc_w.l(entry7b.o)
    0x08000138   0x08000138   0x00000000   Code   RO         7407    .ARM.Collect$$$$0000000A  mc_w.l(entry8b.o)
    0x08000138   0x08000138   0x00000008   Code   RO         7408    .ARM.Collect$$$$0000000B  mc_w.l(entry9a.o)
    0x08000140   0x08000140   0x00000000   Code   RO         7410    .ARM.Collect$$$$0000000D  mc_w.l(entry10a.o)
    0x08000140   0x08000140   0x00000000   Code   RO         7412    .ARM.Collect$$$$0000000F  mc_w.l(entry11a.o)
    0x08000140   0x08000140   0x00000004   Code   RO         7401    .ARM.Collect$$$$00002712  mc_w.l(entry2.o)
    0x08000144   0x08000144   0x00000024   Code   RO         6796    .text               startup_stm32f103xe.o
    0x08000168   0x08000168   0x00000020   Code   RO         7067    .text               mc_w.l(llushr.o)
    0x08000188   0x08000188   0x00000024   Code   RO         7069    .text               mc_w.l(memcpya.o)
    0x080001ac   0x080001ac   0x00000024   Code   RO         7071    .text               mc_w.l(memseta.o)
    0x080001d0   0x080001d0   0x00000064   Code   RO         7370    .text               mf_w.l(fmul.o)
    0x08000234   0x08000234   0x0000007c   Code   RO         7372    .text               mf_w.l(fdiv.o)
    0x080002b0   0x080002b0   0x0000014e   Code   RO         7374    .text               mf_w.l(dadd.o)
    0x080003fe   0x080003fe   0x000000e4   Code   RO         7376    .text               mf_w.l(dmul.o)
    0x080004e2   0x080004e2   0x000000de   Code   RO         7378    .text               mf_w.l(ddiv.o)
    0x080005c0   0x080005c0   0x00000022   Code   RO         7384    .text               mf_w.l(dflti.o)
    0x080005e2   0x080005e2   0x0000001a   Code   RO         7386    .text               mf_w.l(dfltui.o)
    0x080005fc   0x080005fc   0x00000032   Code   RO         7388    .text               mf_w.l(ffixi.o)
    0x0800062e   0x0800062e   0x00000028   Code   RO         7390    .text               mf_w.l(ffixui.o)
    0x08000656   0x08000656   0x00000038   Code   RO         7394    .text               mf_w.l(d2f.o)
    0x0800068e   0x0800068e   0x00000002   PAD
    0x08000690   0x08000690   0x00000014   Code   RO         7396    .text               mf_w.l(cfcmple.o)
    0x080006a4   0x080006a4   0x0000002c   Code   RO         7414    .text               mc_w.l(uidiv.o)
    0x080006d0   0x080006d0   0x00000062   Code   RO         7416    .text               mc_w.l(uldiv.o)
    0x08000732   0x08000732   0x0000001e   Code   RO         7418    .text               mc_w.l(llshl.o)
    0x08000750   0x08000750   0x00000024   Code   RO         7420    .text               mc_w.l(llsshr.o)
    0x08000774   0x08000774   0x00000000   Code   RO         7431    .text               mc_w.l(iusefp.o)
    0x08000774   0x08000774   0x0000006e   Code   RO         7432    .text               mf_w.l(fepilogue.o)
    0x080007e2   0x080007e2   0x000000ba   Code   RO         7434    .text               mf_w.l(depilogue.o)
    0x0800089c   0x0800089c   0x000000a2   Code   RO         7436    .text               mf_w.l(dsqrt.o)
    0x0800093e   0x0800093e   0x00000030   Code   RO         7438    .text               mf_w.l(dfixul.o)
    0x0800096e   0x0800096e   0x00000002   PAD
    0x08000970   0x08000970   0x00000030   Code   RO         7442    .text               mf_w.l(cdrcmple.o)
    0x080009a0   0x080009a0   0x00000024   Code   RO         7444    .text               mc_w.l(init.o)
    0x080009c4   0x080009c4   0x00000056   Code   RO         7454    .text               mc_w.l(__dczerorl2.o)
    0x08000a1a   0x08000a1a   0x00000042   Code   RO         6803    i.AD24BIT_ComputeCRC8  ocd_ad24bit.lib(ocd_ad24bit.o)
    0x08000a5c   0x08000a5c   0x00000040   Code   RO         6804    i.AD24BIT_ComputeDataregSize  ocd_ad24bit.lib(ocd_ad24bit.o)
    0x08000a9c   0x08000a9c   0x00000016   Code   RO         6805    i.AD24BIT_ComputeXOR8  ocd_ad24bit.lib(ocd_ad24bit.o)
    0x08000ab2   0x08000ab2   0x000002c8   Code   RO         6806    i.AD24BIT_Config_ChannelRegister  ocd_ad24bit.lib(ocd_ad24bit.o)
    0x08000d7a   0x08000d7a   0x00000048   Code   RO         6807    i.AD24BIT_GetReg    ocd_ad24bit.lib(ocd_ad24bit.o)
    0x08000dc2   0x08000dc2   0x00000002   PAD
    0x08000dc4   0x08000dc4   0x00000038   Code   RO         6808    i.AD24BIT_IDCheck   ocd_ad24bit.lib(ocd_ad24bit.o)
    0x08000dfc   0x08000dfc   0x00000136   Code   RO         6810    i.AD24BIT_ReadRegister  ocd_ad24bit.lib(ocd_ad24bit.o)
    0x08000f32   0x08000f32   0x00000026   Code   RO         6811    i.AD24BIT_Reset     ocd_ad24bit.lib(ocd_ad24bit.o)
    0x08000f58   0x08000f58   0x00000052   Code   RO         6812    i.AD24BIT_UpdateCRCSetting  ocd_ad24bit.lib(ocd_ad24bit.o)
    0x08000faa   0x08000faa   0x00000064   Code   RO         6813    i.AD24BIT_WaitForReady  ocd_ad24bit.lib(ocd_ad24bit.o)
    0x0800100e   0x0800100e   0x000000ca   Code   RO         6814    i.AD24BIT_WriteRegister  ocd_ad24bit.lib(ocd_ad24bit.o)
    0x080010d8   0x080010d8   0x00000004   Code   RO         2292    i.BusFault_Handler  drv_hal.o
    0x080010dc   0x080010dc   0x0000011c   Code   RO          784    i.CH438Q_Analysis   task_voltage.o
    0x080011f8   0x080011f8   0x000000e4   Code   RO         1480    i.CH438ReadReg      ocd_ch438q.o
    0x080012dc   0x080012dc   0x000000f4   Code   RO         1481    i.CH438WriteReg     ocd_ch438q.o
    0x080013d0   0x080013d0   0x0000003c   Code   RO         1487    i.CH438_Init        ocd_ch438q.o
    0x0800140c   0x0800140c   0x0000007c   Code   RO         1488    i.CH438_RecvDatas   ocd_ch438q.o
    0x08001488   0x08001488   0x0000001c   Code   RO         1490    i.CH438_ResetSeril  ocd_ch438q.o
    0x080014a4   0x080014a4   0x00000040   Code   RO         1491    i.CH438_SendDatas   ocd_ch438q.o
    0x080014e4   0x080014e4   0x000000b4   Code   RO         1495    i.CH438_Uart_Init   ocd_ch438q.o
    0x08001598   0x08001598   0x00000002   Code   RO          329    i.DMA1_Channel3_IRQHandler  task_irq.o
    0x0800159a   0x0800159a   0x00000002   PAD
    0x0800159c   0x0800159c   0x00000010   Code   RO          330    i.DMA1_Channel4_IRQHandler  task_irq.o
    0x080015ac   0x080015ac   0x00000002   Code   RO          331    i.DMA1_Channel5_IRQHandler  task_irq.o
    0x080015ae   0x080015ae   0x00000002   Code   RO          332    i.DMA1_Channel6_IRQHandler  task_irq.o
    0x080015b0   0x080015b0   0x00000010   Code   RO          333    i.DMA1_Channel7_IRQHandler  task_irq.o
    0x080015c0   0x080015c0   0x00000002   Code   RO          334    i.DMA2_Channel3_IRQHandler  task_irq.o
    0x080015c2   0x080015c2   0x0000002c   Code   RO         3744    i.DMA_SetConfig     stm32f1xx_hal_dma.o
    0x080015ee   0x080015ee   0x00000002   Code   RO         2293    i.DebugMon_Handler  drv_hal.o
    0x080015f0   0x080015f0   0x0000000e   Code   RO         1496    i.Delay_1us         ocd_ch438q.o
    0x080015fe   0x080015fe   0x00000002   PAD
    0x08001600   0x08001600   0x00000078   Code   RO          624    i.Depthometer_Analysis  task_depthometer.o
    0x08001678   0x08001678   0x0000003c   Code   RO          625    i.Depthometer_Send  task_depthometer.o
    0x080016b4   0x080016b4   0x0000000c   Code   RO         2499    i.Drv_Delay_Ms      drv_hal_delay.o
    0x080016c0   0x080016c0   0x0000000e   Code   RO         2530    i.Drv_GPIO_EXTI_IRQHandler  drv_hal_gpio.o
    0x080016ce   0x080016ce   0x00000002   PAD
    0x080016d0   0x080016d0   0x00000074   Code   RO         2531    i.Drv_GPIO_Init     drv_hal_gpio.o
    0x08001744   0x08001744   0x0000005c   Code   RO         2294    i.Drv_HAL_Error     drv_hal.o
    0x080017a0   0x080017a0   0x0000000c   Code   RO         2295    i.Drv_HAL_IncTick   drv_hal.o
    0x080017ac   0x080017ac   0x0000000c   Code   RO         2296    i.Drv_HAL_Init      drv_hal.o
    0x080017b8   0x080017b8   0x00000054   Code   RO         2298    i.Drv_HAL_PrintLog  drv_hal.o
    0x0800180c   0x0800180c   0x00000018   Code   RO         2776    i.Drv_SPI_Init      drv_hal_spi.o
    0x08001824   0x08001824   0x00000014   Code   RO         2778    i.Drv_SPI_Transmit  drv_hal_spi.o
    0x08001838   0x08001838   0x00000024   Code   RO         2779    i.Drv_SPI_TransmitReceive  drv_hal_spi.o
    0x0800185c   0x0800185c   0x0000000c   Code   RO         2885    i.Drv_Timer_Enable  drv_hal_timer.o
    0x08001868   0x08001868   0x0000000c   Code   RO         2886    i.Drv_Timer_IRQHandler  drv_hal_timer.o
    0x08001874   0x08001874   0x00000012   Code   RO         2887    i.Drv_Timer_Init    drv_hal_timer.o
    0x08001886   0x08001886   0x00000096   Code   RO         2947    i.Drv_Uart_DMAInit  drv_hal_uart.o
    0x0800191c   0x0800191c   0x00000052   Code   RO         2948    i.Drv_Uart_DMA_RxHandler  drv_hal_uart.o
    0x0800196e   0x0800196e   0x00000002   PAD
    0x08001970   0x08001970   0x0000012c   Code   RO         2949    i.Drv_Uart_DMA_TxHandler  drv_hal_uart.o
    0x08001a9c   0x08001a9c   0x0000000c   Code   RO         2950    i.Drv_Uart_IRQHandler  drv_hal_uart.o
    0x08001aa8   0x08001aa8   0x00000016   Code   RO         2956    i.Drv_Uart_Transmit  drv_hal_uart.o
    0x08001abe   0x08001abe   0x00000028   Code   RO         2957    i.Drv_Uart_Transmit_DMA  drv_hal_uart.o
    0x08001ae6   0x08001ae6   0x00000002   PAD
    0x08001ae8   0x08001ae8   0x00000010   Code   RO          335    i.EXTI0_IRQHandler  task_irq.o
    0x08001af8   0x08001af8   0x00000008   Code   RO          336    i.EXTI15_10_IRQHandler  task_irq.o
    0x08001b00   0x08001b00   0x00000008   Code   RO          337    i.EXTI9_5_IRQHandler  task_irq.o
    0x08001b08   0x08001b08   0x00000056   Code   RO         3745    i.HAL_DMA_Abort     stm32f1xx_hal_dma.o
    0x08001b5e   0x08001b5e   0x00000002   PAD
    0x08001b60   0x08001b60   0x000001a8   Code   RO         3746    i.HAL_DMA_Abort_IT  stm32f1xx_hal_dma.o
    0x08001d08   0x08001d08   0x00000008   Code   RO         3749    i.HAL_DMA_GetState  stm32f1xx_hal_dma.o
    0x08001d10   0x08001d10   0x00000398   Code   RO         3750    i.HAL_DMA_IRQHandler  stm32f1xx_hal_dma.o
    0x080020a8   0x080020a8   0x0000008c   Code   RO         3751    i.HAL_DMA_Init      stm32f1xx_hal_dma.o
    0x08002134   0x08002134   0x0000009c   Code   RO         3755    i.HAL_DMA_Start_IT  stm32f1xx_hal_dma.o
    0x080021d0   0x080021d0   0x00000028   Code   RO         3089    i.HAL_Delay         stm32f1xx_hal.o
    0x080021f8   0x080021f8   0x000000f0   Code   RO         1497    i.HAL_GPIO_EXTI_Callback  ocd_ch438q.o
    0x080022e8   0x080022e8   0x0000001c   Code   RO         4140    i.HAL_GPIO_EXTI_IRQHandler  stm32f1xx_hal_gpio.o
    0x08002304   0x08002304   0x00000340   Code   RO         4141    i.HAL_GPIO_Init     stm32f1xx_hal_gpio.o
    0x08002644   0x08002644   0x0000000c   Code   RO         4145    i.HAL_GPIO_WritePin  stm32f1xx_hal_gpio.o
    0x08002650   0x08002650   0x0000000c   Code   RO         3093    i.HAL_GetTick       stm32f1xx_hal.o
    0x0800265c   0x0800265c   0x00000018   Code   RO         3099    i.HAL_IncTick       stm32f1xx_hal.o
    0x08002674   0x08002674   0x00000028   Code   RO         3100    i.HAL_Init          stm32f1xx_hal.o
    0x0800269c   0x0800269c   0x0000004c   Code   RO         3101    i.HAL_InitTick      stm32f1xx_hal.o
    0x080026e8   0x080026e8   0x000000a8   Code   RO         2302    i.HAL_MspInit       drv_hal.o
    0x08002790   0x08002790   0x00000020   Code   RO         3570    i.HAL_NVIC_EnableIRQ  stm32f1xx_hal_cortex.o
    0x080027b0   0x080027b0   0x0000007c   Code   RO         3576    i.HAL_NVIC_SetPriority  stm32f1xx_hal_cortex.o
    0x0800282c   0x0800282c   0x00000028   Code   RO         3577    i.HAL_NVIC_SetPriorityGrouping  stm32f1xx_hal_cortex.o
    0x08002854   0x08002854   0x0000018c   Code   RO         4576    i.HAL_RCC_ClockConfig  stm32f1xx_hal_rcc.o
    0x080029e0   0x080029e0   0x0000000c   Code   RO         4581    i.HAL_RCC_GetHCLKFreq  stm32f1xx_hal_rcc.o
    0x080029ec   0x080029ec   0x00000020   Code   RO         4583    i.HAL_RCC_GetPCLK1Freq  stm32f1xx_hal_rcc.o
    0x08002a0c   0x08002a0c   0x00000020   Code   RO         4584    i.HAL_RCC_GetPCLK2Freq  stm32f1xx_hal_rcc.o
    0x08002a2c   0x08002a2c   0x00000094   Code   RO         4585    i.HAL_RCC_GetSysClockFreq  stm32f1xx_hal_rcc.o
    0x08002ac0   0x08002ac0   0x00000464   Code   RO         4588    i.HAL_RCC_OscConfig  stm32f1xx_hal_rcc.o
    0x08002f24   0x08002f24   0x000000be   Code   RO         4801    i.HAL_SPI_Init      stm32f1xx_hal_spi.o
    0x08002fe2   0x08002fe2   0x00000002   Code   RO         4803    i.HAL_SPI_MspInit   stm32f1xx_hal_spi.o
    0x08002fe4   0x08002fe4   0x000001ae   Code   RO         4809    i.HAL_SPI_Transmit  stm32f1xx_hal_spi.o
    0x08003192   0x08003192   0x0000022a   Code   RO         4810    i.HAL_SPI_TransmitReceive  stm32f1xx_hal_spi.o
    0x080033bc   0x080033bc   0x00000002   Code   RO         3580    i.HAL_SYSTICK_Callback  stm32f1xx_hal_cortex.o
    0x080033be   0x080033be   0x00000034   Code   RO         3581    i.HAL_SYSTICK_Config  stm32f1xx_hal_cortex.o
    0x080033f2   0x080033f2   0x00000008   Code   RO         3582    i.HAL_SYSTICK_IRQHandler  stm32f1xx_hal_cortex.o
    0x080033fa   0x080033fa   0x00000002   Code   RO         5847    i.HAL_TIMEx_BreakCallback  stm32f1xx_hal_tim_ex.o
    0x080033fc   0x080033fc   0x00000002   Code   RO         5848    i.HAL_TIMEx_CommutCallback  stm32f1xx_hal_tim_ex.o
    0x080033fe   0x080033fe   0x00000066   Code   RO         5132    i.HAL_TIM_Base_Init  stm32f1xx_hal_tim.o
    0x08003464   0x08003464   0x00000002   Code   RO         5134    i.HAL_TIM_Base_MspInit  stm32f1xx_hal_tim.o
    0x08003466   0x08003466   0x00000002   PAD
    0x08003468   0x08003468   0x00000090   Code   RO         5137    i.HAL_TIM_Base_Start_IT  stm32f1xx_hal_tim.o
    0x080034f8   0x080034f8   0x00000002   Code   RO         5166    i.HAL_TIM_IC_CaptureCallback  stm32f1xx_hal_tim.o
    0x080034fa   0x080034fa   0x00000196   Code   RO         5180    i.HAL_TIM_IRQHandler  stm32f1xx_hal_tim.o
    0x08003690   0x08003690   0x00000002   Code   RO         5183    i.HAL_TIM_OC_DelayElapsedCallback  stm32f1xx_hal_tim.o
    0x08003692   0x08003692   0x00000002   Code   RO         5210    i.HAL_TIM_PWM_PulseFinishedCallback  stm32f1xx_hal_tim.o
    0x08003694   0x08003694   0x00000002   Code   RO         5218    i.HAL_TIM_PeriodElapsedCallback  stm32f1xx_hal_tim.o
    0x08003696   0x08003696   0x00000002   Code   RO         5223    i.HAL_TIM_TriggerCallback  stm32f1xx_hal_tim.o
    0x08003698   0x08003698   0x00000066   Code   RO         6133    i.HAL_UART_DMAStop  stm32f1xx_hal_uart.o
    0x080036fe   0x080036fe   0x00000002   Code   RO         6135    i.HAL_UART_ErrorCallback  stm32f1xx_hal_uart.o
    0x08003700   0x08003700   0x00000154   Code   RO         6138    i.HAL_UART_IRQHandler  stm32f1xx_hal_uart.o
    0x08003854   0x08003854   0x00000072   Code   RO         6139    i.HAL_UART_Init     stm32f1xx_hal_uart.o
    0x080038c6   0x080038c6   0x00000002   Code   RO         6141    i.HAL_UART_MspInit  stm32f1xx_hal_uart.o
    0x080038c8   0x080038c8   0x000000c4   Code   RO         6143    i.HAL_UART_Receive_DMA  stm32f1xx_hal_uart.o
    0x0800398c   0x0800398c   0x00000002   Code   RO          572    i.HAL_UART_RxCpltCallback  task_uart.o
    0x0800398e   0x0800398e   0x00000002   Code   RO         6146    i.HAL_UART_RxHalfCpltCallback  stm32f1xx_hal_uart.o
    0x08003990   0x08003990   0x000000d2   Code   RO         6147    i.HAL_UART_Transmit  stm32f1xx_hal_uart.o
    0x08003a62   0x08003a62   0x00000002   PAD
    0x08003a64   0x08003a64   0x0000009c   Code   RO         6148    i.HAL_UART_Transmit_DMA  stm32f1xx_hal_uart.o
    0x08003b00   0x08003b00   0x00000024   Code   RO          338    i.HAL_UART_TxCpltCallback  task_irq.o
    0x08003b24   0x08003b24   0x00000002   Code   RO         6151    i.HAL_UART_TxHalfCpltCallback  stm32f1xx_hal_uart.o
    0x08003b26   0x08003b26   0x00000004   Code   RO         2303    i.HardFault_Handler  drv_hal.o
    0x08003b2a   0x08003b2a   0x00000002   PAD
    0x08003b2c   0x08003b2c   0x0000003c   Code   RO          785    i.Highvoltage_Send  task_voltage.o
    0x08003b68   0x08003b68   0x0000003c   Code   RO          786    i.Lowvoltage_Send   task_voltage.o
    0x08003ba4   0x08003ba4   0x00000254   Code   RO          547    i.Mag_data_getL     task_adcollect.o
    0x08003df8   0x08003df8   0x000001ec   Code   RO          661    i.Manipulator_Analysis  task_manipulator.o
    0x08003fe4   0x08003fe4   0x0000003c   Code   RO          662    i.Manipulator_SendDate  task_manipulator.o
    0x08004020   0x08004020   0x00000004   Code   RO         2304    i.MemManage_Handler  drv_hal.o
    0x08004024   0x08004024   0x000000a0   Code   RO          741    i.MotorStatus_Analysis  task_tkc.o
    0x080040c4   0x080040c4   0x00000004   Code   RO         2305    i.NMI_Handler       drv_hal.o
    0x080040c8   0x080040c8   0x0000011c   Code   RO         6815    i.OCD_AD24BIT_Init  ocd_ad24bit.lib(ocd_ad24bit.o)
    0x080041e4   0x080041e4   0x00000208   Code   RO         6816    i.OCD_AD24bit_GetResult  ocd_ad24bit.lib(ocd_ad24bit.o)
    0x080043ec   0x080043ec   0x00000002   Code   RO         2306    i.PendSV_Handler    drv_hal.o
    0x080043ee   0x080043ee   0x00000002   PAD
    0x080043f0   0x080043f0   0x00000028   Code   RO         4589    i.RCC_Delay         stm32f1xx_hal_rcc.o
    0x08004418   0x08004418   0x00000270   Code   RO          573    i.Receive_DMA       task_uart.o
    0x08004688   0x08004688   0x0000008c   Code   RO          198    i.Relay_Control     usercode.o
    0x08004714   0x08004714   0x00000028   Code   RO         4839    i.SPI_EndRxTxTransaction  stm32f1xx_hal_spi.o
    0x0800473c   0x0800473c   0x000000d8   Code   RO         4844    i.SPI_WaitFlagStateUntilTimeout  stm32f1xx_hal_spi.o
    0x08004814   0x08004814   0x00000002   Code   RO         2307    i.SVC_Handler       drv_hal.o
    0x08004816   0x08004816   0x0000000a   Code   RO         6817    i.S_AD24BIT_Delay   ocd_ad24bit.lib(ocd_ad24bit.o)
    0x08004820   0x08004820   0x000000d0   Code   RO         2538    i.S_GPIO_CLKEnable  drv_hal_gpio.o
    0x080048f0   0x080048f0   0x000000f2   Code   RO         2540    i.S_GPIO_NVICParamConfig  drv_hal_gpio.o
    0x080049e2   0x080049e2   0x0000000e   Code   RO         2541    i.S_GPIO_ParamConfig  drv_hal_gpio.o
    0x080049f0   0x080049f0   0x00000066   Code   RO         2308    i.S_HAL_CLKConfig   drv_hal.o
    0x08004a56   0x08004a56   0x00000002   PAD
    0x08004a58   0x08004a58   0x00000080   Code   RO         2780    i.S_SPI_CLKEnable   drv_hal_spi.o
    0x08004ad8   0x08004ad8   0x00000074   Code   RO         2781    i.S_SPI_GPIOConfig  drv_hal_spi.o
    0x08004b4c   0x08004b4c   0x00000034   Code   RO         2782    i.S_SPI_ParamConfig  drv_hal_spi.o
    0x08004b80   0x08004b80   0x00000144   Code   RO         2889    i.S_TIM_CLKEnable   drv_hal_timer.o
    0x08004cc4   0x08004cc4   0x000000cc   Code   RO         2890    i.S_TIM_NVICConfig  drv_hal_timer.o
    0x08004d90   0x08004d90   0x0000003c   Code   RO         2891    i.S_TIM_PramConfig  drv_hal_timer.o
    0x08004dcc   0x08004dcc   0x00000002   Code   RO         2959    i.S_Uart_CLKConfig  drv_hal_uart.o
    0x08004dce   0x08004dce   0x00000002   PAD
    0x08004dd0   0x08004dd0   0x000000d0   Code   RO         2960    i.S_Uart_CLKEnable  drv_hal_uart.o
    0x08004ea0   0x08004ea0   0x0000005c   Code   RO         2961    i.S_Uart_DMAParamConfig  drv_hal_uart.o
    0x08004efc   0x08004efc   0x000000e4   Code   RO         2962    i.S_Uart_DMA_CLKEnable  drv_hal_uart.o
    0x08004fe0   0x08004fe0   0x00000114   Code   RO         2963    i.S_Uart_DMA_NVICConfig  drv_hal_uart.o
    0x080050f4   0x080050f4   0x00000168   Code   RO         2964    i.S_Uart_GPIOConfig  drv_hal_uart.o
    0x0800525c   0x0800525c   0x000000b0   Code   RO         2965    i.S_Uart_NVICConfig  drv_hal_uart.o
    0x0800530c   0x0800530c   0x00000038   Code   RO         2966    i.S_Uart_ParamConfig  drv_hal_uart.o
    0x08005344   0x08005344   0x00000344   Code   RO         2967    i.S_Uart_ParamMatch  drv_hal_uart.o
    0x08005688   0x08005688   0x00000018   Code   RO         1498    i.SetInPut          ocd_ch438q.o
    0x080056a0   0x080056a0   0x00000018   Code   RO         1499    i.SetOutPut         ocd_ch438q.o
    0x080056b8   0x080056b8   0x0000003c   Code   RO          698    i.ShumeiCmd_Send    task_smp.o
    0x080056f4   0x080056f4   0x0000048c   Code   RO          699    i.ShumeiData_Analysis  task_smp.o
    0x08005b80   0x08005b80   0x00000178   Code   RO          700    i.ShumeiData_Send   task_smp.o
    0x08005cf8   0x08005cf8   0x00000008   Code   RO         2309    i.SysTick_Handler   drv_hal.o
    0x08005d00   0x08005d00   0x00000002   Code   RO         6760    i.SystemInit        system_stm32f1xx.o
    0x08005d02   0x08005d02   0x00000002   PAD
    0x08005d04   0x08005d04   0x00000038   Code   RO          339    i.TIM2_IRQHandler   task_irq.o
    0x08005d3c   0x08005d3c   0x00000038   Code   RO          340    i.TIM3_IRQHandler   task_irq.o
    0x08005d74   0x08005d74   0x00000018   Code   RO          341    i.TIM4_IRQHandler   task_irq.o
    0x08005d8c   0x08005d8c   0x00000002   Code   RO          342    i.TIM5_IRQHandler   task_irq.o
    0x08005d8e   0x08005d8e   0x00000002   Code   RO          343    i.TIM6_IRQHandler   task_irq.o
    0x08005d90   0x08005d90   0x00000002   Code   RO          344    i.TIM7_IRQHandler   task_irq.o
    0x08005d92   0x08005d92   0x00000002   PAD
    0x08005d94   0x08005d94   0x0000009c   Code   RO         5225    i.TIM_Base_SetConfig  stm32f1xx_hal_tim.o
    0x08005e30   0x08005e30   0x00000002   Code   RO          345    i.Task_EXTI15_10_IRQHandler  task_irq.o
    0x08005e32   0x08005e32   0x00000002   Code   RO          346    i.Task_EXTI9_5_IRQHandler  task_irq.o
    0x08005e34   0x08005e34   0x00000008   Code   RO          498    i.Task_Sys_Init     task_sysinit.o
    0x08005e3c   0x08005e3c   0x00000160   Code   RO          522    i.Task_UserInit     task_userinit.o
    0x08005f9c   0x08005f9c   0x00000088   Code   RO          742    i.TuikongData_Analysis  task_tkc.o
    0x08006024   0x08006024   0x000000c8   Code   RO          743    i.TuikongData_Send  task_tkc.o
    0x080060ec   0x080060ec   0x00000014   Code   RO          349    i.UART4_IRQHandler  task_irq.o
    0x08006100   0x08006100   0x00000002   Code   RO          350    i.UART5_IRQHandler  task_irq.o
    0x08006102   0x08006102   0x00000014   Code   RO         6152    i.UART_DMAAbortOnError  stm32f1xx_hal_uart.o
    0x08006116   0x08006116   0x00000050   Code   RO         6153    i.UART_DMAError     stm32f1xx_hal_uart.o
    0x08006166   0x08006166   0x00000046   Code   RO         6154    i.UART_DMAReceiveCplt  stm32f1xx_hal_uart.o
    0x080061ac   0x080061ac   0x0000000e   Code   RO         6156    i.UART_DMARxHalfCplt  stm32f1xx_hal_uart.o
    0x080061ba   0x080061ba   0x00000036   Code   RO         6158    i.UART_DMATransmitCplt  stm32f1xx_hal_uart.o
    0x080061f0   0x080061f0   0x0000000e   Code   RO         6160    i.UART_DMATxHalfCplt  stm32f1xx_hal_uart.o
    0x080061fe   0x080061fe   0x00000020   Code   RO         6162    i.UART_EndRxTransfer  stm32f1xx_hal_uart.o
    0x0800621e   0x0800621e   0x00000020   Code   RO         6163    i.UART_EndTransmit_IT  stm32f1xx_hal_uart.o
    0x0800623e   0x0800623e   0x00000014   Code   RO         6164    i.UART_EndTxTransfer  stm32f1xx_hal_uart.o
    0x08006252   0x08006252   0x000000a0   Code   RO         6165    i.UART_Receive_IT   stm32f1xx_hal_uart.o
    0x080062f2   0x080062f2   0x00000002   PAD
    0x080062f4   0x080062f4   0x000000fc   Code   RO         6166    i.UART_SetConfig    stm32f1xx_hal_uart.o
    0x080063f0   0x080063f0   0x00000060   Code   RO         6167    i.UART_Transmit_IT  stm32f1xx_hal_uart.o
    0x08006450   0x08006450   0x0000006c   Code   RO         6168    i.UART_WaitOnFlagUntilTimeout  stm32f1xx_hal_uart.o
    0x080064bc   0x080064bc   0x00000014   Code   RO          351    i.USART1_IRQHandler  task_irq.o
    0x080064d0   0x080064d0   0x00000014   Code   RO          352    i.USART2_IRQHandler  task_irq.o
    0x080064e4   0x080064e4   0x00000014   Code   RO          353    i.USART3_IRQHandler  task_irq.o
    0x080064f8   0x080064f8   0x00000004   Code   RO         2310    i.UsageFault_Handler  drv_hal.o
    0x080064fc   0x080064fc   0x00000198   Code   RO          200    i.UserLogic_Code    usercode.o
    0x08006694   0x08006694   0x00000020   Code   RO         7314    i.__0printf         mc_w.l(printfa.o)
    0x080066b4   0x080066b4   0x0000002c   Code   RO         7319    i.__0vsnprintf      mc_w.l(printfa.o)
    0x080066e0   0x080066e0   0x00000010   Code   RO         3583    i.__NVIC_GetPriorityGrouping  stm32f1xx_hal_cortex.o
    0x080066f0   0x080066f0   0x00000028   Code   RO         3584    i.__NVIC_SetPriority  stm32f1xx_hal_cortex.o
    0x08006718   0x08006718   0x0000000e   Code   RO         7448    i.__scatterload_copy  mc_w.l(handlers.o)
    0x08006726   0x08006726   0x00000002   Code   RO         7449    i.__scatterload_null  mc_w.l(handlers.o)
    0x08006728   0x08006728   0x0000000e   Code   RO         7450    i.__scatterload_zeroinit  mc_w.l(handlers.o)
    0x08006736   0x08006736   0x00000002   PAD
    0x08006738   0x08006738   0x0000000c   Code   RO         7426    i.__set_errno       mc_w.l(errno.o)
    0x08006744   0x08006744   0x00000184   Code   RO         7321    i._fp_digits        mc_w.l(printfa.o)
    0x080068c8   0x080068c8   0x000006dc   Code   RO         7322    i._printf_core      mc_w.l(printfa.o)
    0x08006fa4   0x08006fa4   0x00000024   Code   RO         7323    i._printf_post_padding  mc_w.l(printfa.o)
    0x08006fc8   0x08006fc8   0x0000002e   Code   RO         7324    i._printf_pre_padding  mc_w.l(printfa.o)
    0x08006ff6   0x08006ff6   0x00000016   Code   RO         7325    i._snputc           mc_w.l(printfa.o)
    0x0800700c   0x0800700c   0x00000034   Code   RO         2312    i.fputc             drv_hal.o
    0x08007040   0x08007040   0x00000012   Code   RO            4    i.main              main.o
    0x08007052   0x08007052   0x00000002   PAD
    0x08007054   0x08007054   0x0000006c   Code   RO         7343    i.malloc            mc_w.l(malloc.o)
    0x080070c0   0x080070c0   0x0000004c   Code   RO         7057    i.sqrt              m_ws.l(sqrt.o)
    0x0800710c   0x0800710c   0x0000000e   Data   RO          523    .constdata          task_userinit.o
    0x0800711a   0x0800711a   0x0000000e   Data   RO          548    .constdata          task_adcollect.o
    0x08007128   0x08007128   0x00000010   Data   RO         1501    .constdata          ocd_ch438q.o
    0x08007138   0x08007138   0x00000018   Data   RO         6761    .constdata          system_stm32f1xx.o
    0x08007150   0x08007150   0x00000020   Data   RO         7446    Region$$Table       anon$$obj.o


    Execution Region RW_IRAM1 (Exec base: 0x20000000, Load base: 0x08007170, Size: 0x00001a30, Max: 0x0000c000, ABSOLUTE, COMPRESSED[0x00000378])

    Exec Addr    Load Addr    Size         Type   Attr      Idx    E Section Name        Object

    0x20000000   COMPRESSED   0x00000050   Data   RW          202    .data               usercode.o
    0x20000050   COMPRESSED   0x00000c84   Data   RW          305    .data               config.o
    0x20000cd4   COMPRESSED   0x00000010   Data   RW          575    .data               task_uart.o
    0x20000ce4   COMPRESSED   0x00000019   Data   RW          627    .data               task_depthometer.o
    0x20000cfd   COMPRESSED   0x0000000d   Data   RW          664    .data               task_manipulator.o
    0x20000d0a   COMPRESSED   0x00000002   Data   RW          702    .data               task_smp.o
    0x20000d0c   COMPRESSED   0x00000002   Data   RW          745    .data               task_tkc.o
    0x20000d0e   COMPRESSED   0x00000011   Data   RW          788    .data               task_voltage.o
    0x20000d1f   COMPRESSED   0x00000001   Data   RW         1502    .data               ocd_ch438q.o
    0x20000d20   COMPRESSED   0x00000004   Data   RW         2314    .data               drv_hal.o
    0x20000d24   COMPRESSED   0x00000009   Data   RW         3107    .data               stm32f1xx_hal.o
    0x20000d2d   COMPRESSED   0x00000003   PAD
    0x20000d30   COMPRESSED   0x00000004   Data   RW         6762    .data               system_stm32f1xx.o
    0x20000d34   COMPRESSED   0x00000294   Data   RW         6818    .data               ocd_ad24bit.lib(ocd_ad24bit.o)
    0x20000fc8   COMPRESSED   0x00000004   Data   RW         7422    .data               mc_w.l(mvars.o)
    0x20000fcc   COMPRESSED   0x00000004   Data   RW         7423    .data               mc_w.l(mvars.o)
    0x20000fd0   COMPRESSED   0x00000004   Data   RW         7427    .data               mc_w.l(errno.o)
    0x20000fd4        -       0x000000f0   Zero   RW          574    .bss                task_uart.o
    0x200010c4        -       0x00000014   Zero   RW          626    .bss                task_depthometer.o
    0x200010d8        -       0x00000014   Zero   RW          663    .bss                task_manipulator.o
    0x200010ec        -       0x00000156   Zero   RW          701    .bss                task_smp.o
    0x20001242   COMPRESSED   0x00000002   PAD
    0x20001244        -       0x00000088   Zero   RW          744    .bss                task_tkc.o
    0x200012cc        -       0x00000032   Zero   RW          787    .bss                task_voltage.o
    0x200012fe        -       0x00000032   Zero   RW         1500    .bss                ocd_ch438q.o
    0x20001330        -       0x00000100   Zero   RW         2313    .bss                drv_hal.o
    0x20001430        -       0x00000200   Zero   RW         6794    HEAP                startup_stm32f103xe.o
    0x20001630        -       0x00000400   Zero   RW         6793    STACK               startup_stm32f103xe.o


==============================================================================

Image component sizes


      Code (inc. data)   RO Data    RW Data    ZI Data      Debug   Object Name

         0          0          0       3204          0       1123   config.o
       556        112          0          4        256       9018   drv_hal.o
        12          0          0          0          0        479   drv_hal_delay.o
       594         36          0          0          0       3047   drv_hal_gpio.o
       376         60          0          0          0       3468   drv_hal_spi.o
       630         84          0          0          0       3527   drv_hal_timer.o
      2840        266          0          0          0       9467   drv_hal_uart.o
         0          0          0          0          0        564   ff.o
        18          0          0          0          0     494335   main.o
      1230         90         16          1         50       7065   ocd_ch438q.o
        36          8        304          0       1536        876   startup_stm32f103xe.o
       192         36          0          9          0       6437   stm32f1xx_hal.o
       314         22          0          0          0      30391   stm32f1xx_hal_cortex.o
      1778         28          0          0          0       5777   stm32f1xx_hal_dma.o
       872         44          0          0          0       3255   stm32f1xx_hal_gpio.o
      1784        110          0          0          0       5928   stm32f1xx_hal_rcc.o
      1432          6          0          0          0       6158   stm32f1xx_hal_spi.o
       820         44          0          0          0       6574   stm32f1xx_hal_tim.o
         4          0          0          0          0       1489   stm32f1xx_hal_tim_ex.o
      2078         38          0          0          0      15468   stm32f1xx_hal_uart.o
         2          0         24          4          0       1291   system_stm32f1xx.o
       596         62         14          0          0       1028   task_adcollect.o
       180         38          0         25         20       2088   task_depthometer.o
       336         82          0          0          0      10485   task_irq.o
       552         66          0         13         20       2420   task_manipulator.o
      1600        116          0          2        342       5241   task_smp.o
         8          0          0          0          0        428   task_sysinit.o
       496         44          0          2        136       2794   task_tkc.o
       626         74          0         16        240       2122   task_uart.o
       352        106         14          0          0        648   task_userinit.o
       404         50          0         17         50       2774   task_voltage.o
       548         90          0         80          0       4048   usercode.o

    ----------------------------------------------------------------------
     21298       1712        404       3380       2652     649813   Object Totals
         0          0         32          0          0          0   (incl. Generated)
        32          0          0          3          2          0   (incl. Padding)

    ----------------------------------------------------------------------

      Code (inc. data)   RO Data    RW Data    ZI Data      Debug   Library Member Name

        76          0          0          0          0         84   sqrt.o
        86          0          0          0          0          0   __dczerorl2.o
         0          0          0          0          0          0   entry.o
         0          0          0          0          0          0   entry10a.o
         0          0          0          0          0          0   entry11a.o
         8          4          0          0          0          0   entry2.o
         4          0          0          0          0          0   entry5.o
         0          0          0          0          0          0   entry7b.o
         0          0          0          0          0          0   entry8b.o
         8          4          0          0          0          0   entry9a.o
        12          6          0          4          0         68   errno.o
        30          0          0          0          0          0   handlers.o
        36          8          0          0          0         68   init.o
         0          0          0          0          0          0   iusefp.o
        30          0          0          0          0         68   llshl.o
        36          0          0          0          0         68   llsshr.o
        32          0          0          0          0         68   llushr.o
       108         16          0          0          0         84   malloc.o
        36          0          0          0          0         68   memcpya.o
        36          0          0          0          0        108   memseta.o
         0          0          0          8          0          0   mvars.o
      2324         94          0          0          0        600   printfa.o
        44          0          0          0          0         80   uidiv.o
        98          0          0          0          0         92   uldiv.o
        48          0          0          0          0         68   cdrcmple.o
        20          0          0          0          0         68   cfcmple.o
        56          0          0          0          0         88   d2f.o
       334          0          0          0          0        148   dadd.o
       222          0          0          0          0        100   ddiv.o
       186          0          0          0          0        176   depilogue.o
        48          0          0          0          0         68   dfixul.o
        34          0          0          0          0         76   dflti.o
        26          0          0          0          0         76   dfltui.o
       228          0          0          0          0         96   dmul.o
       162          0          0          0          0        100   dsqrt.o
       124          0          0          0          0         88   fdiv.o
       110          0          0          0          0        168   fepilogue.o
        50          0          0          0          0         68   ffixi.o
        40          0          0          0          0         68   ffixui.o
       100          0          0          0          0         76   fmul.o
      2538         46          0        660          0     427960   ocd_ad24bit.o

    ----------------------------------------------------------------------
      7338        178          0        672          0     430948   Library Totals
         8          0          0          0          0          0   (incl. Padding)

    ----------------------------------------------------------------------

      Code (inc. data)   RO Data    RW Data    ZI Data      Debug   Library Name

        76          0          0          0          0         84   m_ws.l
      2928        132          0         12          0       1372   mc_w.l
      1788          0          0          0          0       1532   mf_w.l
      2538         46          0        660          0     427960   ocd_ad24bit.lib

    ----------------------------------------------------------------------
      7338        178          0        672          0     430948   Library Totals

    ----------------------------------------------------------------------

==============================================================================


      Code (inc. data)   RO Data    RW Data    ZI Data      Debug   

     28636       1890        404       4052       2652    1069709   Grand Totals
     28636       1890        404        888       2652    1069709   ELF Image Totals (compressed)
     28636       1890        404        888          0          0   ROM Totals

==============================================================================

    Total RO  Size (Code + RO Data)                29040 (  28.36kB)
    Total RW  Size (RW Data + ZI Data)              6704 (   6.55kB)
    Total ROM Size (Code + RO Data + RW Data)      29928 (  29.23kB)

==============================================================================

